nohup: ignoring input
Dataset : mnist
Device  : cuda
No checkpoint found. Training from scratch.
Using checkpoint: None
Parameters : 19,158,352
Initial LR : 0.000100
Epoch    1/1000 | train: 1072.0506 (1.9728 bpd) | val: 1041.5175 (1.9166 bpd) | z_mean: 0.001 | z_std: 0.267 | lr: 0.000100
  New best model at epoch 1 (val: 1041.5175)
Epoch    2/1000 | train: 1012.3506 (1.8629 bpd) | val: 982.3830 (1.8078 bpd) | z_mean: 0.004 | z_std: 0.262 | lr: 0.000100
  New best model at epoch 2 (val: 982.3830)
Epoch    3/1000 | train: 952.9474 (1.7536 bpd) | val: 923.1726 (1.6988 bpd) | z_mean: -0.001 | z_std: 0.249 | lr: 0.000100
  New best model at epoch 3 (val: 923.1726)
Epoch    4/1000 | train: 894.3272 (1.6457 bpd) | val: 865.1692 (1.5921 bpd) | z_mean: 0.002 | z_std: 0.248 | lr: 0.000100
  New best model at epoch 4 (val: 865.1692)
Epoch    5/1000 | train: 836.7835 (1.5398 bpd) | val: 808.3168 (1.4874 bpd) | z_mean: -0.004 | z_std: 0.248 | lr: 0.000100
  New best model at epoch 5 (val: 808.3168)
Epoch    6/1000 | train: 780.4478 (1.4362 bpd) | val: 752.4904 (1.3847 bpd) | z_mean: 0.002 | z_std: 0.253 | lr: 0.000100
  New best model at epoch 6 (val: 752.4904)
Epoch    7/1000 | train: 725.3762 (1.3348 bpd) | val: 698.0698 (1.2846 bpd) | z_mean: 0.001 | z_std: 0.253 | lr: 0.000100
  New best model at epoch 7 (val: 698.0698)
Epoch    8/1000 | train: 671.7693 (1.2362 bpd) | val: 645.6362 (1.1881 bpd) | z_mean: -0.001 | z_std: 0.264 | lr: 0.000100
  New best model at epoch 8 (val: 645.6362)
Epoch    9/1000 | train: 620.1487 (1.1412 bpd) | val: 594.5334 (1.0940 bpd) | z_mean: 0.003 | z_std: 0.268 | lr: 0.000100
  New best model at epoch 9 (val: 594.5334)
Epoch   10/1000 | train: 570.1853 (1.0492 bpd) | val: 545.6327 (1.0041 bpd) | z_mean: 0.004 | z_std: 0.273 | lr: 0.000100
  New best model at epoch 10 (val: 545.6327)
Epoch   11/1000 | train: 522.1614 (0.9609 bpd) | val: 498.7117 (0.9177 bpd) | z_mean: -0.002 | z_std: 0.278 | lr: 0.000099
  New best model at epoch 11 (val: 498.7117)
Epoch   12/1000 | train: 476.1237 (0.8761 bpd) | val: 453.4718 (0.8345 bpd) | z_mean: 0.004 | z_std: 0.283 | lr: 0.000099
  New best model at epoch 12 (val: 453.4718)
Epoch   13/1000 | train: 431.9284 (0.7948 bpd) | val: 410.3477 (0.7551 bpd) | z_mean: 0.003 | z_std: 0.306 | lr: 0.000099
  New best model at epoch 13 (val: 410.3477)
Epoch   14/1000 | train: 389.7775 (0.7173 bpd) | val: 369.1911 (0.6794 bpd) | z_mean: 0.006 | z_std: 0.318 | lr: 0.000099
  New best model at epoch 14 (val: 369.1911)
Epoch   15/1000 | train: 349.4617 (0.6431 bpd) | val: 329.6313 (0.6066 bpd) | z_mean: 0.003 | z_std: 0.318 | lr: 0.000099
  New best model at epoch 15 (val: 329.6313)
Epoch   16/1000 | train: 310.8217 (0.5720 bpd) | val: 292.5067 (0.5383 bpd) | z_mean: -0.001 | z_std: 0.340 | lr: 0.000099
  New best model at epoch 16 (val: 292.5067)
Epoch   17/1000 | train: 274.5595 (0.5052 bpd) | val: 257.1149 (0.4731 bpd) | z_mean: 0.008 | z_std: 0.342 | lr: 0.000099
  New best model at epoch 17 (val: 257.1149)
Epoch   18/1000 | train: 240.6679 (0.4429 bpd) | val: 223.6008 (0.4115 bpd) | z_mean: 0.012 | z_std: 0.358 | lr: 0.000099
  New best model at epoch 18 (val: 223.6008)
Epoch   19/1000 | train: 207.7166 (0.3822 bpd) | val: 191.3826 (0.3522 bpd) | z_mean: -0.001 | z_std: 0.366 | lr: 0.000099
  New best model at epoch 19 (val: 191.3826)
Epoch   20/1000 | train: 176.2742 (0.3244 bpd) | val: 160.0338 (0.2945 bpd) | z_mean: 0.008 | z_std: 0.372 | lr: 0.000099
  New best model at epoch 20 (val: 160.0338)
Epoch   21/1000 | train: 143.7770 (0.2646 bpd) | val: 127.6461 (0.2349 bpd) | z_mean: 0.006 | z_std: 0.386 | lr: 0.000099
  New best model at epoch 21 (val: 127.6461)
Epoch   22/1000 | train: 113.7342 (0.2093 bpd) | val: 99.1725 (0.1825 bpd) | z_mean: 0.006 | z_std: 0.386 | lr: 0.000099
  New best model at epoch 22 (val: 99.1725)
Epoch   23/1000 | train: 84.6586 (0.1558 bpd) | val: 70.7508 (0.1302 bpd) | z_mean: 0.002 | z_std: 0.411 | lr: 0.000099
  New best model at epoch 23 (val: 70.7508)
Epoch   24/1000 | train: 57.4784 (0.1058 bpd) | val: 43.4814 (0.0800 bpd) | z_mean: 0.002 | z_std: 0.430 | lr: 0.000099
  New best model at epoch 24 (val: 43.4814)
Epoch   25/1000 | train: 29.8354 (0.0549 bpd) | val: 16.5981 (0.0305 bpd) | z_mean: 0.003 | z_std: 0.430 | lr: 0.000099
  New best model at epoch 25 (val: 16.5981)
Epoch   26/1000 | train: 3.5345 (0.0065 bpd) | val: -8.8510 (-0.0163 bpd) | z_mean: -0.004 | z_std: 0.437 | lr: 0.000099
  New best model at epoch 26 (val: -8.8510)
Epoch   27/1000 | train: -22.0099 (-0.0405 bpd) | val: -34.9099 (-0.0642 bpd) | z_mean: 0.014 | z_std: 0.453 | lr: 0.000099
  New best model at epoch 27 (val: -34.9099)
Epoch   28/1000 | train: -48.1282 (-0.0886 bpd) | val: -61.2610 (-0.1127 bpd) | z_mean: 0.003 | z_std: 0.459 | lr: 0.000099
  New best model at epoch 28 (val: -61.2610)
Epoch   29/1000 | train: -72.7219 (-0.1338 bpd) | val: -85.6097 (-0.1575 bpd) | z_mean: 0.005 | z_std: 0.458 | lr: 0.000099
  New best model at epoch 29 (val: -85.6097)
Epoch   30/1000 | train: -97.1922 (-0.1789 bpd) | val: -109.3733 (-0.2013 bpd) | z_mean: 0.005 | z_std: 0.488 | lr: 0.000099
  New best model at epoch 30 (val: -109.3733)
Epoch   31/1000 | train: -121.6025 (-0.2238 bpd) | val: -132.6701 (-0.2441 bpd) | z_mean: -0.012 | z_std: 0.505 | lr: 0.000098
  New best model at epoch 31 (val: -132.6701)
Epoch   32/1000 | train: -144.3481 (-0.2656 bpd) | val: -154.6366 (-0.2846 bpd) | z_mean: 0.009 | z_std: 0.521 | lr: 0.000098
  New best model at epoch 32 (val: -154.6366)
Epoch   33/1000 | train: -166.8685 (-0.3071 bpd) | val: -176.1485 (-0.3241 bpd) | z_mean: 0.001 | z_std: 0.524 | lr: 0.000098
  New best model at epoch 33 (val: -176.1485)
Epoch   34/1000 | train: -189.0322 (-0.3479 bpd) | val: -200.3355 (-0.3687 bpd) | z_mean: 0.000 | z_std: 0.541 | lr: 0.000098
  New best model at epoch 34 (val: -200.3355)
Epoch   35/1000 | train: -212.1148 (-0.3903 bpd) | val: -222.3749 (-0.4092 bpd) | z_mean: -0.007 | z_std: 0.531 | lr: 0.000098
  New best model at epoch 35 (val: -222.3749)
Epoch   36/1000 | train: -233.7216 (-0.4301 bpd) | val: -243.9970 (-0.4490 bpd) | z_mean: -0.012 | z_std: 0.548 | lr: 0.000098
  New best model at epoch 36 (val: -243.9970)
Epoch   37/1000 | train: -254.4093 (-0.4682 bpd) | val: -263.3873 (-0.4847 bpd) | z_mean: 0.001 | z_std: 0.553 | lr: 0.000098
  New best model at epoch 37 (val: -263.3873)
Epoch   38/1000 | train: -274.4204 (-0.5050 bpd) | val: -283.4236 (-0.5215 bpd) | z_mean: -0.011 | z_std: 0.577 | lr: 0.000098
  New best model at epoch 38 (val: -283.4236)
Epoch   39/1000 | train: -293.7540 (-0.5406 bpd) | val: -302.2083 (-0.5561 bpd) | z_mean: 0.007 | z_std: 0.595 | lr: 0.000098
  New best model at epoch 39 (val: -302.2083)
Epoch   40/1000 | train: -313.2787 (-0.5765 bpd) | val: -321.8491 (-0.5923 bpd) | z_mean: 0.010 | z_std: 0.607 | lr: 0.000098
  New best model at epoch 40 (val: -321.8491)
Epoch   41/1000 | train: -333.6113 (-0.6139 bpd) | val: -340.7232 (-0.6270 bpd) | z_mean: 0.003 | z_std: 0.617 | lr: 0.000098
  New best model at epoch 41 (val: -340.7232)
Epoch   42/1000 | train: -352.1859 (-0.6481 bpd) | val: -360.5955 (-0.6636 bpd) | z_mean: 0.003 | z_std: 0.622 | lr: 0.000098
  New best model at epoch 42 (val: -360.5955)
Epoch   43/1000 | train: -370.5055 (-0.6818 bpd) | val: -379.3409 (-0.6981 bpd) | z_mean: -0.001 | z_std: 0.625 | lr: 0.000098
  New best model at epoch 43 (val: -379.3409)
Epoch   44/1000 | train: -388.3740 (-0.7147 bpd) | val: -396.4688 (-0.7296 bpd) | z_mean: 0.001 | z_std: 0.645 | lr: 0.000098
  New best model at epoch 44 (val: -396.4688)
Epoch   45/1000 | train: -406.1038 (-0.7473 bpd) | val: -414.0824 (-0.7620 bpd) | z_mean: -0.010 | z_std: 0.655 | lr: 0.000098
  New best model at epoch 45 (val: -414.0824)
Epoch   46/1000 | train: -423.8185 (-0.7799 bpd) | val: -429.6918 (-0.7907 bpd) | z_mean: 0.001 | z_std: 0.691 | lr: 0.000098
  New best model at epoch 46 (val: -429.6918)
Epoch   47/1000 | train: -440.4646 (-0.8105 bpd) | val: -447.6584 (-0.8238 bpd) | z_mean: 0.014 | z_std: 0.675 | lr: 0.000098
  New best model at epoch 47 (val: -447.6584)
Epoch   48/1000 | train: -457.5632 (-0.8420 bpd) | val: -463.3557 (-0.8527 bpd) | z_mean: 0.017 | z_std: 0.691 | lr: 0.000098
  New best model at epoch 48 (val: -463.3557)
Epoch   49/1000 | train: -472.9714 (-0.8703 bpd) | val: -478.7334 (-0.8810 bpd) | z_mean: 0.015 | z_std: 0.694 | lr: 0.000098
  New best model at epoch 49 (val: -478.7334)
Epoch   50/1000 | train: -488.5558 (-0.8990 bpd) | val: -493.3024 (-0.9078 bpd) | z_mean: 0.004 | z_std: 0.735 | lr: 0.000098
  New best model at epoch 50 (val: -493.3024)
Epoch   51/1000 | train: -503.7011 (-0.9269 bpd) | val: -509.0045 (-0.9367 bpd) | z_mean: 0.005 | z_std: 0.736 | lr: 0.000097
  New best model at epoch 51 (val: -509.0045)
Epoch   52/1000 | train: -518.7231 (-0.9545 bpd) | val: -523.3712 (-0.9631 bpd) | z_mean: 0.007 | z_std: 0.783 | lr: 0.000097
  New best model at epoch 52 (val: -523.3712)
Epoch   53/1000 | train: -532.6626 (-0.9802 bpd) | val: -536.1179 (-0.9865 bpd) | z_mean: 0.012 | z_std: 0.792 | lr: 0.000097
  New best model at epoch 53 (val: -536.1179)
Epoch   54/1000 | train: -547.3066 (-1.0071 bpd) | val: -550.6286 (-1.0133 bpd) | z_mean: 0.014 | z_std: 0.795 | lr: 0.000097
  New best model at epoch 54 (val: -550.6286)
Epoch   55/1000 | train: -561.0184 (-1.0324 bpd) | val: -565.2704 (-1.0402 bpd) | z_mean: 0.002 | z_std: 0.794 | lr: 0.000097
  New best model at epoch 55 (val: -565.2704)
Epoch   56/1000 | train: -575.2576 (-1.0586 bpd) | val: -579.1088 (-1.0657 bpd) | z_mean: 0.018 | z_std: 0.808 | lr: 0.000097
  New best model at epoch 56 (val: -579.1088)
Epoch   57/1000 | train: -587.5188 (-1.0811 bpd) | val: -591.2609 (-1.0880 bpd) | z_mean: 0.016 | z_std: 0.825 | lr: 0.000097
  New best model at epoch 57 (val: -591.2609)
Epoch   58/1000 | train: -600.7122 (-1.1054 bpd) | val: -602.3241 (-1.1084 bpd) | z_mean: 0.019 | z_std: 0.843 | lr: 0.000097
  New best model at epoch 58 (val: -602.3241)
Epoch   59/1000 | train: -613.7858 (-1.1295 bpd) | val: -617.2668 (-1.1359 bpd) | z_mean: 0.011 | z_std: 0.840 | lr: 0.000097
  New best model at epoch 59 (val: -617.2668)
Epoch   60/1000 | train: -625.7776 (-1.1515 bpd) | val: -627.1047 (-1.1540 bpd) | z_mean: 0.027 | z_std: 0.863 | lr: 0.000097
  New best model at epoch 60 (val: -627.1047)
Epoch   61/1000 | train: -637.8632 (-1.1738 bpd) | val: -640.5134 (-1.1787 bpd) | z_mean: 0.039 | z_std: 0.877 | lr: 0.000097
  New best model at epoch 61 (val: -640.5134)
Epoch   62/1000 | train: -649.4270 (-1.1951 bpd) | val: -652.0663 (-1.1999 bpd) | z_mean: -0.001 | z_std: 0.876 | lr: 0.000097
  New best model at epoch 62 (val: -652.0663)
Epoch   63/1000 | train: -660.9460 (-1.2163 bpd) | val: -658.8366 (-1.2124 bpd) | z_mean: 0.054 | z_std: 0.889 | lr: 0.000097
  New best model at epoch 63 (val: -658.8366)
Epoch   64/1000 | train: -672.1481 (-1.2369 bpd) | val: -673.3739 (-1.2391 bpd) | z_mean: 0.008 | z_std: 0.896 | lr: 0.000097
  New best model at epoch 64 (val: -673.3739)
Epoch   65/1000 | train: -682.4218 (-1.2558 bpd) | val: -681.9885 (-1.2550 bpd) | z_mean: -0.027 | z_std: 0.906 | lr: 0.000097
  New best model at epoch 65 (val: -681.9885)
Epoch   66/1000 | train: -693.4072 (-1.2760 bpd) | val: -696.8708 (-1.2824 bpd) | z_mean: 0.000 | z_std: 0.907 | lr: 0.000097
  New best model at epoch 66 (val: -696.8708)
Epoch   67/1000 | train: -703.8480 (-1.2952 bpd) | val: -705.2507 (-1.2978 bpd) | z_mean: 0.014 | z_std: 0.948 | lr: 0.000097
  New best model at epoch 67 (val: -705.2507)
Epoch   68/1000 | train: -713.7707 (-1.3135 bpd) | val: -714.0658 (-1.3140 bpd) | z_mean: 0.012 | z_std: 0.930 | lr: 0.000097
  New best model at epoch 68 (val: -714.0658)
Epoch   69/1000 | train: -723.4941 (-1.3314 bpd) | val: -721.8661 (-1.3284 bpd) | z_mean: -0.001 | z_std: 0.960 | lr: 0.000097
  New best model at epoch 69 (val: -721.8661)
Epoch   70/1000 | train: -733.3686 (-1.3495 bpd) | val: -733.1725 (-1.3492 bpd) | z_mean: -0.012 | z_std: 0.962 | lr: 0.000097
  New best model at epoch 70 (val: -733.1725)
Epoch   71/1000 | train: -742.2942 (-1.3659 bpd) | val: -742.3054 (-1.3660 bpd) | z_mean: 0.009 | z_std: 0.974 | lr: 0.000097
  New best model at epoch 71 (val: -742.3054)
Epoch   72/1000 | train: -750.6391 (-1.3813 bpd) | val: -750.7651 (-1.3815 bpd) | z_mean: 0.009 | z_std: 0.956 | lr: 0.000096
  New best model at epoch 72 (val: -750.7651)
Epoch   73/1000 | train: -759.0355 (-1.3968 bpd) | val: -754.3438 (-1.3881 bpd) | z_mean: 0.021 | z_std: 1.024 | lr: 0.000096
  New best model at epoch 73 (val: -754.3438)
Epoch   74/1000 | train: -766.9926 (-1.4114 bpd) | val: -763.9812 (-1.4059 bpd) | z_mean: 0.035 | z_std: 1.018 | lr: 0.000096
  New best model at epoch 74 (val: -763.9812)
Epoch   75/1000 | train: -775.1710 (-1.4264 bpd) | val: -774.1605 (-1.4246 bpd) | z_mean: 0.023 | z_std: 1.013 | lr: 0.000096
  New best model at epoch 75 (val: -774.1605)
Epoch   76/1000 | train: -783.7126 (-1.4422 bpd) | val: -781.8751 (-1.4388 bpd) | z_mean: 0.026 | z_std: 1.029 | lr: 0.000096
  New best model at epoch 76 (val: -781.8751)
Epoch   77/1000 | train: -791.4408 (-1.4564 bpd) | val: -792.3020 (-1.4580 bpd) | z_mean: 0.005 | z_std: 1.008 | lr: 0.000096
  New best model at epoch 77 (val: -792.3020)
Epoch   78/1000 | train: -798.1811 (-1.4688 bpd) | val: -796.7305 (-1.4661 bpd) | z_mean: 0.011 | z_std: 1.063 | lr: 0.000096
  New best model at epoch 78 (val: -796.7305)
Epoch   79/1000 | train: -805.6431 (-1.4825 bpd) | val: -800.5293 (-1.4731 bpd) | z_mean: 0.012 | z_std: 1.038 | lr: 0.000096
  New best model at epoch 79 (val: -800.5293)
Epoch   80/1000 | train: -813.2116 (-1.4964 bpd) | val: -811.4487 (-1.4932 bpd) | z_mean: 0.034 | z_std: 1.028 | lr: 0.000096
  New best model at epoch 80 (val: -811.4487)
Epoch   81/1000 | train: -819.6400 (-1.5083 bpd) | val: -815.9790 (-1.5015 bpd) | z_mean: 0.029 | z_std: 1.089 | lr: 0.000096
  New best model at epoch 81 (val: -815.9790)
Epoch   82/1000 | train: -826.1114 (-1.5202 bpd) | val: -822.6234 (-1.5138 bpd) | z_mean: 0.034 | z_std: 1.096 | lr: 0.000096
  New best model at epoch 82 (val: -822.6234)
Epoch   83/1000 | train: -831.9205 (-1.5309 bpd) | val: -827.2656 (-1.5223 bpd) | z_mean: 0.009 | z_std: 1.102 | lr: 0.000096
  New best model at epoch 83 (val: -827.2656)
Epoch   84/1000 | train: -838.5351 (-1.5430 bpd) | val: -835.4511 (-1.5374 bpd) | z_mean: 0.005 | z_std: 1.112 | lr: 0.000096
  New best model at epoch 84 (val: -835.4511)
Epoch   85/1000 | train: -844.1357 (-1.5534 bpd) | val: -839.8676 (-1.5455 bpd) | z_mean: 0.028 | z_std: 1.093 | lr: 0.000096
  New best model at epoch 85 (val: -839.8676)
Epoch   86/1000 | train: -850.5162 (-1.5651 bpd) | val: -843.6022 (-1.5524 bpd) | z_mean: 0.013 | z_std: 1.130 | lr: 0.000096
  New best model at epoch 86 (val: -843.6022)
Epoch   87/1000 | train: -855.8577 (-1.5749 bpd) | val: -852.8778 (-1.5694 bpd) | z_mean: 0.024 | z_std: 1.082 | lr: 0.000096
  New best model at epoch 87 (val: -852.8778)
Epoch   88/1000 | train: -861.1959 (-1.5847 bpd) | val: -859.4814 (-1.5816 bpd) | z_mean: 0.018 | z_std: 1.109 | lr: 0.000096
  New best model at epoch 88 (val: -859.4814)
Epoch   89/1000 | train: -867.3304 (-1.5960 bpd) | val: -860.9089 (-1.5842 bpd) | z_mean: 0.021 | z_std: 1.123 | lr: 0.000096
  New best model at epoch 89 (val: -860.9089)
Epoch   90/1000 | train: -872.8371 (-1.6062 bpd) | val: -857.8328 (-1.5786 bpd) | z_mean: 0.002 | z_std: 1.146 | lr: 0.000096
Epoch   91/1000 | train: -876.5993 (-1.6131 bpd) | val: -867.3933 (-1.5962 bpd) | z_mean: -0.008 | z_std: 1.134 | lr: 0.000096
  New best model at epoch 91 (val: -867.3933)
Epoch   92/1000 | train: -881.1932 (-1.6215 bpd) | val: -876.6430 (-1.6132 bpd) | z_mean: 0.019 | z_std: 1.138 | lr: 0.000096
  New best model at epoch 92 (val: -876.6430)
Epoch   93/1000 | train: -886.6915 (-1.6317 bpd) | val: -880.6392 (-1.6205 bpd) | z_mean: 0.015 | z_std: 1.126 | lr: 0.000095
  New best model at epoch 93 (val: -880.6392)
Epoch   94/1000 | train: -891.0005 (-1.6396 bpd) | val: -884.1576 (-1.6270 bpd) | z_mean: 0.008 | z_std: 1.133 | lr: 0.000095
  New best model at epoch 94 (val: -884.1576)
Epoch   95/1000 | train: -895.5884 (-1.6480 bpd) | val: -887.1878 (-1.6326 bpd) | z_mean: 0.049 | z_std: 1.086 | lr: 0.000095
  New best model at epoch 95 (val: -887.1878)
Epoch   96/1000 | train: -900.8498 (-1.6577 bpd) | val: -893.2191 (-1.6437 bpd) | z_mean: 0.034 | z_std: 1.173 | lr: 0.000095
  New best model at epoch 96 (val: -893.2191)
Epoch   97/1000 | train: -904.2604 (-1.6640 bpd) | val: -898.4633 (-1.6533 bpd) | z_mean: 0.002 | z_std: 1.172 | lr: 0.000095
  New best model at epoch 97 (val: -898.4633)
Epoch   98/1000 | train: -908.1056 (-1.6711 bpd) | val: -903.8913 (-1.6633 bpd) | z_mean: 0.016 | z_std: 1.151 | lr: 0.000095
  New best model at epoch 98 (val: -903.8913)
Epoch   99/1000 | train: -912.3759 (-1.6789 bpd) | val: -907.4642 (-1.6699 bpd) | z_mean: -0.003 | z_std: 1.113 | lr: 0.000095
  New best model at epoch 99 (val: -907.4642)
Epoch  100/1000 | train: -916.6322 (-1.6868 bpd) | val: -904.7227 (-1.6648 bpd) | z_mean: 0.042 | z_std: 1.168 | lr: 0.000095
Epoch  101/1000 | train: -920.7795 (-1.6944 bpd) | val: -912.6485 (-1.6794 bpd) | z_mean: 0.012 | z_std: 1.197 | lr: 0.000095
  New best model at epoch 101 (val: -912.6485)
Epoch  102/1000 | train: -923.7920 (-1.6999 bpd) | val: -911.4205 (-1.6772 bpd) | z_mean: 0.034 | z_std: 1.182 | lr: 0.000095
Epoch  103/1000 | train: -927.1060 (-1.7060 bpd) | val: -919.7158 (-1.6924 bpd) | z_mean: 0.036 | z_std: 1.155 | lr: 0.000095
  New best model at epoch 103 (val: -919.7158)
Epoch  104/1000 | train: -930.2273 (-1.7118 bpd) | val: -921.6578 (-1.6960 bpd) | z_mean: 0.028 | z_std: 1.213 | lr: 0.000095
  New best model at epoch 104 (val: -921.6578)
Epoch  105/1000 | train: -933.7287 (-1.7182 bpd) | val: -922.0299 (-1.6967 bpd) | z_mean: -0.004 | z_std: 1.188 | lr: 0.000095
  New best model at epoch 105 (val: -922.0299)
Epoch  106/1000 | train: -937.5888 (-1.7253 bpd) | val: -925.5438 (-1.7032 bpd) | z_mean: 0.025 | z_std: 1.187 | lr: 0.000095
  New best model at epoch 106 (val: -925.5438)
Epoch  107/1000 | train: -940.3763 (-1.7305 bpd) | val: -932.9439 (-1.7168 bpd) | z_mean: 0.008 | z_std: 1.173 | lr: 0.000095
  New best model at epoch 107 (val: -932.9439)
Epoch  108/1000 | train: -944.4073 (-1.7379 bpd) | val: -934.9265 (-1.7204 bpd) | z_mean: 0.035 | z_std: 1.206 | lr: 0.000095
  New best model at epoch 108 (val: -934.9265)
Epoch  109/1000 | train: -946.7784 (-1.7422 bpd) | val: -936.9588 (-1.7242 bpd) | z_mean: 0.019 | z_std: 1.157 | lr: 0.000095
  New best model at epoch 109 (val: -936.9588)
Epoch  110/1000 | train: -949.5468 (-1.7473 bpd) | val: -940.3085 (-1.7303 bpd) | z_mean: 0.009 | z_std: 1.212 | lr: 0.000095
  New best model at epoch 110 (val: -940.3085)
Epoch  111/1000 | train: -952.7115 (-1.7532 bpd) | val: -944.1075 (-1.7373 bpd) | z_mean: 0.020 | z_std: 1.181 | lr: 0.000095
  New best model at epoch 111 (val: -944.1075)
Epoch  112/1000 | train: -954.9727 (-1.7573 bpd) | val: -947.9991 (-1.7445 bpd) | z_mean: 0.010 | z_std: 1.184 | lr: 0.000095
  New best model at epoch 112 (val: -947.9991)
Epoch  113/1000 | train: -958.2712 (-1.7634 bpd) | val: -946.7209 (-1.7421 bpd) | z_mean: 0.020 | z_std: 1.210 | lr: 0.000095
Epoch  114/1000 | train: -960.4399 (-1.7674 bpd) | val: -947.7843 (-1.7441 bpd) | z_mean: 0.037 | z_std: 1.191 | lr: 0.000094
Epoch  115/1000 | train: -963.2353 (-1.7725 bpd) | val: -945.9317 (-1.7407 bpd) | z_mean: -0.008 | z_std: 1.245 | lr: 0.000094
Epoch  116/1000 | train: -965.8820 (-1.7774 bpd) | val: -953.5509 (-1.7547 bpd) | z_mean: 0.027 | z_std: 1.227 | lr: 0.000094
  New best model at epoch 116 (val: -953.5509)
Epoch  117/1000 | train: -968.2505 (-1.7817 bpd) | val: -951.9361 (-1.7517 bpd) | z_mean: 0.026 | z_std: 1.233 | lr: 0.000094
Epoch  118/1000 | train: -970.4827 (-1.7859 bpd) | val: -954.4035 (-1.7563 bpd) | z_mean: 0.010 | z_std: 1.185 | lr: 0.000094
  New best model at epoch 118 (val: -954.4035)
Epoch  119/1000 | train: -972.7325 (-1.7900 bpd) | val: -961.5518 (-1.7694 bpd) | z_mean: 0.036 | z_std: 1.213 | lr: 0.000094
  New best model at epoch 119 (val: -961.5518)
Epoch  120/1000 | train: -975.2642 (-1.7947 bpd) | val: -958.5640 (-1.7639 bpd) | z_mean: 0.037 | z_std: 1.233 | lr: 0.000094
Epoch  121/1000 | train: -977.6441 (-1.7990 bpd) | val: -964.1766 (-1.7743 bpd) | z_mean: 0.027 | z_std: 1.221 | lr: 0.000094
  New best model at epoch 121 (val: -964.1766)
Epoch  122/1000 | train: -979.0313 (-1.8016 bpd) | val: -970.2392 (-1.7854 bpd) | z_mean: 0.010 | z_std: 1.184 | lr: 0.000094
  New best model at epoch 122 (val: -970.2392)
Epoch  123/1000 | train: -980.8488 (-1.8049 bpd) | val: -972.9050 (-1.7903 bpd) | z_mean: 0.022 | z_std: 1.209 | lr: 0.000094
  New best model at epoch 123 (val: -972.9050)
Epoch  124/1000 | train: -983.2895 (-1.8094 bpd) | val: -972.9877 (-1.7905 bpd) | z_mean: 0.014 | z_std: 1.223 | lr: 0.000094
  New best model at epoch 124 (val: -972.9877)
Epoch  125/1000 | train: -985.6491 (-1.8138 bpd) | val: -974.6308 (-1.7935 bpd) | z_mean: 0.037 | z_std: 1.168 | lr: 0.000094
  New best model at epoch 125 (val: -974.6308)
Epoch  126/1000 | train: -986.8834 (-1.8160 bpd) | val: -975.2839 (-1.7947 bpd) | z_mean: 0.024 | z_std: 1.247 | lr: 0.000094
  New best model at epoch 126 (val: -975.2839)
Epoch  127/1000 | train: -989.3212 (-1.8205 bpd) | val: -972.2174 (-1.7890 bpd) | z_mean: 0.076 | z_std: 1.250 | lr: 0.000094
Epoch  128/1000 | train: -990.9960 (-1.8236 bpd) | val: -977.4943 (-1.7988 bpd) | z_mean: 0.001 | z_std: 1.172 | lr: 0.000094
  New best model at epoch 128 (val: -977.4943)
Epoch  129/1000 | train: -992.8861 (-1.8271 bpd) | val: -981.6545 (-1.8064 bpd) | z_mean: 0.021 | z_std: 1.236 | lr: 0.000094
  New best model at epoch 129 (val: -981.6545)
Epoch  130/1000 | train: -993.1687 (-1.8276 bpd) | val: -976.5598 (-1.7970 bpd) | z_mean: 0.029 | z_std: 1.240 | lr: 0.000094
Epoch  131/1000 | train: -995.4904 (-1.8319 bpd) | val: -984.3499 (-1.8114 bpd) | z_mean: 0.034 | z_std: 1.178 | lr: 0.000094
  New best model at epoch 131 (val: -984.3499)
Epoch  132/1000 | train: -997.8463 (-1.8362 bpd) | val: -983.8703 (-1.8105 bpd) | z_mean: 0.037 | z_std: 1.216 | lr: 0.000094
Epoch  133/1000 | train: -999.8226 (-1.8398 bpd) | val: -985.9930 (-1.8144 bpd) | z_mean: -0.006 | z_std: 1.181 | lr: 0.000094
  New best model at epoch 133 (val: -985.9930)
Epoch  134/1000 | train: -1000.8853 (-1.8418 bpd) | val: -987.2371 (-1.8167 bpd) | z_mean: 0.009 | z_std: 1.218 | lr: 0.000094
  New best model at epoch 134 (val: -987.2371)
Epoch  135/1000 | train: -1003.1449 (-1.8460 bpd) | val: -990.3713 (-1.8225 bpd) | z_mean: 0.022 | z_std: 1.215 | lr: 0.000093
  New best model at epoch 135 (val: -990.3713)
Epoch  136/1000 | train: -1005.1094 (-1.8496 bpd) | val: -992.5171 (-1.8264 bpd) | z_mean: 0.027 | z_std: 1.227 | lr: 0.000093
  New best model at epoch 136 (val: -992.5171)
Epoch  137/1000 | train: -1006.2777 (-1.8517 bpd) | val: -992.2873 (-1.8260 bpd) | z_mean: 0.023 | z_std: 1.214 | lr: 0.000093
Epoch  138/1000 | train: -1007.4913 (-1.8540 bpd) | val: -994.0282 (-1.8292 bpd) | z_mean: 0.030 | z_std: 1.238 | lr: 0.000093
  New best model at epoch 138 (val: -994.0282)
Epoch  139/1000 | train: -1009.1034 (-1.8569 bpd) | val: -994.6498 (-1.8303 bpd) | z_mean: 0.013 | z_std: 1.208 | lr: 0.000093
  New best model at epoch 139 (val: -994.6498)
Epoch  140/1000 | train: -1010.5580 (-1.8596 bpd) | val: -995.6541 (-1.8322 bpd) | z_mean: 0.016 | z_std: 1.217 | lr: 0.000093
  New best model at epoch 140 (val: -995.6541)
Epoch  141/1000 | train: -1011.7624 (-1.8618 bpd) | val: -997.0133 (-1.8347 bpd) | z_mean: 0.010 | z_std: 1.187 | lr: 0.000093
  New best model at epoch 141 (val: -997.0133)
Epoch  142/1000 | train: -1013.6652 (-1.8653 bpd) | val: -1000.8674 (-1.8418 bpd) | z_mean: 0.012 | z_std: 1.192 | lr: 0.000093
  New best model at epoch 142 (val: -1000.8674)
Epoch  143/1000 | train: -1014.0996 (-1.8661 bpd) | val: -1000.4175 (-1.8409 bpd) | z_mean: 0.029 | z_std: 1.197 | lr: 0.000093
Epoch  144/1000 | train: -1015.5183 (-1.8687 bpd) | val: -1003.7176 (-1.8470 bpd) | z_mean: 0.024 | z_std: 1.198 | lr: 0.000093
  New best model at epoch 144 (val: -1003.7176)
Epoch  145/1000 | train: -1016.8819 (-1.8712 bpd) | val: -1004.4217 (-1.8483 bpd) | z_mean: 0.023 | z_std: 1.214 | lr: 0.000093
  New best model at epoch 145 (val: -1004.4217)
Epoch  146/1000 | train: -1018.7950 (-1.8748 bpd) | val: -1005.6162 (-1.8505 bpd) | z_mean: 0.044 | z_std: 1.224 | lr: 0.000093
  New best model at epoch 146 (val: -1005.6162)
Epoch  147/1000 | train: -1020.4687 (-1.8778 bpd) | val: -1005.5925 (-1.8505 bpd) | z_mean: 0.029 | z_std: 1.231 | lr: 0.000093
Epoch  148/1000 | train: -1020.7304 (-1.8783 bpd) | val: -1006.3624 (-1.8519 bpd) | z_mean: 0.028 | z_std: 1.230 | lr: 0.000093
  New best model at epoch 148 (val: -1006.3624)
Epoch  149/1000 | train: -1021.6767 (-1.8801 bpd) | val: -1010.0424 (-1.8587 bpd) | z_mean: 0.023 | z_std: 1.209 | lr: 0.000093
  New best model at epoch 149 (val: -1010.0424)
Epoch  150/1000 | train: -1023.0612 (-1.8826 bpd) | val: -1007.3306 (-1.8537 bpd) | z_mean: 0.051 | z_std: 1.202 | lr: 0.000093
Epoch  151/1000 | train: -1024.5255 (-1.8853 bpd) | val: -1010.1038 (-1.8588 bpd) | z_mean: 0.009 | z_std: 1.200 | lr: 0.000093
  New best model at epoch 151 (val: -1010.1038)
Epoch  152/1000 | train: -1025.4592 (-1.8870 bpd) | val: -1009.9768 (-1.8585 bpd) | z_mean: 0.026 | z_std: 1.161 | lr: 0.000093
Epoch  153/1000 | train: -1026.9903 (-1.8898 bpd) | val: -1010.1845 (-1.8589 bpd) | z_mean: 0.020 | z_std: 1.212 | lr: 0.000093
  New best model at epoch 153 (val: -1010.1845)
Epoch  154/1000 | train: -1028.0683 (-1.8918 bpd) | val: -1012.6458 (-1.8634 bpd) | z_mean: 0.008 | z_std: 1.196 | lr: 0.000093
  New best model at epoch 154 (val: -1012.6458)
Epoch  155/1000 | train: -1028.9388 (-1.8934 bpd) | val: -1011.6377 (-1.8616 bpd) | z_mean: -0.000 | z_std: 1.196 | lr: 0.000093
Epoch  156/1000 | train: -1030.3540 (-1.8960 bpd) | val: -1015.0181 (-1.8678 bpd) | z_mean: 0.019 | z_std: 1.184 | lr: 0.000092
  New best model at epoch 156 (val: -1015.0181)
Epoch  157/1000 | train: -1031.9592 (-1.8990 bpd) | val: -1015.2670 (-1.8683 bpd) | z_mean: -0.002 | z_std: 1.165 | lr: 0.000092
  New best model at epoch 157 (val: -1015.2670)
Epoch  158/1000 | train: -1032.3894 (-1.8998 bpd) | val: -1016.2862 (-1.8701 bpd) | z_mean: 0.048 | z_std: 1.226 | lr: 0.000092
  New best model at epoch 158 (val: -1016.2862)
Epoch  159/1000 | train: -1032.9529 (-1.9008 bpd) | val: -1018.6466 (-1.8745 bpd) | z_mean: 0.026 | z_std: 1.197 | lr: 0.000092
  New best model at epoch 159 (val: -1018.6466)
Epoch  160/1000 | train: -1034.6166 (-1.9039 bpd) | val: -1020.0044 (-1.8770 bpd) | z_mean: 0.034 | z_std: 1.212 | lr: 0.000092
  New best model at epoch 160 (val: -1020.0044)
Epoch  161/1000 | train: -1035.1433 (-1.9048 bpd) | val: -1017.7481 (-1.8728 bpd) | z_mean: 0.029 | z_std: 1.203 | lr: 0.000092
Epoch  162/1000 | train: -1036.5024 (-1.9073 bpd) | val: -1021.4105 (-1.8796 bpd) | z_mean: 0.023 | z_std: 1.141 | lr: 0.000092
  New best model at epoch 162 (val: -1021.4105)
Epoch  163/1000 | train: -1037.5567 (-1.9093 bpd) | val: -1024.0467 (-1.8844 bpd) | z_mean: -0.000 | z_std: 1.206 | lr: 0.000092
  New best model at epoch 163 (val: -1024.0467)
Epoch  164/1000 | train: -1037.8601 (-1.9098 bpd) | val: -1019.2102 (-1.8755 bpd) | z_mean: 0.021 | z_std: 1.226 | lr: 0.000092
Epoch  165/1000 | train: -1038.7387 (-1.9115 bpd) | val: -1021.4747 (-1.8797 bpd) | z_mean: 0.010 | z_std: 1.217 | lr: 0.000092
Epoch  166/1000 | train: -1039.7936 (-1.9134 bpd) | val: -1023.1567 (-1.8828 bpd) | z_mean: 0.017 | z_std: 1.127 | lr: 0.000092
Epoch  167/1000 | train: -1041.0150 (-1.9156 bpd) | val: -1024.1079 (-1.8845 bpd) | z_mean: 0.020 | z_std: 1.182 | lr: 0.000092
  New best model at epoch 167 (val: -1024.1079)
Epoch  168/1000 | train: -1041.4659 (-1.9165 bpd) | val: -1024.8193 (-1.8858 bpd) | z_mean: 0.018 | z_std: 1.185 | lr: 0.000092
  New best model at epoch 168 (val: -1024.8193)
Epoch  169/1000 | train: -1042.9896 (-1.9193 bpd) | val: -1017.5113 (-1.8724 bpd) | z_mean: 0.042 | z_std: 1.229 | lr: 0.000092
Epoch  170/1000 | train: -1043.3085 (-1.9199 bpd) | val: -1024.3877 (-1.8850 bpd) | z_mean: 0.011 | z_std: 1.177 | lr: 0.000092
Epoch  171/1000 | train: -1044.4999 (-1.9221 bpd) | val: -1027.9199 (-1.8915 bpd) | z_mean: 0.009 | z_std: 1.155 | lr: 0.000092
  New best model at epoch 171 (val: -1027.9199)
Epoch  172/1000 | train: -1045.4816 (-1.9239 bpd) | val: -1021.5992 (-1.8799 bpd) | z_mean: -0.010 | z_std: 1.217 | lr: 0.000092
Epoch  173/1000 | train: -1046.0453 (-1.9249 bpd) | val: -1027.3489 (-1.8905 bpd) | z_mean: 0.022 | z_std: 1.187 | lr: 0.000092
Epoch  174/1000 | train: -1047.9763 (-1.9285 bpd) | val: -1033.1554 (-1.9012 bpd) | z_mean: 0.025 | z_std: 1.125 | lr: 0.000092
  New best model at epoch 174 (val: -1033.1554)
Epoch  175/1000 | train: -1048.0765 (-1.9286 bpd) | val: -1032.4226 (-1.8998 bpd) | z_mean: 0.027 | z_std: 1.183 | lr: 0.000092
Epoch  176/1000 | train: -1048.8541 (-1.9301 bpd) | val: -1031.4687 (-1.8981 bpd) | z_mean: 0.020 | z_std: 1.214 | lr: 0.000092
Epoch  177/1000 | train: -1049.6701 (-1.9316 bpd) | val: -1028.1059 (-1.8919 bpd) | z_mean: 0.025 | z_std: 1.224 | lr: 0.000092
Epoch  178/1000 | train: -1050.4530 (-1.9330 bpd) | val: -1027.5508 (-1.8909 bpd) | z_mean: 0.008 | z_std: 1.185 | lr: 0.000091
Epoch  179/1000 | train: -1051.7263 (-1.9354 bpd) | val: -1033.8880 (-1.9025 bpd) | z_mean: 0.022 | z_std: 1.166 | lr: 0.000091
  New best model at epoch 179 (val: -1033.8880)
Epoch  180/1000 | train: -1052.2926 (-1.9364 bpd) | val: -1035.1194 (-1.9048 bpd) | z_mean: 0.007 | z_std: 1.162 | lr: 0.000091
  New best model at epoch 180 (val: -1035.1194)
Epoch  181/1000 | train: -1053.1218 (-1.9379 bpd) | val: -1031.6334 (-1.8984 bpd) | z_mean: 0.044 | z_std: 1.227 | lr: 0.000091
Epoch  182/1000 | train: -1053.8315 (-1.9392 bpd) | val: -1037.2750 (-1.9088 bpd) | z_mean: 0.026 | z_std: 1.151 | lr: 0.000091
  New best model at epoch 182 (val: -1037.2750)
Epoch  183/1000 | train: -1054.8253 (-1.9411 bpd) | val: -1027.4558 (-1.8907 bpd) | z_mean: -0.038 | z_std: 1.184 | lr: 0.000091
Epoch  184/1000 | train: -1055.3367 (-1.9420 bpd) | val: -1037.5765 (-1.9093 bpd) | z_mean: 0.026 | z_std: 1.182 | lr: 0.000091
  New best model at epoch 184 (val: -1037.5765)
Epoch  185/1000 | train: -1055.9413 (-1.9431 bpd) | val: -1033.8606 (-1.9025 bpd) | z_mean: 0.048 | z_std: 1.173 | lr: 0.000091
Epoch  186/1000 | train: -1056.6448 (-1.9444 bpd) | val: -1033.8726 (-1.9025 bpd) | z_mean: 0.015 | z_std: 1.180 | lr: 0.000091
Epoch  187/1000 | train: -1057.4174 (-1.9458 bpd) | val: -1030.8982 (-1.8970 bpd) | z_mean: 0.024 | z_std: 1.187 | lr: 0.000091
Epoch  188/1000 | train: -1057.9941 (-1.9469 bpd) | val: -1037.8037 (-1.9097 bpd) | z_mean: 0.000 | z_std: 1.177 | lr: 0.000091
  New best model at epoch 188 (val: -1037.8037)
Epoch  189/1000 | train: -1058.5270 (-1.9479 bpd) | val: -1040.3244 (-1.9144 bpd) | z_mean: -0.015 | z_std: 1.150 | lr: 0.000091
  New best model at epoch 189 (val: -1040.3244)
Epoch  190/1000 | train: -1059.8312 (-1.9503 bpd) | val: -1042.0884 (-1.9176 bpd) | z_mean: 0.029 | z_std: 1.178 | lr: 0.000091
  New best model at epoch 190 (val: -1042.0884)
Epoch  191/1000 | train: -1060.4089 (-1.9513 bpd) | val: -1036.3143 (-1.9070 bpd) | z_mean: 0.022 | z_std: 1.157 | lr: 0.000091
Epoch  192/1000 | train: -1060.7222 (-1.9519 bpd) | val: -1038.1116 (-1.9103 bpd) | z_mean: -0.005 | z_std: 1.180 | lr: 0.000091
Epoch  193/1000 | train: -1061.6242 (-1.9536 bpd) | val: -1044.8486 (-1.9227 bpd) | z_mean: 0.002 | z_std: 1.167 | lr: 0.000091
  New best model at epoch 193 (val: -1044.8486)
Epoch  194/1000 | train: -1061.9745 (-1.9542 bpd) | val: -1045.0961 (-1.9232 bpd) | z_mean: -0.001 | z_std: 1.162 | lr: 0.000091
  New best model at epoch 194 (val: -1045.0961)
Epoch  195/1000 | train: -1062.6243 (-1.9554 bpd) | val: -1039.7177 (-1.9133 bpd) | z_mean: 0.010 | z_std: 1.179 | lr: 0.000091
Epoch  196/1000 | train: -1063.2730 (-1.9566 bpd) | val: -1044.7835 (-1.9226 bpd) | z_mean: 0.022 | z_std: 1.125 | lr: 0.000091
Epoch  197/1000 | train: -1064.4367 (-1.9587 bpd) | val: -1046.8044 (-1.9263 bpd) | z_mean: 0.029 | z_std: 1.136 | lr: 0.000091
  New best model at epoch 197 (val: -1046.8044)
Epoch  198/1000 | train: -1065.1298 (-1.9600 bpd) | val: -1047.5931 (-1.9278 bpd) | z_mean: 0.010 | z_std: 1.130 | lr: 0.000091
  New best model at epoch 198 (val: -1047.5931)
Epoch  199/1000 | train: -1065.9969 (-1.9616 bpd) | val: -1045.1254 (-1.9232 bpd) | z_mean: 0.031 | z_std: 1.159 | lr: 0.000091
Epoch  200/1000 | train: -1066.6044 (-1.9627 bpd) | val: -1045.6903 (-1.9243 bpd) | z_mean: 0.003 | z_std: 1.123 | lr: 0.000090
Epoch  201/1000 | train: -1066.2737 (-1.9621 bpd) | val: -1043.8219 (-1.9208 bpd) | z_mean: 0.015 | z_std: 1.147 | lr: 0.000090
Epoch  202/1000 | train: -1067.2521 (-1.9639 bpd) | val: -1046.4420 (-1.9256 bpd) | z_mean: 0.024 | z_std: 1.149 | lr: 0.000090
Epoch  203/1000 | train: -1068.2475 (-1.9658 bpd) | val: -1047.3243 (-1.9273 bpd) | z_mean: 0.024 | z_std: 1.138 | lr: 0.000090
Epoch  204/1000 | train: -1068.8966 (-1.9670 bpd) | val: -1051.6791 (-1.9353 bpd) | z_mean: 0.032 | z_std: 1.161 | lr: 0.000090
  New best model at epoch 204 (val: -1051.6791)
Epoch  205/1000 | train: -1069.1059 (-1.9673 bpd) | val: -1048.5873 (-1.9296 bpd) | z_mean: 0.017 | z_std: 1.147 | lr: 0.000090
Epoch  206/1000 | train: -1069.8122 (-1.9686 bpd) | val: -1047.4548 (-1.9275 bpd) | z_mean: -0.004 | z_std: 1.149 | lr: 0.000090
Epoch  207/1000 | train: -1071.4434 (-1.9716 bpd) | val: -1052.6902 (-1.9371 bpd) | z_mean: 0.013 | z_std: 1.132 | lr: 0.000090
  New best model at epoch 207 (val: -1052.6902)
Epoch  208/1000 | train: -1071.4547 (-1.9717 bpd) | val: -1051.6881 (-1.9353 bpd) | z_mean: 0.023 | z_std: 1.122 | lr: 0.000090
Epoch  209/1000 | train: -1071.1446 (-1.9711 bpd) | val: -1045.1001 (-1.9232 bpd) | z_mean: 0.015 | z_std: 1.181 | lr: 0.000090
Epoch  210/1000 | train: -1072.0356 (-1.9727 bpd) | val: -1052.2602 (-1.9363 bpd) | z_mean: 0.040 | z_std: 1.120 | lr: 0.000090
Epoch  211/1000 | train: -1073.6371 (-1.9757 bpd) | val: -1052.5270 (-1.9368 bpd) | z_mean: 0.002 | z_std: 1.168 | lr: 0.000090
Epoch  212/1000 | train: -1073.6966 (-1.9758 bpd) | val: -1051.4832 (-1.9349 bpd) | z_mean: 0.014 | z_std: 1.108 | lr: 0.000090
Epoch  213/1000 | train: -1074.3180 (-1.9769 bpd) | val: -1055.2363 (-1.9418 bpd) | z_mean: 0.015 | z_std: 1.098 | lr: 0.000090
  New best model at epoch 213 (val: -1055.2363)
Epoch  214/1000 | train: -1074.8487 (-1.9779 bpd) | val: -1050.0711 (-1.9323 bpd) | z_mean: 0.010 | z_std: 1.132 | lr: 0.000090
Epoch  215/1000 | train: -1075.3764 (-1.9789 bpd) | val: -1050.4705 (-1.9330 bpd) | z_mean: -0.004 | z_std: 1.184 | lr: 0.000090
Epoch  216/1000 | train: -1075.6036 (-1.9793 bpd) | val: -1049.4649 (-1.9312 bpd) | z_mean: 0.016 | z_std: 1.152 | lr: 0.000090
Epoch  217/1000 | train: -1076.4824 (-1.9809 bpd) | val: -1051.4269 (-1.9348 bpd) | z_mean: 0.054 | z_std: 1.139 | lr: 0.000090
Epoch  218/1000 | train: -1077.0719 (-1.9820 bpd) | val: -1046.4508 (-1.9256 bpd) | z_mean: 0.036 | z_std: 1.158 | lr: 0.000090
Epoch  219/1000 | train: -1078.1332 (-1.9840 bpd) | val: -1052.6093 (-1.9370 bpd) | z_mean: 0.002 | z_std: 1.128 | lr: 0.000090
Epoch  220/1000 | train: -1078.7253 (-1.9850 bpd) | val: -1053.9263 (-1.9394 bpd) | z_mean: 0.009 | z_std: 1.122 | lr: 0.000090
Epoch  221/1000 | train: -1078.7119 (-1.9850 bpd) | val: -1056.7898 (-1.9447 bpd) | z_mean: 0.031 | z_std: 1.102 | lr: 0.000090
  New best model at epoch 221 (val: -1056.7898)
Epoch  222/1000 | train: -1079.0978 (-1.9857 bpd) | val: -1052.4863 (-1.9368 bpd) | z_mean: 0.004 | z_std: 1.151 | lr: 0.000089
Epoch  223/1000 | train: -1079.8471 (-1.9871 bpd) | val: -1052.2524 (-1.9363 bpd) | z_mean: 0.030 | z_std: 1.110 | lr: 0.000089
Epoch  224/1000 | train: -1080.5235 (-1.9883 bpd) | val: -1057.6927 (-1.9463 bpd) | z_mean: 0.014 | z_std: 1.159 | lr: 0.000089
  New best model at epoch 224 (val: -1057.6927)
Epoch  225/1000 | train: -1081.0044 (-1.9892 bpd) | val: -1057.5577 (-1.9461 bpd) | z_mean: 0.018 | z_std: 1.161 | lr: 0.000089
Epoch  226/1000 | train: -1080.4941 (-1.9883 bpd) | val: -1056.3818 (-1.9439 bpd) | z_mean: -0.008 | z_std: 1.084 | lr: 0.000089
Epoch  227/1000 | train: -1082.2496 (-1.9915 bpd) | val: -1060.1351 (-1.9508 bpd) | z_mean: 0.035 | z_std: 1.129 | lr: 0.000089
  New best model at epoch 227 (val: -1060.1351)
Epoch  228/1000 | train: -1082.8029 (-1.9925 bpd) | val: -1060.3740 (-1.9513 bpd) | z_mean: -0.001 | z_std: 1.111 | lr: 0.000089
  New best model at epoch 228 (val: -1060.3740)
Epoch  229/1000 | train: -1083.2058 (-1.9933 bpd) | val: -1060.3735 (-1.9513 bpd) | z_mean: 0.007 | z_std: 1.092 | lr: 0.000089
Epoch  230/1000 | train: -1083.7916 (-1.9944 bpd) | val: -1062.1976 (-1.9546 bpd) | z_mean: 0.032 | z_std: 1.097 | lr: 0.000089
  New best model at epoch 230 (val: -1062.1976)
Epoch  231/1000 | train: -1084.6066 (-1.9959 bpd) | val: -1063.5067 (-1.9570 bpd) | z_mean: 0.013 | z_std: 1.091 | lr: 0.000089
  New best model at epoch 231 (val: -1063.5067)
Epoch  232/1000 | train: -1084.8297 (-1.9963 bpd) | val: -1063.5830 (-1.9572 bpd) | z_mean: 0.026 | z_std: 1.122 | lr: 0.000089
  New best model at epoch 232 (val: -1063.5830)
Epoch  233/1000 | train: -1085.5281 (-1.9976 bpd) | val: -1062.1532 (-1.9545 bpd) | z_mean: -0.022 | z_std: 1.086 | lr: 0.000089
Epoch  234/1000 | train: -1085.9362 (-1.9983 bpd) | val: -1062.7589 (-1.9557 bpd) | z_mean: 0.021 | z_std: 1.125 | lr: 0.000089
Epoch  235/1000 | train: -1086.4396 (-1.9992 bpd) | val: -1059.7386 (-1.9501 bpd) | z_mean: 0.009 | z_std: 1.092 | lr: 0.000089
Epoch  236/1000 | train: -1087.2344 (-2.0007 bpd) | val: -1063.2432 (-1.9566 bpd) | z_mean: 0.022 | z_std: 1.090 | lr: 0.000089
Epoch  237/1000 | train: -1087.3671 (-2.0009 bpd) | val: -1065.0988 (-1.9600 bpd) | z_mean: 0.010 | z_std: 1.078 | lr: 0.000089
  New best model at epoch 237 (val: -1065.0988)
Epoch  238/1000 | train: -1087.5219 (-2.0012 bpd) | val: -1065.7109 (-1.9611 bpd) | z_mean: 0.003 | z_std: 1.112 | lr: 0.000089
  New best model at epoch 238 (val: -1065.7109)
Epoch  239/1000 | train: -1088.1266 (-2.0023 bpd) | val: -1066.5498 (-1.9626 bpd) | z_mean: 0.024 | z_std: 1.094 | lr: 0.000089
  New best model at epoch 239 (val: -1066.5498)
Epoch  240/1000 | train: -1088.1425 (-2.0024 bpd) | val: -1063.2369 (-1.9565 bpd) | z_mean: 0.011 | z_std: 1.086 | lr: 0.000089
Epoch  241/1000 | train: -1089.1339 (-2.0042 bpd) | val: -1065.3369 (-1.9604 bpd) | z_mean: 0.010 | z_std: 1.070 | lr: 0.000089
Epoch  242/1000 | train: -1089.2522 (-2.0044 bpd) | val: -1063.8987 (-1.9578 bpd) | z_mean: 0.022 | z_std: 1.059 | lr: 0.000089
Epoch  243/1000 | train: -1089.6100 (-2.0051 bpd) | val: -1064.4896 (-1.9588 bpd) | z_mean: 0.016 | z_std: 1.126 | lr: 0.000089
Epoch  244/1000 | train: -1090.1819 (-2.0061 bpd) | val: -1066.0056 (-1.9616 bpd) | z_mean: 0.004 | z_std: 1.099 | lr: 0.000089
Epoch  245/1000 | train: -1090.8485 (-2.0073 bpd) | val: -1069.5283 (-1.9681 bpd) | z_mean: 0.027 | z_std: 1.106 | lr: 0.000088
  New best model at epoch 245 (val: -1069.5283)
Epoch  246/1000 | train: -1091.5065 (-2.0086 bpd) | val: -1067.6556 (-1.9647 bpd) | z_mean: 0.022 | z_std: 1.087 | lr: 0.000088
Epoch  247/1000 | train: -1091.8979 (-2.0093 bpd) | val: -1065.2621 (-1.9603 bpd) | z_mean: 0.007 | z_std: 1.100 | lr: 0.000088
Epoch  248/1000 | train: -1092.5214 (-2.0104 bpd) | val: -1069.6570 (-1.9684 bpd) | z_mean: 0.007 | z_std: 1.114 | lr: 0.000088
  New best model at epoch 248 (val: -1069.6570)
Epoch  249/1000 | train: -1093.3440 (-2.0119 bpd) | val: -1071.0064 (-1.9708 bpd) | z_mean: 0.010 | z_std: 1.079 | lr: 0.000088
  New best model at epoch 249 (val: -1071.0064)
Epoch  250/1000 | train: -1094.1859 (-2.0135 bpd) | val: -1068.7885 (-1.9668 bpd) | z_mean: -0.004 | z_std: 1.083 | lr: 0.000088
Epoch  251/1000 | train: -1093.9611 (-2.0131 bpd) | val: -1069.4147 (-1.9679 bpd) | z_mean: 0.018 | z_std: 1.100 | lr: 0.000088
Epoch  252/1000 | train: -1094.8160 (-2.0146 bpd) | val: -1067.8238 (-1.9650 bpd) | z_mean: -0.008 | z_std: 1.054 | lr: 0.000088
Epoch  253/1000 | train: -1094.9834 (-2.0150 bpd) | val: -1070.0623 (-1.9691 bpd) | z_mean: 0.016 | z_std: 1.085 | lr: 0.000088
Epoch  254/1000 | train: -1095.2003 (-2.0154 bpd) | val: -1069.4409 (-1.9680 bpd) | z_mean: 0.032 | z_std: 1.109 | lr: 0.000088
Epoch  255/1000 | train: -1096.1620 (-2.0171 bpd) | val: -1072.6167 (-1.9738 bpd) | z_mean: 0.011 | z_std: 1.057 | lr: 0.000088
  New best model at epoch 255 (val: -1072.6167)
Epoch  256/1000 | train: -1096.0593 (-2.0169 bpd) | val: -1071.1088 (-1.9710 bpd) | z_mean: -0.001 | z_std: 1.103 | lr: 0.000088
Epoch  257/1000 | train: -1096.1998 (-2.0172 bpd) | val: -1070.6745 (-1.9702 bpd) | z_mean: 0.028 | z_std: 1.052 | lr: 0.000088
Epoch  258/1000 | train: -1097.3071 (-2.0192 bpd) | val: -1069.4823 (-1.9680 bpd) | z_mean: -0.016 | z_std: 1.061 | lr: 0.000088
Epoch  259/1000 | train: -1097.7211 (-2.0200 bpd) | val: -1073.7174 (-1.9758 bpd) | z_mean: 0.011 | z_std: 1.043 | lr: 0.000088
  New best model at epoch 259 (val: -1073.7174)
Epoch  260/1000 | train: -1097.8590 (-2.0202 bpd) | val: -1072.9964 (-1.9745 bpd) | z_mean: 0.019 | z_std: 1.091 | lr: 0.000088
Epoch  261/1000 | train: -1098.2710 (-2.0210 bpd) | val: -1075.7600 (-1.9796 bpd) | z_mean: 0.009 | z_std: 1.053 | lr: 0.000088
  New best model at epoch 261 (val: -1075.7600)
Epoch  262/1000 | train: -1098.7123 (-2.0218 bpd) | val: -1073.8036 (-1.9760 bpd) | z_mean: 0.013 | z_std: 1.082 | lr: 0.000088
Epoch  263/1000 | train: -1099.0881 (-2.0225 bpd) | val: -1074.2603 (-1.9768 bpd) | z_mean: 0.023 | z_std: 1.065 | lr: 0.000088
Epoch  264/1000 | train: -1100.1538 (-2.0245 bpd) | val: -1074.5471 (-1.9774 bpd) | z_mean: 0.018 | z_std: 1.040 | lr: 0.000088
Epoch  265/1000 | train: -1099.9355 (-2.0241 bpd) | val: -1072.9530 (-1.9744 bpd) | z_mean: 0.023 | z_std: 1.060 | lr: 0.000088
Epoch  266/1000 | train: -1100.0924 (-2.0244 bpd) | val: -1075.2255 (-1.9786 bpd) | z_mean: 0.015 | z_std: 1.045 | lr: 0.000088
Epoch  267/1000 | train: -1101.1421 (-2.0263 bpd) | val: -1076.5156 (-1.9810 bpd) | z_mean: 0.016 | z_std: 1.071 | lr: 0.000088
  New best model at epoch 267 (val: -1076.5156)
Epoch  268/1000 | train: -1101.1037 (-2.0262 bpd) | val: -1077.0684 (-1.9820 bpd) | z_mean: 0.018 | z_std: 1.077 | lr: 0.000087
  New best model at epoch 268 (val: -1077.0684)
Epoch  269/1000 | train: -1102.0679 (-2.0280 bpd) | val: -1074.7433 (-1.9777 bpd) | z_mean: 0.019 | z_std: 1.057 | lr: 0.000087
Epoch  270/1000 | train: -1102.7956 (-2.0293 bpd) | val: -1073.9912 (-1.9763 bpd) | z_mean: 0.024 | z_std: 1.103 | lr: 0.000087
Epoch  271/1000 | train: -1102.8292 (-2.0294 bpd) | val: -1073.3899 (-1.9752 bpd) | z_mean: -0.008 | z_std: 1.104 | lr: 0.000087
Epoch  272/1000 | train: -1102.8061 (-2.0294 bpd) | val: -1074.8338 (-1.9779 bpd) | z_mean: 0.032 | z_std: 1.031 | lr: 0.000087
Epoch  273/1000 | train: -1103.4008 (-2.0304 bpd) | val: -1075.5902 (-1.9793 bpd) | z_mean: 0.013 | z_std: 1.056 | lr: 0.000087
Epoch  274/1000 | train: -1103.1936 (-2.0301 bpd) | val: -1079.4471 (-1.9864 bpd) | z_mean: 0.007 | z_std: 1.069 | lr: 0.000087
  New best model at epoch 274 (val: -1079.4471)
Epoch  275/1000 | train: -1104.4040 (-2.0323 bpd) | val: -1078.5026 (-1.9846 bpd) | z_mean: 0.013 | z_std: 1.023 | lr: 0.000087
Epoch  276/1000 | train: -1104.5392 (-2.0325 bpd) | val: -1079.2974 (-1.9861 bpd) | z_mean: -0.004 | z_std: 1.061 | lr: 0.000087
Epoch  277/1000 | train: -1104.6706 (-2.0328 bpd) | val: -1075.8976 (-1.9798 bpd) | z_mean: 0.009 | z_std: 1.090 | lr: 0.000087
Epoch  278/1000 | train: -1104.9173 (-2.0332 bpd) | val: -1077.1900 (-1.9822 bpd) | z_mean: 0.003 | z_std: 1.017 | lr: 0.000087
Epoch  279/1000 | train: -1105.8762 (-2.0350 bpd) | val: -1078.9224 (-1.9854 bpd) | z_mean: -0.005 | z_std: 1.053 | lr: 0.000087
Epoch  280/1000 | train: -1106.0816 (-2.0354 bpd) | val: -1081.8632 (-1.9908 bpd) | z_mean: 0.012 | z_std: 1.010 | lr: 0.000087
  New best model at epoch 280 (val: -1081.8632)
Epoch  281/1000 | train: -1106.4334 (-2.0360 bpd) | val: -1080.4189 (-1.9882 bpd) | z_mean: 0.018 | z_std: 1.053 | lr: 0.000087
Epoch  282/1000 | train: -1107.0474 (-2.0372 bpd) | val: -1079.3226 (-1.9861 bpd) | z_mean: 0.024 | z_std: 1.065 | lr: 0.000087
Epoch  283/1000 | train: -1107.0510 (-2.0372 bpd) | val: -1079.1405 (-1.9858 bpd) | z_mean: -0.006 | z_std: 1.048 | lr: 0.000087
Epoch  284/1000 | train: -1107.7682 (-2.0385 bpd) | val: -1084.0031 (-1.9948 bpd) | z_mean: 0.025 | z_std: 1.045 | lr: 0.000087
  New best model at epoch 284 (val: -1084.0031)
Epoch  285/1000 | train: -1107.8103 (-2.0386 bpd) | val: -1079.6128 (-1.9867 bpd) | z_mean: 0.025 | z_std: 1.093 | lr: 0.000087
Epoch  286/1000 | train: -1108.8399 (-2.0405 bpd) | val: -1079.0473 (-1.9856 bpd) | z_mean: 0.021 | z_std: 1.050 | lr: 0.000087
Epoch  287/1000 | train: -1109.3332 (-2.0414 bpd) | val: -1081.2535 (-1.9897 bpd) | z_mean: 0.005 | z_std: 1.053 | lr: 0.000087
Epoch  288/1000 | train: -1108.8485 (-2.0405 bpd) | val: -1080.4700 (-1.9883 bpd) | z_mean: -0.000 | z_std: 1.018 | lr: 0.000087
Epoch  289/1000 | train: -1109.7837 (-2.0422 bpd) | val: -1081.4168 (-1.9900 bpd) | z_mean: 0.019 | z_std: 1.035 | lr: 0.000087
Epoch  290/1000 | train: -1110.0329 (-2.0427 bpd) | val: -1084.4564 (-1.9956 bpd) | z_mean: 0.027 | z_std: 1.103 | lr: 0.000087
  New best model at epoch 290 (val: -1084.4564)
Epoch  291/1000 | train: -1110.6660 (-2.0438 bpd) | val: -1083.5926 (-1.9940 bpd) | z_mean: 0.014 | z_std: 1.013 | lr: 0.000086
Epoch  292/1000 | train: -1110.5917 (-2.0437 bpd) | val: -1082.3516 (-1.9917 bpd) | z_mean: 0.001 | z_std: 1.061 | lr: 0.000086
Epoch  293/1000 | train: -1110.8437 (-2.0441 bpd) | val: -1082.7767 (-1.9925 bpd) | z_mean: 0.019 | z_std: 1.027 | lr: 0.000086
Epoch  294/1000 | train: -1111.0418 (-2.0445 bpd) | val: -1083.5695 (-1.9940 bpd) | z_mean: 0.021 | z_std: 1.048 | lr: 0.000086
Epoch  295/1000 | train: -1111.5021 (-2.0454 bpd) | val: -1081.1669 (-1.9895 bpd) | z_mean: 0.011 | z_std: 1.043 | lr: 0.000086
Epoch  296/1000 | train: -1112.4759 (-2.0471 bpd) | val: -1082.1249 (-1.9913 bpd) | z_mean: 0.027 | z_std: 1.051 | lr: 0.000086
Epoch  297/1000 | train: -1112.5977 (-2.0474 bpd) | val: -1084.4717 (-1.9956 bpd) | z_mean: 0.013 | z_std: 1.000 | lr: 0.000086
  New best model at epoch 297 (val: -1084.4717)
Epoch  298/1000 | train: -1112.7071 (-2.0476 bpd) | val: -1085.9852 (-1.9984 bpd) | z_mean: 0.011 | z_std: 1.040 | lr: 0.000086
  New best model at epoch 298 (val: -1085.9852)
Epoch  299/1000 | train: -1112.9314 (-2.0480 bpd) | val: -1082.9047 (-1.9927 bpd) | z_mean: 0.034 | z_std: 1.119 | lr: 0.000086
Epoch  300/1000 | train: -1113.6483 (-2.0493 bpd) | val: -1085.3376 (-1.9972 bpd) | z_mean: 0.021 | z_std: 1.004 | lr: 0.000086
Epoch  301/1000 | train: -1113.8629 (-2.0497 bpd) | val: -1086.1601 (-1.9987 bpd) | z_mean: 0.023 | z_std: 1.060 | lr: 0.000086
  New best model at epoch 301 (val: -1086.1601)
Epoch  302/1000 | train: -1113.9774 (-2.0499 bpd) | val: -1083.3302 (-1.9935 bpd) | z_mean: 0.033 | z_std: 1.019 | lr: 0.000086
Epoch  303/1000 | train: -1114.4065 (-2.0507 bpd) | val: -1088.2951 (-2.0027 bpd) | z_mean: 0.008 | z_std: 0.960 | lr: 0.000086
  New best model at epoch 303 (val: -1088.2951)
Epoch  304/1000 | train: -1114.7582 (-2.0513 bpd) | val: -1086.6330 (-1.9996 bpd) | z_mean: 0.002 | z_std: 1.008 | lr: 0.000086
Epoch  305/1000 | train: -1115.1918 (-2.0521 bpd) | val: -1085.4203 (-1.9974 bpd) | z_mean: 0.006 | z_std: 1.056 | lr: 0.000086
Epoch  306/1000 | train: -1116.0419 (-2.0537 bpd) | val: -1085.1913 (-1.9969 bpd) | z_mean: 0.026 | z_std: 0.997 | lr: 0.000086
Epoch  307/1000 | train: -1116.3252 (-2.0542 bpd) | val: -1089.9635 (-2.0057 bpd) | z_mean: 0.012 | z_std: 0.968 | lr: 0.000086
  New best model at epoch 307 (val: -1089.9635)
Epoch  308/1000 | train: -1116.2536 (-2.0541 bpd) | val: -1083.3715 (-1.9936 bpd) | z_mean: 0.059 | z_std: 1.055 | lr: 0.000086
Epoch  309/1000 | train: -1116.8914 (-2.0553 bpd) | val: -1082.3816 (-1.9918 bpd) | z_mean: -0.000 | z_std: 1.031 | lr: 0.000086
Epoch  310/1000 | train: -1116.9142 (-2.0553 bpd) | val: -1085.0442 (-1.9967 bpd) | z_mean: 0.002 | z_std: 1.048 | lr: 0.000086
Epoch  311/1000 | train: -1117.1029 (-2.0557 bpd) | val: -1086.5892 (-1.9995 bpd) | z_mean: 0.019 | z_std: 1.060 | lr: 0.000086
Epoch  312/1000 | train: -1117.9486 (-2.0572 bpd) | val: -1086.8631 (-2.0000 bpd) | z_mean: 0.024 | z_std: 1.013 | lr: 0.000086
Epoch  313/1000 | train: -1118.2875 (-2.0578 bpd) | val: -1091.8153 (-2.0091 bpd) | z_mean: 0.016 | z_std: 0.997 | lr: 0.000086
  New best model at epoch 313 (val: -1091.8153)
Epoch  314/1000 | train: -1118.3716 (-2.0580 bpd) | val: -1089.2407 (-2.0044 bpd) | z_mean: -0.000 | z_std: 1.019 | lr: 0.000085
Epoch  315/1000 | train: -1118.8285 (-2.0588 bpd) | val: -1088.1274 (-2.0023 bpd) | z_mean: 0.018 | z_std: 1.022 | lr: 0.000085
Epoch  316/1000 | train: -1118.7000 (-2.0586 bpd) | val: -1089.8475 (-2.0055 bpd) | z_mean: 0.015 | z_std: 0.990 | lr: 0.000085
Epoch  317/1000 | train: -1119.4460 (-2.0600 bpd) | val: -1090.2797 (-2.0063 bpd) | z_mean: 0.001 | z_std: 1.017 | lr: 0.000085
Epoch  318/1000 | train: -1120.1004 (-2.0612 bpd) | val: -1091.5765 (-2.0087 bpd) | z_mean: 0.003 | z_std: 0.990 | lr: 0.000085
Epoch  319/1000 | train: -1119.6732 (-2.0604 bpd) | val: -1090.9043 (-2.0075 bpd) | z_mean: 0.006 | z_std: 0.992 | lr: 0.000085
Epoch  320/1000 | train: -1120.5780 (-2.0621 bpd) | val: -1091.2570 (-2.0081 bpd) | z_mean: 0.028 | z_std: 1.023 | lr: 0.000085
Epoch  321/1000 | train: -1120.2893 (-2.0615 bpd) | val: -1087.3208 (-2.0009 bpd) | z_mean: 0.032 | z_std: 1.058 | lr: 0.000085
Epoch  322/1000 | train: -1120.7986 (-2.0625 bpd) | val: -1092.1930 (-2.0098 bpd) | z_mean: 0.035 | z_std: 1.018 | lr: 0.000085
  New best model at epoch 322 (val: -1092.1930)
Epoch  323/1000 | train: -1120.2431 (-2.0614 bpd) | val: -1093.7393 (-2.0127 bpd) | z_mean: 0.015 | z_std: 0.981 | lr: 0.000085
  New best model at epoch 323 (val: -1093.7393)
Epoch  324/1000 | train: -1121.4013 (-2.0636 bpd) | val: -1092.1135 (-2.0097 bpd) | z_mean: 0.011 | z_std: 0.995 | lr: 0.000085
Epoch  325/1000 | train: -1122.4013 (-2.0654 bpd) | val: -1091.2497 (-2.0081 bpd) | z_mean: 0.010 | z_std: 1.006 | lr: 0.000085
Epoch  326/1000 | train: -1122.2212 (-2.0651 bpd) | val: -1093.2112 (-2.0117 bpd) | z_mean: 0.015 | z_std: 0.987 | lr: 0.000085
Epoch  327/1000 | train: -1122.7749 (-2.0661 bpd) | val: -1089.9066 (-2.0056 bpd) | z_mean: 0.029 | z_std: 1.031 | lr: 0.000085
Epoch  328/1000 | train: -1122.5381 (-2.0657 bpd) | val: -1091.8200 (-2.0091 bpd) | z_mean: 0.019 | z_std: 0.993 | lr: 0.000085
Epoch  329/1000 | train: -1123.4493 (-2.0673 bpd) | val: -1086.6695 (-1.9997 bpd) | z_mean: 0.008 | z_std: 1.083 | lr: 0.000085
Epoch  330/1000 | train: -1123.5835 (-2.0676 bpd) | val: -1089.5289 (-2.0049 bpd) | z_mean: 0.004 | z_std: 0.980 | lr: 0.000085
Epoch  331/1000 | train: -1123.9511 (-2.0683 bpd) | val: -1092.7407 (-2.0108 bpd) | z_mean: 0.001 | z_std: 0.994 | lr: 0.000085
Epoch  332/1000 | train: -1124.2032 (-2.0687 bpd) | val: -1094.2803 (-2.0137 bpd) | z_mean: 0.030 | z_std: 1.031 | lr: 0.000085
  New best model at epoch 332 (val: -1094.2803)
Epoch  333/1000 | train: -1124.5055 (-2.0693 bpd) | val: -1093.4670 (-2.0122 bpd) | z_mean: 0.019 | z_std: 1.045 | lr: 0.000085
Epoch  334/1000 | train: -1124.7536 (-2.0697 bpd) | val: -1096.1441 (-2.0171 bpd) | z_mean: 0.008 | z_std: 1.011 | lr: 0.000085
  New best model at epoch 334 (val: -1096.1441)
Epoch  335/1000 | train: -1125.5613 (-2.0712 bpd) | val: -1095.3090 (-2.0156 bpd) | z_mean: -0.014 | z_std: 0.978 | lr: 0.000085
Epoch  336/1000 | train: -1124.9578 (-2.0701 bpd) | val: -1096.6445 (-2.0180 bpd) | z_mean: 0.017 | z_std: 1.014 | lr: 0.000085
  New best model at epoch 336 (val: -1096.6445)
Epoch  337/1000 | train: -1125.7468 (-2.0716 bpd) | val: -1094.7775 (-2.0146 bpd) | z_mean: 0.024 | z_std: 0.993 | lr: 0.000084
Epoch  338/1000 | train: -1125.5439 (-2.0712 bpd) | val: -1095.5684 (-2.0160 bpd) | z_mean: 0.008 | z_std: 1.024 | lr: 0.000084
Epoch  339/1000 | train: -1126.6219 (-2.0732 bpd) | val: -1096.4746 (-2.0177 bpd) | z_mean: 0.010 | z_std: 1.002 | lr: 0.000084
Epoch  340/1000 | train: -1126.4736 (-2.0729 bpd) | val: -1096.4116 (-2.0176 bpd) | z_mean: 0.001 | z_std: 0.971 | lr: 0.000084
Epoch  341/1000 | train: -1126.7640 (-2.0734 bpd) | val: -1097.3035 (-2.0192 bpd) | z_mean: 0.004 | z_std: 0.951 | lr: 0.000084
  New best model at epoch 341 (val: -1097.3035)
Epoch  342/1000 | train: -1126.9100 (-2.0737 bpd) | val: -1095.1306 (-2.0152 bpd) | z_mean: 0.019 | z_std: 0.975 | lr: 0.000084
Epoch  343/1000 | train: -1127.7684 (-2.0753 bpd) | val: -1096.1470 (-2.0171 bpd) | z_mean: 0.001 | z_std: 0.972 | lr: 0.000084
Epoch  344/1000 | train: -1128.1163 (-2.0759 bpd) | val: -1093.7990 (-2.0128 bpd) | z_mean: 0.034 | z_std: 0.995 | lr: 0.000084
Epoch  345/1000 | train: -1128.1713 (-2.0760 bpd) | val: -1098.5150 (-2.0215 bpd) | z_mean: 0.016 | z_std: 0.969 | lr: 0.000084
  New best model at epoch 345 (val: -1098.5150)
Epoch  346/1000 | train: -1128.4720 (-2.0766 bpd) | val: -1098.1686 (-2.0208 bpd) | z_mean: -0.009 | z_std: 1.011 | lr: 0.000084
Epoch  347/1000 | train: -1128.7491 (-2.0771 bpd) | val: -1097.1335 (-2.0189 bpd) | z_mean: 0.011 | z_std: 0.991 | lr: 0.000084
Epoch  348/1000 | train: -1128.9881 (-2.0775 bpd) | val: -1099.9183 (-2.0240 bpd) | z_mean: 0.016 | z_std: 0.994 | lr: 0.000084
  New best model at epoch 348 (val: -1099.9183)
Epoch  349/1000 | train: -1129.3292 (-2.0782 bpd) | val: -1095.9756 (-2.0168 bpd) | z_mean: 0.021 | z_std: 0.998 | lr: 0.000084
Epoch  350/1000 | train: -1129.5711 (-2.0786 bpd) | val: -1091.5336 (-2.0086 bpd) | z_mean: -0.012 | z_std: 1.008 | lr: 0.000084
Epoch  351/1000 | train: -1129.5769 (-2.0786 bpd) | val: -1095.8044 (-2.0165 bpd) | z_mean: 0.022 | z_std: 0.975 | lr: 0.000084
Epoch  352/1000 | train: -1130.0360 (-2.0795 bpd) | val: -1097.1277 (-2.0189 bpd) | z_mean: 0.027 | z_std: 1.003 | lr: 0.000084
Epoch  353/1000 | train: -1130.7508 (-2.0808 bpd) | val: -1096.6559 (-2.0180 bpd) | z_mean: 0.016 | z_std: 0.998 | lr: 0.000084
Epoch  354/1000 | train: -1130.9951 (-2.0812 bpd) | val: -1098.7104 (-2.0218 bpd) | z_mean: 0.015 | z_std: 0.987 | lr: 0.000084
Epoch  355/1000 | train: -1131.1577 (-2.0815 bpd) | val: -1098.9769 (-2.0223 bpd) | z_mean: 0.008 | z_std: 0.969 | lr: 0.000084
Epoch  356/1000 | train: -1130.6893 (-2.0807 bpd) | val: -1100.2154 (-2.0246 bpd) | z_mean: 0.002 | z_std: 0.987 | lr: 0.000084
  New best model at epoch 356 (val: -1100.2154)
Epoch  357/1000 | train: -1132.0888 (-2.0832 bpd) | val: -1100.8034 (-2.0257 bpd) | z_mean: 0.015 | z_std: 1.042 | lr: 0.000084
  New best model at epoch 357 (val: -1100.8034)
Epoch  358/1000 | train: -1132.0830 (-2.0832 bpd) | val: -1100.7599 (-2.0256 bpd) | z_mean: 0.031 | z_std: 0.964 | lr: 0.000084
Epoch  359/1000 | train: -1131.8922 (-2.0829 bpd) | val: -1097.2067 (-2.0190 bpd) | z_mean: -0.007 | z_std: 1.000 | lr: 0.000084
Epoch  360/1000 | train: -1132.6412 (-2.0843 bpd) | val: -1097.4779 (-2.0195 bpd) | z_mean: -0.019 | z_std: 0.979 | lr: 0.000084
Epoch  361/1000 | train: -1132.7495 (-2.0845 bpd) | val: -1099.7932 (-2.0238 bpd) | z_mean: -0.007 | z_std: 0.958 | lr: 0.000083
Epoch  362/1000 | train: -1133.1079 (-2.0851 bpd) | val: -1103.3621 (-2.0304 bpd) | z_mean: 0.005 | z_std: 0.955 | lr: 0.000083
  New best model at epoch 362 (val: -1103.3621)
Epoch  363/1000 | train: -1132.8855 (-2.0847 bpd) | val: -1099.6593 (-2.0236 bpd) | z_mean: 0.007 | z_std: 0.931 | lr: 0.000083
Epoch  364/1000 | train: -1133.5525 (-2.0859 bpd) | val: -1101.6518 (-2.0272 bpd) | z_mean: 0.012 | z_std: 0.973 | lr: 0.000083
Epoch  365/1000 | train: -1133.8200 (-2.0864 bpd) | val: -1102.3548 (-2.0285 bpd) | z_mean: 0.014 | z_std: 0.978 | lr: 0.000083
Epoch  366/1000 | train: -1134.1578 (-2.0870 bpd) | val: -1097.9955 (-2.0205 bpd) | z_mean: 0.019 | z_std: 0.988 | lr: 0.000083
Epoch  367/1000 | train: -1134.3205 (-2.0873 bpd) | val: -1103.4302 (-2.0305 bpd) | z_mean: 0.018 | z_std: 0.952 | lr: 0.000083
  New best model at epoch 367 (val: -1103.4302)
Epoch  368/1000 | train: -1134.9197 (-2.0884 bpd) | val: -1102.4975 (-2.0288 bpd) | z_mean: 0.018 | z_std: 0.972 | lr: 0.000083
Epoch  369/1000 | train: -1135.0859 (-2.0888 bpd) | val: -1101.6898 (-2.0273 bpd) | z_mean: 0.009 | z_std: 0.937 | lr: 0.000083
Epoch  370/1000 | train: -1135.4951 (-2.0895 bpd) | val: -1103.6896 (-2.0310 bpd) | z_mean: 0.008 | z_std: 0.962 | lr: 0.000083
  New best model at epoch 370 (val: -1103.6896)
Epoch  371/1000 | train: -1135.6522 (-2.0898 bpd) | val: -1103.9257 (-2.0314 bpd) | z_mean: 0.014 | z_std: 0.983 | lr: 0.000083
  New best model at epoch 371 (val: -1103.9257)
Epoch  372/1000 | train: -1135.3008 (-2.0891 bpd) | val: -1104.2516 (-2.0320 bpd) | z_mean: 0.011 | z_std: 0.933 | lr: 0.000083
  New best model at epoch 372 (val: -1104.2516)
Epoch  373/1000 | train: -1135.7198 (-2.0899 bpd) | val: -1096.6759 (-2.0181 bpd) | z_mean: -0.029 | z_std: 0.984 | lr: 0.000083
Epoch  374/1000 | train: -1136.0849 (-2.0906 bpd) | val: -1101.0273 (-2.0261 bpd) | z_mean: 0.011 | z_std: 0.960 | lr: 0.000083
Epoch  375/1000 | train: -1137.0753 (-2.0924 bpd) | val: -1104.0846 (-2.0317 bpd) | z_mean: 0.020 | z_std: 0.946 | lr: 0.000083
Epoch  376/1000 | train: -1136.9233 (-2.0921 bpd) | val: -1098.2093 (-2.0209 bpd) | z_mean: 0.030 | z_std: 0.990 | lr: 0.000083
Epoch  377/1000 | train: -1137.0969 (-2.0925 bpd) | val: -1102.7784 (-2.0293 bpd) | z_mean: 0.015 | z_std: 0.984 | lr: 0.000083
Epoch  378/1000 | train: -1137.2470 (-2.0927 bpd) | val: -1104.9860 (-2.0334 bpd) | z_mean: 0.038 | z_std: 0.953 | lr: 0.000083
  New best model at epoch 378 (val: -1104.9860)
Epoch  379/1000 | train: -1137.7776 (-2.0937 bpd) | val: -1100.1840 (-2.0245 bpd) | z_mean: -0.000 | z_std: 0.961 | lr: 0.000083
Epoch  380/1000 | train: -1137.8562 (-2.0939 bpd) | val: -1105.2118 (-2.0338 bpd) | z_mean: 0.002 | z_std: 0.917 | lr: 0.000083
  New best model at epoch 380 (val: -1105.2118)
Epoch  381/1000 | train: -1137.6174 (-2.0934 bpd) | val: -1104.6221 (-2.0327 bpd) | z_mean: 0.031 | z_std: 0.942 | lr: 0.000083
Epoch  382/1000 | train: -1138.4485 (-2.0949 bpd) | val: -1105.7332 (-2.0347 bpd) | z_mean: 0.007 | z_std: 0.931 | lr: 0.000083
  New best model at epoch 382 (val: -1105.7332)
Epoch  383/1000 | train: -1138.6662 (-2.0953 bpd) | val: -1106.6852 (-2.0365 bpd) | z_mean: 0.008 | z_std: 0.963 | lr: 0.000083
  New best model at epoch 383 (val: -1106.6852)
Epoch  384/1000 | train: -1138.5180 (-2.0951 bpd) | val: -1102.0986 (-2.0281 bpd) | z_mean: 0.016 | z_std: 0.914 | lr: 0.000083
Epoch  385/1000 | train: -1139.0402 (-2.0960 bpd) | val: -1105.4034 (-2.0341 bpd) | z_mean: -0.004 | z_std: 0.920 | lr: 0.000082
Epoch  386/1000 | train: -1139.0578 (-2.0961 bpd) | val: -1105.4643 (-2.0342 bpd) | z_mean: 0.033 | z_std: 0.929 | lr: 0.000082
Epoch  387/1000 | train: -1139.5645 (-2.0970 bpd) | val: -1107.2496 (-2.0375 bpd) | z_mean: 0.011 | z_std: 0.932 | lr: 0.000082
  New best model at epoch 387 (val: -1107.2496)
Epoch  388/1000 | train: -1139.3772 (-2.0967 bpd) | val: -1105.9184 (-2.0351 bpd) | z_mean: 0.005 | z_std: 0.900 | lr: 0.000082
Epoch  389/1000 | train: -1140.0823 (-2.0979 bpd) | val: -1104.7313 (-2.0329 bpd) | z_mean: 0.022 | z_std: 0.956 | lr: 0.000082
Epoch  390/1000 | train: -1140.4343 (-2.0986 bpd) | val: -1106.5646 (-2.0363 bpd) | z_mean: 0.024 | z_std: 0.961 | lr: 0.000082
Epoch  391/1000 | train: -1140.5462 (-2.0988 bpd) | val: -1105.6013 (-2.0345 bpd) | z_mean: 0.006 | z_std: 0.924 | lr: 0.000082
Epoch  392/1000 | train: -1140.9191 (-2.0995 bpd) | val: -1106.3031 (-2.0358 bpd) | z_mean: 0.007 | z_std: 0.951 | lr: 0.000082
Epoch  393/1000 | train: -1141.3258 (-2.1002 bpd) | val: -1106.2054 (-2.0356 bpd) | z_mean: -0.016 | z_std: 0.910 | lr: 0.000082
Epoch  394/1000 | train: -1140.9938 (-2.0996 bpd) | val: -1105.2249 (-2.0338 bpd) | z_mean: 0.014 | z_std: 0.954 | lr: 0.000082
Epoch  395/1000 | train: -1142.1398 (-2.1017 bpd) | val: -1106.9126 (-2.0369 bpd) | z_mean: 0.001 | z_std: 0.909 | lr: 0.000082
Epoch  396/1000 | train: -1142.0205 (-2.1015 bpd) | val: -1106.7300 (-2.0366 bpd) | z_mean: 0.017 | z_std: 0.944 | lr: 0.000082
Epoch  397/1000 | train: -1142.1684 (-2.1018 bpd) | val: -1106.1478 (-2.0355 bpd) | z_mean: 0.004 | z_std: 0.923 | lr: 0.000082
Epoch  398/1000 | train: -1142.2556 (-2.1019 bpd) | val: -1109.5116 (-2.0417 bpd) | z_mean: 0.009 | z_std: 0.899 | lr: 0.000082
  New best model at epoch 398 (val: -1109.5116)
Epoch  399/1000 | train: -1142.4912 (-2.1024 bpd) | val: -1107.6197 (-2.0382 bpd) | z_mean: 0.010 | z_std: 0.944 | lr: 0.000082
Epoch  400/1000 | train: -1143.5582 (-2.1043 bpd) | val: -1108.4030 (-2.0397 bpd) | z_mean: -0.012 | z_std: 0.900 | lr: 0.000082
Epoch  401/1000 | train: -1142.9757 (-2.1033 bpd) | val: -1105.8534 (-2.0350 bpd) | z_mean: -0.003 | z_std: 0.932 | lr: 0.000082
Epoch  402/1000 | train: -1143.2073 (-2.1037 bpd) | val: -1105.9716 (-2.0352 bpd) | z_mean: 0.014 | z_std: 0.944 | lr: 0.000082
Epoch  403/1000 | train: -1143.6765 (-2.1046 bpd) | val: -1109.7666 (-2.0422 bpd) | z_mean: 0.007 | z_std: 0.887 | lr: 0.000082
  New best model at epoch 403 (val: -1109.7666)
Epoch  404/1000 | train: -1143.3588 (-2.1040 bpd) | val: -1105.9431 (-2.0351 bpd) | z_mean: 0.013 | z_std: 0.941 | lr: 0.000082
Epoch  405/1000 | train: -1144.1866 (-2.1055 bpd) | val: -1107.4272 (-2.0379 bpd) | z_mean: 0.006 | z_std: 0.910 | lr: 0.000082
Epoch  406/1000 | train: -1144.3209 (-2.1057 bpd) | val: -1107.4964 (-2.0380 bpd) | z_mean: 0.014 | z_std: 0.924 | lr: 0.000082
Epoch  407/1000 | train: -1144.3349 (-2.1058 bpd) | val: -1111.1313 (-2.0447 bpd) | z_mean: 0.003 | z_std: 0.906 | lr: 0.000082
  New best model at epoch 407 (val: -1111.1313)
Epoch  408/1000 | train: -1144.3201 (-2.1057 bpd) | val: -1107.2455 (-2.0375 bpd) | z_mean: -0.012 | z_std: 0.910 | lr: 0.000082
Epoch  409/1000 | train: -1144.9312 (-2.1069 bpd) | val: -1110.9848 (-2.0444 bpd) | z_mean: 0.009 | z_std: 0.875 | lr: 0.000082
Epoch  410/1000 | train: -1145.0107 (-2.1070 bpd) | val: -1108.7003 (-2.0402 bpd) | z_mean: 0.017 | z_std: 0.903 | lr: 0.000081
Epoch  411/1000 | train: -1145.3616 (-2.1077 bpd) | val: -1110.0766 (-2.0427 bpd) | z_mean: -0.009 | z_std: 0.911 | lr: 0.000081
Epoch  412/1000 | train: -1145.6414 (-2.1082 bpd) | val: -1109.5487 (-2.0418 bpd) | z_mean: 0.014 | z_std: 0.901 | lr: 0.000081
Epoch  413/1000 | train: -1145.9466 (-2.1087 bpd) | val: -1108.1730 (-2.0392 bpd) | z_mean: 0.007 | z_std: 0.947 | lr: 0.000081
Epoch  414/1000 | train: -1146.1210 (-2.1091 bpd) | val: -1110.8190 (-2.0441 bpd) | z_mean: 0.010 | z_std: 0.894 | lr: 0.000081
Epoch  415/1000 | train: -1146.2559 (-2.1093 bpd) | val: -1110.5396 (-2.0436 bpd) | z_mean: 0.002 | z_std: 0.904 | lr: 0.000081
Epoch  416/1000 | train: -1146.2877 (-2.1094 bpd) | val: -1109.6504 (-2.0419 bpd) | z_mean: 0.027 | z_std: 0.944 | lr: 0.000081
Epoch  417/1000 | train: -1146.8927 (-2.1105 bpd) | val: -1108.3585 (-2.0396 bpd) | z_mean: 0.030 | z_std: 0.938 | lr: 0.000081
Epoch  418/1000 | train: -1146.6395 (-2.1100 bpd) | val: -1111.6423 (-2.0456 bpd) | z_mean: 0.009 | z_std: 0.921 | lr: 0.000081
  New best model at epoch 418 (val: -1111.6423)
Epoch  419/1000 | train: -1147.0631 (-2.1108 bpd) | val: -1110.2669 (-2.0431 bpd) | z_mean: 0.005 | z_std: 0.910 | lr: 0.000081
Epoch  420/1000 | train: -1147.3234 (-2.1113 bpd) | val: -1111.3260 (-2.0450 bpd) | z_mean: 0.011 | z_std: 0.943 | lr: 0.000081
Epoch  421/1000 | train: -1147.6888 (-2.1119 bpd) | val: -1106.9181 (-2.0369 bpd) | z_mean: 0.036 | z_std: 0.915 | lr: 0.000081
Epoch  422/1000 | train: -1148.0174 (-2.1125 bpd) | val: -1112.0871 (-2.0464 bpd) | z_mean: 0.008 | z_std: 0.896 | lr: 0.000081
  New best model at epoch 422 (val: -1112.0871)
Epoch  423/1000 | train: -1148.0927 (-2.1127 bpd) | val: -1111.3455 (-2.0451 bpd) | z_mean: 0.002 | z_std: 0.901 | lr: 0.000081
Epoch  424/1000 | train: -1148.4157 (-2.1133 bpd) | val: -1112.2583 (-2.0467 bpd) | z_mean: -0.001 | z_std: 0.866 | lr: 0.000081
  New best model at epoch 424 (val: -1112.2583)
Epoch  425/1000 | train: -1148.7016 (-2.1138 bpd) | val: -1110.6882 (-2.0439 bpd) | z_mean: 0.010 | z_std: 0.916 | lr: 0.000081
Epoch  426/1000 | train: -1148.8939 (-2.1142 bpd) | val: -1113.7523 (-2.0495 bpd) | z_mean: -0.002 | z_std: 0.893 | lr: 0.000081
  New best model at epoch 426 (val: -1113.7523)
Epoch  427/1000 | train: -1148.8255 (-2.1140 bpd) | val: -1112.8349 (-2.0478 bpd) | z_mean: 0.003 | z_std: 0.859 | lr: 0.000081
Epoch  428/1000 | train: -1149.3301 (-2.1150 bpd) | val: -1113.3548 (-2.0488 bpd) | z_mean: 0.005 | z_std: 0.896 | lr: 0.000081
Epoch  429/1000 | train: -1149.7220 (-2.1157 bpd) | val: -1110.6020 (-2.0437 bpd) | z_mean: 0.022 | z_std: 0.935 | lr: 0.000081
Epoch  430/1000 | train: -1149.8974 (-2.1160 bpd) | val: -1112.9645 (-2.0480 bpd) | z_mean: 0.008 | z_std: 0.919 | lr: 0.000081
Epoch  431/1000 | train: -1149.8662 (-2.1160 bpd) | val: -1112.9440 (-2.0480 bpd) | z_mean: 0.025 | z_std: 0.888 | lr: 0.000081
Epoch  432/1000 | train: -1149.8842 (-2.1160 bpd) | val: -1115.8280 (-2.0533 bpd) | z_mean: 0.012 | z_std: 0.915 | lr: 0.000081
  New best model at epoch 432 (val: -1115.8280)
Epoch  433/1000 | train: -1149.7735 (-2.1158 bpd) | val: -1114.6088 (-2.0511 bpd) | z_mean: 0.021 | z_std: 0.860 | lr: 0.000081
Epoch  434/1000 | train: -1151.1380 (-2.1183 bpd) | val: -1112.9896 (-2.0481 bpd) | z_mean: 0.012 | z_std: 0.893 | lr: 0.000080
Epoch  435/1000 | train: -1150.6757 (-2.1174 bpd) | val: -1114.8939 (-2.0516 bpd) | z_mean: 0.020 | z_std: 0.876 | lr: 0.000080
Epoch  436/1000 | train: -1151.2319 (-2.1185 bpd) | val: -1114.8810 (-2.0516 bpd) | z_mean: 0.006 | z_std: 0.895 | lr: 0.000080
Epoch  437/1000 | train: -1151.4190 (-2.1188 bpd) | val: -1116.1094 (-2.0538 bpd) | z_mean: 0.010 | z_std: 0.849 | lr: 0.000080
  New best model at epoch 437 (val: -1116.1094)
Epoch  438/1000 | train: -1151.3662 (-2.1187 bpd) | val: -1113.1128 (-2.0483 bpd) | z_mean: 0.019 | z_std: 0.916 | lr: 0.000080
Epoch  439/1000 | train: -1151.1450 (-2.1183 bpd) | val: -1114.0945 (-2.0501 bpd) | z_mean: 0.019 | z_std: 0.890 | lr: 0.000080
Epoch  440/1000 | train: -1151.2000 (-2.1184 bpd) | val: -1113.9250 (-2.0498 bpd) | z_mean: 0.002 | z_std: 0.888 | lr: 0.000080
Epoch  441/1000 | train: -1151.4813 (-2.1189 bpd) | val: -1115.0047 (-2.0518 bpd) | z_mean: 0.018 | z_std: 0.878 | lr: 0.000080
Epoch  442/1000 | train: -1152.6939 (-2.1212 bpd) | val: -1111.7698 (-2.0458 bpd) | z_mean: 0.001 | z_std: 0.916 | lr: 0.000080
Epoch  443/1000 | train: -1152.5084 (-2.1208 bpd) | val: -1109.8738 (-2.0424 bpd) | z_mean: 0.035 | z_std: 0.916 | lr: 0.000080
Epoch  444/1000 | train: -1152.4048 (-2.1206 bpd) | val: -1115.0058 (-2.0518 bpd) | z_mean: 0.011 | z_std: 0.903 | lr: 0.000080
Epoch  445/1000 | train: -1152.4394 (-2.1207 bpd) | val: -1115.5953 (-2.0529 bpd) | z_mean: 0.027 | z_std: 0.931 | lr: 0.000080
Epoch  446/1000 | train: -1152.7510 (-2.1213 bpd) | val: -1115.0771 (-2.0519 bpd) | z_mean: 0.002 | z_std: 0.884 | lr: 0.000080
Epoch  447/1000 | train: -1153.2826 (-2.1222 bpd) | val: -1115.7197 (-2.0531 bpd) | z_mean: 0.027 | z_std: 0.852 | lr: 0.000080
Epoch  448/1000 | train: -1153.5226 (-2.1227 bpd) | val: -1114.4074 (-2.0507 bpd) | z_mean: 0.010 | z_std: 0.876 | lr: 0.000080
Epoch  449/1000 | train: -1153.1762 (-2.1220 bpd) | val: -1115.4216 (-2.0526 bpd) | z_mean: 0.005 | z_std: 0.893 | lr: 0.000080
Epoch  450/1000 | train: -1153.7618 (-2.1231 bpd) | val: -1116.8315 (-2.0552 bpd) | z_mean: -0.002 | z_std: 0.892 | lr: 0.000080
  New best model at epoch 450 (val: -1116.8315)
Epoch  451/1000 | train: -1153.6736 (-2.1230 bpd) | val: -1117.1537 (-2.0558 bpd) | z_mean: -0.004 | z_std: 0.859 | lr: 0.000080
  New best model at epoch 451 (val: -1117.1537)
Epoch  452/1000 | train: -1154.2962 (-2.1241 bpd) | val: -1115.9257 (-2.0535 bpd) | z_mean: -0.004 | z_std: 0.874 | lr: 0.000080
Epoch  453/1000 | train: -1154.7528 (-2.1249 bpd) | val: -1115.9413 (-2.0535 bpd) | z_mean: -0.008 | z_std: 0.891 | lr: 0.000080
Epoch  454/1000 | train: -1153.9760 (-2.1235 bpd) | val: -1115.8704 (-2.0534 bpd) | z_mean: 0.030 | z_std: 0.868 | lr: 0.000080
Epoch  455/1000 | train: -1155.3307 (-2.1260 bpd) | val: -1115.7829 (-2.0532 bpd) | z_mean: 0.016 | z_std: 0.854 | lr: 0.000080
Epoch  456/1000 | train: -1155.3163 (-2.1260 bpd) | val: -1112.2364 (-2.0467 bpd) | z_mean: 0.019 | z_std: 0.904 | lr: 0.000080
Epoch  457/1000 | train: -1155.1829 (-2.1257 bpd) | val: -1113.5734 (-2.0492 bpd) | z_mean: -0.007 | z_std: 0.878 | lr: 0.000080
Epoch  458/1000 | train: -1155.1443 (-2.1257 bpd) | val: -1115.2718 (-2.0523 bpd) | z_mean: 0.001 | z_std: 0.864 | lr: 0.000080
Epoch  459/1000 | train: -1156.0669 (-2.1274 bpd) | val: -1119.7811 (-2.0606 bpd) | z_mean: -0.009 | z_std: 0.867 | lr: 0.000079
  New best model at epoch 459 (val: -1119.7811)
Epoch  460/1000 | train: -1155.9483 (-2.1271 bpd) | val: -1113.8865 (-2.0497 bpd) | z_mean: 0.035 | z_std: 0.880 | lr: 0.000079
Epoch  461/1000 | train: -1155.9898 (-2.1272 bpd) | val: -1117.9890 (-2.0573 bpd) | z_mean: 0.020 | z_std: 0.876 | lr: 0.000079
Epoch  462/1000 | train: -1156.1318 (-2.1275 bpd) | val: -1118.8897 (-2.0589 bpd) | z_mean: 0.021 | z_std: 0.880 | lr: 0.000079
Epoch  463/1000 | train: -1156.4987 (-2.1282 bpd) | val: -1119.7437 (-2.0605 bpd) | z_mean: 0.007 | z_std: 0.856 | lr: 0.000079
Epoch  464/1000 | train: -1156.5708 (-2.1283 bpd) | val: -1117.2617 (-2.0560 bpd) | z_mean: 0.000 | z_std: 0.886 | lr: 0.000079
Epoch  465/1000 | train: -1156.9094 (-2.1289 bpd) | val: -1119.6232 (-2.0603 bpd) | z_mean: 0.008 | z_std: 0.891 | lr: 0.000079
Epoch  466/1000 | train: -1157.2617 (-2.1296 bpd) | val: -1117.5761 (-2.0565 bpd) | z_mean: 0.016 | z_std: 0.888 | lr: 0.000079
Epoch  467/1000 | train: -1157.1325 (-2.1293 bpd) | val: -1119.5797 (-2.0602 bpd) | z_mean: 0.007 | z_std: 0.853 | lr: 0.000079
Epoch  468/1000 | train: -1157.7580 (-2.1305 bpd) | val: -1120.2911 (-2.0615 bpd) | z_mean: 0.013 | z_std: 0.846 | lr: 0.000079
  New best model at epoch 468 (val: -1120.2911)
Epoch  469/1000 | train: -1157.3584 (-2.1297 bpd) | val: -1119.1438 (-2.0594 bpd) | z_mean: 0.004 | z_std: 0.867 | lr: 0.000079
Epoch  470/1000 | train: -1157.5710 (-2.1301 bpd) | val: -1113.1242 (-2.0483 bpd) | z_mean: 0.014 | z_std: 0.917 | lr: 0.000079
Epoch  471/1000 | train: -1157.6371 (-2.1303 bpd) | val: -1117.3412 (-2.0561 bpd) | z_mean: 0.027 | z_std: 0.872 | lr: 0.000079
Epoch  472/1000 | train: -1158.1638 (-2.1312 bpd) | val: -1117.6504 (-2.0567 bpd) | z_mean: -0.003 | z_std: 0.880 | lr: 0.000079
Epoch  473/1000 | train: -1158.1980 (-2.1313 bpd) | val: -1118.8586 (-2.0589 bpd) | z_mean: 0.012 | z_std: 0.854 | lr: 0.000079
Epoch  474/1000 | train: -1158.4798 (-2.1318 bpd) | val: -1115.4459 (-2.0526 bpd) | z_mean: -0.003 | z_std: 0.879 | lr: 0.000079
Epoch  475/1000 | train: -1158.5204 (-2.1319 bpd) | val: -1121.1085 (-2.0630 bpd) | z_mean: 0.001 | z_std: 0.865 | lr: 0.000079
  New best model at epoch 475 (val: -1121.1085)
Epoch  476/1000 | train: -1158.7055 (-2.1322 bpd) | val: -1118.9768 (-2.0591 bpd) | z_mean: 0.012 | z_std: 0.857 | lr: 0.000079
Epoch  477/1000 | train: -1159.6324 (-2.1339 bpd) | val: -1119.5304 (-2.0601 bpd) | z_mean: 0.011 | z_std: 0.826 | lr: 0.000079
Epoch  478/1000 | train: -1159.2822 (-2.1333 bpd) | val: -1117.8437 (-2.0570 bpd) | z_mean: 0.014 | z_std: 0.854 | lr: 0.000079
Epoch  479/1000 | train: -1159.2037 (-2.1331 bpd) | val: -1119.7264 (-2.0605 bpd) | z_mean: 0.019 | z_std: 0.863 | lr: 0.000079
Epoch  480/1000 | train: -1159.8114 (-2.1343 bpd) | val: -1117.7291 (-2.0568 bpd) | z_mean: 0.008 | z_std: 0.877 | lr: 0.000079
Epoch  481/1000 | train: -1159.9775 (-2.1346 bpd) | val: -1117.0444 (-2.0556 bpd) | z_mean: 0.029 | z_std: 0.866 | lr: 0.000079
Epoch  482/1000 | train: -1160.4597 (-2.1354 bpd) | val: -1119.4686 (-2.0600 bpd) | z_mean: 0.017 | z_std: 0.863 | lr: 0.000079
Epoch  483/1000 | train: -1160.8413 (-2.1361 bpd) | val: -1120.3640 (-2.0617 bpd) | z_mean: 0.016 | z_std: 0.867 | lr: 0.000079
Epoch  484/1000 | train: -1160.2894 (-2.1351 bpd) | val: -1122.1137 (-2.0649 bpd) | z_mean: -0.002 | z_std: 0.861 | lr: 0.000079
  New best model at epoch 484 (val: -1122.1137)
Epoch  485/1000 | train: -1160.5381 (-2.1356 bpd) | val: -1119.8197 (-2.0607 bpd) | z_mean: 0.017 | z_std: 0.855 | lr: 0.000078
Epoch  486/1000 | train: -1161.1123 (-2.1366 bpd) | val: -1120.2020 (-2.0614 bpd) | z_mean: 0.026 | z_std: 0.868 | lr: 0.000078
Epoch  487/1000 | train: -1160.9998 (-2.1364 bpd) | val: -1119.4033 (-2.0599 bpd) | z_mean: 0.005 | z_std: 0.842 | lr: 0.000078
Epoch  488/1000 | train: -1161.5569 (-2.1375 bpd) | val: -1120.4212 (-2.0618 bpd) | z_mean: -0.009 | z_std: 0.819 | lr: 0.000078
Epoch  489/1000 | train: -1161.9893 (-2.1383 bpd) | val: -1121.5654 (-2.0639 bpd) | z_mean: 0.005 | z_std: 0.833 | lr: 0.000078
Epoch  490/1000 | train: -1161.1276 (-2.1367 bpd) | val: -1120.1281 (-2.0612 bpd) | z_mean: 0.011 | z_std: 0.853 | lr: 0.000078
Epoch  491/1000 | train: -1162.0725 (-2.1384 bpd) | val: -1118.4592 (-2.0582 bpd) | z_mean: 0.015 | z_std: 0.837 | lr: 0.000078
Epoch  492/1000 | train: -1162.1735 (-2.1386 bpd) | val: -1122.2111 (-2.0651 bpd) | z_mean: 0.001 | z_std: 0.855 | lr: 0.000078
  New best model at epoch 492 (val: -1122.2111)
Epoch  493/1000 | train: -1162.4792 (-2.1392 bpd) | val: -1122.5267 (-2.0656 bpd) | z_mean: 0.012 | z_std: 0.836 | lr: 0.000078
  New best model at epoch 493 (val: -1122.5267)
Epoch  494/1000 | train: -1162.6373 (-2.1395 bpd) | val: -1122.3546 (-2.0653 bpd) | z_mean: 0.002 | z_std: 0.829 | lr: 0.000078
Epoch  495/1000 | train: -1162.4592 (-2.1391 bpd) | val: -1122.1402 (-2.0649 bpd) | z_mean: 0.017 | z_std: 0.843 | lr: 0.000078
Epoch  496/1000 | train: -1162.4473 (-2.1391 bpd) | val: -1123.6621 (-2.0677 bpd) | z_mean: 0.027 | z_std: 0.827 | lr: 0.000078
  New best model at epoch 496 (val: -1123.6621)
Epoch  497/1000 | train: -1162.6959 (-2.1396 bpd) | val: -1121.8762 (-2.0644 bpd) | z_mean: 0.010 | z_std: 0.816 | lr: 0.000078
Epoch  498/1000 | train: -1163.1647 (-2.1404 bpd) | val: -1123.1016 (-2.0667 bpd) | z_mean: 0.007 | z_std: 0.819 | lr: 0.000078
Epoch  499/1000 | train: -1163.0041 (-2.1401 bpd) | val: -1122.9803 (-2.0665 bpd) | z_mean: 0.012 | z_std: 0.835 | lr: 0.000078
Epoch  500/1000 | train: -1164.0339 (-2.1420 bpd) | val: -1121.1250 (-2.0631 bpd) | z_mean: 0.008 | z_std: 0.861 | lr: 0.000078
Epoch  501/1000 | train: -1163.5332 (-2.1411 bpd) | val: -1124.7147 (-2.0697 bpd) | z_mean: 0.013 | z_std: 0.839 | lr: 0.000078
  New best model at epoch 501 (val: -1124.7147)
Epoch  502/1000 | train: -1163.6023 (-2.1412 bpd) | val: -1123.9006 (-2.0682 bpd) | z_mean: 0.015 | z_std: 0.833 | lr: 0.000078
Epoch  503/1000 | train: -1163.6122 (-2.1412 bpd) | val: -1121.5011 (-2.0638 bpd) | z_mean: 0.010 | z_std: 0.829 | lr: 0.000078
Epoch  504/1000 | train: -1164.1380 (-2.1422 bpd) | val: -1123.1154 (-2.0667 bpd) | z_mean: 0.018 | z_std: 0.841 | lr: 0.000078
Epoch  505/1000 | train: -1164.5414 (-2.1430 bpd) | val: -1123.7832 (-2.0680 bpd) | z_mean: 0.007 | z_std: 0.826 | lr: 0.000078
Epoch  506/1000 | train: -1163.9930 (-2.1419 bpd) | val: -1121.9850 (-2.0646 bpd) | z_mean: 0.018 | z_std: 0.859 | lr: 0.000078
Epoch  507/1000 | train: -1164.1840 (-2.1423 bpd) | val: -1122.0304 (-2.0647 bpd) | z_mean: 0.005 | z_std: 0.835 | lr: 0.000078
Epoch  508/1000 | train: -1165.3135 (-2.1444 bpd) | val: -1122.8350 (-2.0662 bpd) | z_mean: 0.011 | z_std: 0.822 | lr: 0.000078
Epoch  509/1000 | train: -1165.1247 (-2.1440 bpd) | val: -1121.6587 (-2.0640 bpd) | z_mean: 0.021 | z_std: 0.828 | lr: 0.000078
Epoch  510/1000 | train: -1165.1126 (-2.1440 bpd) | val: -1125.0708 (-2.0703 bpd) | z_mean: -0.015 | z_std: 0.823 | lr: 0.000077
  New best model at epoch 510 (val: -1125.0708)
Epoch  511/1000 | train: -1165.2910 (-2.1443 bpd) | val: -1122.1781 (-2.0650 bpd) | z_mean: -0.009 | z_std: 0.877 | lr: 0.000077
Epoch  512/1000 | train: -1165.7051 (-2.1451 bpd) | val: -1123.0661 (-2.0666 bpd) | z_mean: -0.006 | z_std: 0.832 | lr: 0.000077
Epoch  513/1000 | train: -1165.4629 (-2.1447 bpd) | val: -1125.1035 (-2.0704 bpd) | z_mean: 0.002 | z_std: 0.838 | lr: 0.000077
  New best model at epoch 513 (val: -1125.1035)
Epoch  514/1000 | train: -1165.4214 (-2.1446 bpd) | val: -1125.9664 (-2.0720 bpd) | z_mean: 0.013 | z_std: 0.823 | lr: 0.000077
  New best model at epoch 514 (val: -1125.9664)
Epoch  515/1000 | train: -1165.7057 (-2.1451 bpd) | val: -1125.6992 (-2.0715 bpd) | z_mean: 0.011 | z_std: 0.830 | lr: 0.000077
Epoch  516/1000 | train: -1166.1532 (-2.1459 bpd) | val: -1125.4121 (-2.0710 bpd) | z_mean: 0.006 | z_std: 0.796 | lr: 0.000077
Epoch  517/1000 | train: -1166.2359 (-2.1461 bpd) | val: -1124.7981 (-2.0698 bpd) | z_mean: -0.004 | z_std: 0.845 | lr: 0.000077
Epoch  518/1000 | train: -1166.1270 (-2.1459 bpd) | val: -1126.4854 (-2.0729 bpd) | z_mean: -0.002 | z_std: 0.819 | lr: 0.000077
  New best model at epoch 518 (val: -1126.4854)
Epoch  519/1000 | train: -1166.9569 (-2.1474 bpd) | val: -1125.3535 (-2.0708 bpd) | z_mean: 0.007 | z_std: 0.809 | lr: 0.000077
Epoch  520/1000 | train: -1166.6780 (-2.1469 bpd) | val: -1126.9549 (-2.0738 bpd) | z_mean: 0.022 | z_std: 0.803 | lr: 0.000077
  New best model at epoch 520 (val: -1126.9549)
Epoch  521/1000 | train: -1166.8736 (-2.1472 bpd) | val: -1124.4631 (-2.0692 bpd) | z_mean: 0.004 | z_std: 0.834 | lr: 0.000077
Epoch  522/1000 | train: -1166.8794 (-2.1473 bpd) | val: -1126.4657 (-2.0729 bpd) | z_mean: -0.009 | z_std: 0.808 | lr: 0.000077
Epoch  523/1000 | train: -1167.1475 (-2.1478 bpd) | val: -1123.3361 (-2.0671 bpd) | z_mean: 0.021 | z_std: 0.807 | lr: 0.000077
Epoch  524/1000 | train: -1167.3906 (-2.1482 bpd) | val: -1118.9778 (-2.0591 bpd) | z_mean: -0.006 | z_std: 0.848 | lr: 0.000077
Epoch  525/1000 | train: -1167.3288 (-2.1481 bpd) | val: -1125.9902 (-2.0720 bpd) | z_mean: 0.022 | z_std: 0.839 | lr: 0.000077
Epoch  526/1000 | train: -1167.7288 (-2.1488 bpd) | val: -1124.9324 (-2.0701 bpd) | z_mean: 0.014 | z_std: 0.821 | lr: 0.000077
Epoch  527/1000 | train: -1167.6917 (-2.1488 bpd) | val: -1125.5894 (-2.0713 bpd) | z_mean: 0.003 | z_std: 0.794 | lr: 0.000077
Epoch  528/1000 | train: -1168.4928 (-2.1502 bpd) | val: -1125.9842 (-2.0720 bpd) | z_mean: 0.012 | z_std: 0.810 | lr: 0.000077
Epoch  529/1000 | train: -1168.3828 (-2.1500 bpd) | val: -1128.1390 (-2.0760 bpd) | z_mean: 0.021 | z_std: 0.795 | lr: 0.000077
  New best model at epoch 529 (val: -1128.1390)
Epoch  530/1000 | train: -1167.8918 (-2.1491 bpd) | val: -1124.7544 (-2.0697 bpd) | z_mean: 0.010 | z_std: 0.794 | lr: 0.000077
Epoch  531/1000 | train: -1168.4355 (-2.1501 bpd) | val: -1125.4139 (-2.0710 bpd) | z_mean: 0.013 | z_std: 0.860 | lr: 0.000077
Epoch  532/1000 | train: -1168.5085 (-2.1503 bpd) | val: -1125.7180 (-2.0715 bpd) | z_mean: 0.015 | z_std: 0.831 | lr: 0.000077
Epoch  533/1000 | train: -1168.7784 (-2.1508 bpd) | val: -1125.1675 (-2.0705 bpd) | z_mean: 0.003 | z_std: 0.819 | lr: 0.000077
Epoch  534/1000 | train: -1169.3848 (-2.1519 bpd) | val: -1124.8485 (-2.0699 bpd) | z_mean: -0.008 | z_std: 0.779 | lr: 0.000077
Epoch  535/1000 | train: -1169.4131 (-2.1519 bpd) | val: -1123.3465 (-2.0672 bpd) | z_mean: -0.005 | z_std: 0.805 | lr: 0.000077
Epoch  536/1000 | train: -1169.1398 (-2.1514 bpd) | val: -1127.0239 (-2.0739 bpd) | z_mean: 0.023 | z_std: 0.821 | lr: 0.000076
Epoch  537/1000 | train: -1169.9309 (-2.1529 bpd) | val: -1127.5697 (-2.0749 bpd) | z_mean: 0.016 | z_std: 0.811 | lr: 0.000076
Epoch  538/1000 | train: -1169.6120 (-2.1523 bpd) | val: -1126.6396 (-2.0732 bpd) | z_mean: 0.001 | z_std: 0.814 | lr: 0.000076
Epoch  539/1000 | train: -1169.8277 (-2.1527 bpd) | val: -1127.8584 (-2.0755 bpd) | z_mean: 0.015 | z_std: 0.816 | lr: 0.000076
Traceback (most recent call last):
  File "/usr/lib/python3.12/multiprocessing/resource_sharer.py", line 138, in _serve
    with self._listener.accept() as conn:
         ^^^^^^^^^^^^^^^^^^^^^^^
  File "/usr/lib/python3.12/multiprocessing/connection.py", line 483, in accept
    answer_challenge(c, self._authkey)
  File "/usr/lib/python3.12/multiprocessing/connection.py", line 953, in answer_challenge
    message = connection.recv_bytes(256)         # reject large message
              ^^^^^^^^^^^^^^^^^^^^^^^^^^
  File "/usr/lib/python3.12/multiprocessing/connection.py", line 216, in recv_bytes
    buf = self._recv_bytes(maxlength)
          ^^^^^^^^^^^^^^^^^^^^^^^^^^^
  File "/usr/lib/python3.12/multiprocessing/connection.py", line 430, in _recv_bytes
    buf = self._recv(4)
          ^^^^^^^^^^^^^
  File "/usr/lib/python3.12/multiprocessing/connection.py", line 395, in _recv
    chunk = read(handle, remaining)
            ^^^^^^^^^^^^^^^^^^^^^^^
ConnectionResetError: [Errno 104] Connection reset by peer
