nohup: ignoring input
Dataset : mnist
Device  : cuda
No checkpoint found. Training from scratch.
Using checkpoint: None
Parameters : 19,158,352
Initial LR : 0.000100
Epoch    1/1000 | train: 1090.1872 (2.0061 bpd) | val: 1078.6729 (1.9849 bpd) | z_mean: 0.002 | z_std: 0.246 | lr: 0.000100
  New best model at epoch 1 (val: 1078.6729)
Epoch    2/1000 | train: 1067.4490 (1.9643 bpd) | val: 1056.5654 (1.9443 bpd) | z_mean: 0.001 | z_std: 0.215 | lr: 0.000100
  New best model at epoch 2 (val: 1056.5654)
Epoch    3/1000 | train: 1046.3687 (1.9255 bpd) | val: 1036.1266 (1.9067 bpd) | z_mean: -0.001 | z_std: 0.192 | lr: 0.000100
  New best model at epoch 3 (val: 1036.1266)
Epoch    4/1000 | train: 1026.4348 (1.8888 bpd) | val: 1016.6308 (1.8708 bpd) | z_mean: -0.002 | z_std: 0.182 | lr: 0.000100
  New best model at epoch 4 (val: 1016.6308)
Epoch    5/1000 | train: 1007.2614 (1.8535 bpd) | val: 997.9404 (1.8364 bpd) | z_mean: -0.003 | z_std: 0.176 | lr: 0.000100
  New best model at epoch 5 (val: 997.9404)
Epoch    6/1000 | train: 988.7911 (1.8195 bpd) | val: 979.6269 (1.8027 bpd) | z_mean: -0.002 | z_std: 0.173 | lr: 0.000100
  New best model at epoch 6 (val: 979.6269)
Epoch    7/1000 | train: 970.6378 (1.7861 bpd) | val: 961.4853 (1.7693 bpd) | z_mean: 0.000 | z_std: 0.167 | lr: 0.000100
  New best model at epoch 7 (val: 961.4853)
Epoch    8/1000 | train: 952.5921 (1.7529 bpd) | val: 943.5800 (1.7363 bpd) | z_mean: -0.001 | z_std: 0.168 | lr: 0.000100
  New best model at epoch 8 (val: 943.5800)
Epoch    9/1000 | train: 934.7938 (1.7202 bpd) | val: 925.7816 (1.7036 bpd) | z_mean: -0.000 | z_std: 0.167 | lr: 0.000100
  New best model at epoch 9 (val: 925.7816)
Epoch   10/1000 | train: 917.0593 (1.6875 bpd) | val: 908.1678 (1.6712 bpd) | z_mean: -0.002 | z_std: 0.165 | lr: 0.000100
  New best model at epoch 10 (val: 908.1678)
Epoch   11/1000 | train: 899.5215 (1.6553 bpd) | val: 890.7193 (1.6391 bpd) | z_mean: -0.002 | z_std: 0.162 | lr: 0.000099
  New best model at epoch 11 (val: 890.7193)
Epoch   12/1000 | train: 882.0788 (1.6232 bpd) | val: 873.3877 (1.6072 bpd) | z_mean: -0.000 | z_std: 0.161 | lr: 0.000099
  New best model at epoch 12 (val: 873.3877)
Epoch   13/1000 | train: 864.7633 (1.5913 bpd) | val: 856.1170 (1.5754 bpd) | z_mean: 0.000 | z_std: 0.169 | lr: 0.000099
  New best model at epoch 13 (val: 856.1170)
Epoch   14/1000 | train: 847.5222 (1.5596 bpd) | val: 838.8578 (1.5436 bpd) | z_mean: 0.002 | z_std: 0.170 | lr: 0.000099
  New best model at epoch 14 (val: 838.8578)
Epoch   15/1000 | train: 830.4649 (1.5282 bpd) | val: 821.9415 (1.5125 bpd) | z_mean: -0.002 | z_std: 0.167 | lr: 0.000099
  New best model at epoch 15 (val: 821.9415)
Epoch   16/1000 | train: 813.3737 (1.4967 bpd) | val: 804.7888 (1.4810 bpd) | z_mean: -0.001 | z_std: 0.171 | lr: 0.000099
  New best model at epoch 16 (val: 804.7888)
Epoch   17/1000 | train: 796.2691 (1.4653 bpd) | val: 787.7274 (1.4496 bpd) | z_mean: -0.003 | z_std: 0.169 | lr: 0.000099
  New best model at epoch 17 (val: 787.7274)
Epoch   18/1000 | train: 779.3654 (1.4342 bpd) | val: 770.8806 (1.4186 bpd) | z_mean: 0.005 | z_std: 0.173 | lr: 0.000099
  New best model at epoch 18 (val: 770.8806)
Epoch   19/1000 | train: 762.4396 (1.4030 bpd) | val: 754.0170 (1.3875 bpd) | z_mean: 0.003 | z_std: 0.173 | lr: 0.000099
  New best model at epoch 19 (val: 754.0170)
Epoch   20/1000 | train: 746.0384 (1.3728 bpd) | val: 737.7493 (1.3576 bpd) | z_mean: 0.003 | z_std: 0.173 | lr: 0.000099
  New best model at epoch 20 (val: 737.7493)
Epoch   21/1000 | train: 729.3737 (1.3422 bpd) | val: 721.1008 (1.3269 bpd) | z_mean: -0.000 | z_std: 0.177 | lr: 0.000099
  New best model at epoch 21 (val: 721.1008)
Epoch   22/1000 | train: 712.7018 (1.3115 bpd) | val: 704.4944 (1.2964 bpd) | z_mean: 0.005 | z_std: 0.175 | lr: 0.000099
  New best model at epoch 22 (val: 704.4944)
Epoch   23/1000 | train: 695.9992 (1.2808 bpd) | val: 687.6732 (1.2654 bpd) | z_mean: 0.003 | z_std: 0.181 | lr: 0.000099
  New best model at epoch 23 (val: 687.6732)
Epoch   24/1000 | train: 679.2661 (1.2500 bpd) | val: 670.9183 (1.2346 bpd) | z_mean: 0.001 | z_std: 0.187 | lr: 0.000099
  New best model at epoch 24 (val: 670.9183)
Epoch   25/1000 | train: 662.5330 (1.2192 bpd) | val: 654.4463 (1.2043 bpd) | z_mean: 0.006 | z_std: 0.185 | lr: 0.000099
  New best model at epoch 25 (val: 654.4463)
Epoch   26/1000 | train: 646.1760 (1.1891 bpd) | val: 638.0529 (1.1741 bpd) | z_mean: 0.001 | z_std: 0.186 | lr: 0.000099
  New best model at epoch 26 (val: 638.0529)
Epoch   27/1000 | train: 630.0590 (1.1594 bpd) | val: 621.8766 (1.1444 bpd) | z_mean: -0.000 | z_std: 0.188 | lr: 0.000099
  New best model at epoch 27 (val: 621.8766)
Epoch   28/1000 | train: 613.8357 (1.1296 bpd) | val: 606.0722 (1.1153 bpd) | z_mean: -0.000 | z_std: 0.192 | lr: 0.000099
  New best model at epoch 28 (val: 606.0722)
Epoch   29/1000 | train: 598.0304 (1.1005 bpd) | val: 590.0089 (1.0857 bpd) | z_mean: 0.002 | z_std: 0.188 | lr: 0.000099
  New best model at epoch 29 (val: 590.0089)
Epoch   30/1000 | train: 581.8502 (1.0707 bpd) | val: 573.7760 (1.0558 bpd) | z_mean: 0.001 | z_std: 0.199 | lr: 0.000099
  New best model at epoch 30 (val: 573.7760)
Epoch   31/1000 | train: 565.7214 (1.0410 bpd) | val: 557.6046 (1.0261 bpd) | z_mean: -0.001 | z_std: 0.200 | lr: 0.000098
  New best model at epoch 31 (val: 557.6046)
Epoch   32/1000 | train: 549.3432 (1.0109 bpd) | val: 541.1888 (0.9959 bpd) | z_mean: -0.002 | z_std: 0.203 | lr: 0.000098
  New best model at epoch 32 (val: 541.1888)
Epoch   33/1000 | train: 533.2974 (0.9814 bpd) | val: 525.5870 (0.9672 bpd) | z_mean: -0.001 | z_std: 0.204 | lr: 0.000098
  New best model at epoch 33 (val: 525.5870)
Epoch   34/1000 | train: 518.1328 (0.9535 bpd) | val: 511.3498 (0.9410 bpd) | z_mean: 0.003 | z_std: 0.209 | lr: 0.000098
  New best model at epoch 34 (val: 511.3498)
Epoch   35/1000 | train: 503.1617 (0.9259 bpd) | val: 494.5053 (0.9100 bpd) | z_mean: -0.002 | z_std: 0.203 | lr: 0.000098
  New best model at epoch 35 (val: 494.5053)
Epoch   36/1000 | train: 486.3510 (0.8950 bpd) | val: 478.6461 (0.8808 bpd) | z_mean: -0.003 | z_std: 0.213 | lr: 0.000098
  New best model at epoch 36 (val: 478.6461)
Epoch   37/1000 | train: 470.5047 (0.8658 bpd) | val: 462.5017 (0.8511 bpd) | z_mean: 0.001 | z_std: 0.207 | lr: 0.000098
  New best model at epoch 37 (val: 462.5017)
Epoch   38/1000 | train: 454.2120 (0.8358 bpd) | val: 446.2414 (0.8212 bpd) | z_mean: -0.001 | z_std: 0.218 | lr: 0.000098
  New best model at epoch 38 (val: 446.2414)
Epoch   39/1000 | train: 438.4909 (0.8069 bpd) | val: 430.6336 (0.7924 bpd) | z_mean: 0.004 | z_std: 0.222 | lr: 0.000098
  New best model at epoch 39 (val: 430.6336)
Epoch   40/1000 | train: 422.7476 (0.7779 bpd) | val: 414.6478 (0.7630 bpd) | z_mean: -0.001 | z_std: 0.223 | lr: 0.000098
  New best model at epoch 40 (val: 414.6478)
Epoch   41/1000 | train: 406.3670 (0.7478 bpd) | val: 398.4078 (0.7331 bpd) | z_mean: 0.005 | z_std: 0.225 | lr: 0.000098
  New best model at epoch 41 (val: 398.4078)
Epoch   42/1000 | train: 390.4695 (0.7185 bpd) | val: 382.7035 (0.7042 bpd) | z_mean: -0.004 | z_std: 0.228 | lr: 0.000098
  New best model at epoch 42 (val: 382.7035)
Epoch   43/1000 | train: 375.0691 (0.6902 bpd) | val: 367.5696 (0.6764 bpd) | z_mean: -0.004 | z_std: 0.230 | lr: 0.000098
  New best model at epoch 43 (val: 367.5696)
Epoch   44/1000 | train: 359.5575 (0.6616 bpd) | val: 352.0511 (0.6478 bpd) | z_mean: 0.001 | z_std: 0.235 | lr: 0.000098
  New best model at epoch 44 (val: 352.0511)
Epoch   45/1000 | train: 344.4928 (0.6339 bpd) | val: 336.9870 (0.6201 bpd) | z_mean: -0.005 | z_std: 0.237 | lr: 0.000098
  New best model at epoch 45 (val: 336.9870)
Epoch   46/1000 | train: 328.8218 (0.6051 bpd) | val: 320.9274 (0.5906 bpd) | z_mean: 0.000 | z_std: 0.247 | lr: 0.000098
  New best model at epoch 46 (val: 320.9274)
Epoch   47/1000 | train: 312.9015 (0.5758 bpd) | val: 305.2227 (0.5617 bpd) | z_mean: 0.004 | z_std: 0.241 | lr: 0.000098
  New best model at epoch 47 (val: 305.2227)
Epoch   48/1000 | train: 297.3496 (0.5472 bpd) | val: 289.8729 (0.5334 bpd) | z_mean: 0.004 | z_std: 0.249 | lr: 0.000098
  New best model at epoch 48 (val: 289.8729)
Epoch   49/1000 | train: 281.5358 (0.5181 bpd) | val: 274.0164 (0.5042 bpd) | z_mean: 0.001 | z_std: 0.246 | lr: 0.000098
  New best model at epoch 49 (val: 274.0164)
Epoch   50/1000 | train: 265.9740 (0.4894 bpd) | val: 258.5729 (0.4758 bpd) | z_mean: -0.000 | z_std: 0.258 | lr: 0.000098
  New best model at epoch 50 (val: 258.5729)
Epoch   51/1000 | train: 250.7328 (0.4614 bpd) | val: 243.6767 (0.4484 bpd) | z_mean: 0.001 | z_std: 0.263 | lr: 0.000097
  New best model at epoch 51 (val: 243.6767)
Epoch   52/1000 | train: 235.7060 (0.4337 bpd) | val: 228.9802 (0.4214 bpd) | z_mean: 0.003 | z_std: 0.277 | lr: 0.000097
  New best model at epoch 52 (val: 228.9802)
Epoch   53/1000 | train: 220.9095 (0.4065 bpd) | val: 213.3690 (0.3926 bpd) | z_mean: 0.003 | z_std: 0.277 | lr: 0.000097
  New best model at epoch 53 (val: 213.3690)
Epoch   54/1000 | train: 204.8531 (0.3770 bpd) | val: 197.3497 (0.3632 bpd) | z_mean: -0.002 | z_std: 0.278 | lr: 0.000097
  New best model at epoch 54 (val: 197.3497)
Epoch   55/1000 | train: 189.7666 (0.3492 bpd) | val: 182.7787 (0.3363 bpd) | z_mean: 0.010 | z_std: 0.277 | lr: 0.000097
  New best model at epoch 55 (val: 182.7787)
Epoch   56/1000 | train: 174.8828 (0.3218 bpd) | val: 168.2818 (0.3097 bpd) | z_mean: 0.004 | z_std: 0.291 | lr: 0.000097
  New best model at epoch 56 (val: 168.2818)
Epoch   57/1000 | train: 159.3606 (0.2933 bpd) | val: 152.0897 (0.2799 bpd) | z_mean: -0.005 | z_std: 0.292 | lr: 0.000097
  New best model at epoch 57 (val: 152.0897)
Epoch   58/1000 | train: 143.7397 (0.2645 bpd) | val: 137.0195 (0.2521 bpd) | z_mean: -0.007 | z_std: 0.297 | lr: 0.000097
  New best model at epoch 58 (val: 137.0195)
Epoch   59/1000 | train: 128.4600 (0.2364 bpd) | val: 120.9702 (0.2226 bpd) | z_mean: 0.003 | z_std: 0.295 | lr: 0.000097
  New best model at epoch 59 (val: 120.9702)
Epoch   60/1000 | train: 113.3007 (0.2085 bpd) | val: 106.2880 (0.1956 bpd) | z_mean: -0.001 | z_std: 0.302 | lr: 0.000097
  New best model at epoch 60 (val: 106.2880)
Epoch   61/1000 | train: 98.4554 (0.1812 bpd) | val: 91.4359 (0.1683 bpd) | z_mean: -0.001 | z_std: 0.312 | lr: 0.000097
  New best model at epoch 61 (val: 91.4359)
Epoch   62/1000 | train: 83.2925 (0.1533 bpd) | val: 76.7032 (0.1411 bpd) | z_mean: -0.004 | z_std: 0.312 | lr: 0.000097
  New best model at epoch 62 (val: 76.7032)
Epoch   63/1000 | train: 68.5953 (0.1262 bpd) | val: 61.8531 (0.1138 bpd) | z_mean: -0.001 | z_std: 0.314 | lr: 0.000097
  New best model at epoch 63 (val: 61.8531)
Epoch   64/1000 | train: 53.6011 (0.0986 bpd) | val: 46.6227 (0.0858 bpd) | z_mean: -0.000 | z_std: 0.319 | lr: 0.000097
  New best model at epoch 64 (val: 46.6227)
Epoch   65/1000 | train: 38.6788 (0.0712 bpd) | val: 31.9616 (0.0588 bpd) | z_mean: 0.001 | z_std: 0.323 | lr: 0.000097
  New best model at epoch 65 (val: 31.9616)
Epoch   66/1000 | train: 23.4859 (0.0432 bpd) | val: 16.8949 (0.0311 bpd) | z_mean: 0.003 | z_std: 0.332 | lr: 0.000097
  New best model at epoch 66 (val: 16.8949)
Epoch   67/1000 | train: 8.6923 (0.0160 bpd) | val: 1.9057 (0.0035 bpd) | z_mean: 0.004 | z_std: 0.345 | lr: 0.000097
  New best model at epoch 67 (val: 1.9057)
Epoch   68/1000 | train: -6.6949 (-0.0123 bpd) | val: -12.8545 (-0.0237 bpd) | z_mean: 0.007 | z_std: 0.341 | lr: 0.000097
  New best model at epoch 68 (val: -12.8545)
Epoch   69/1000 | train: -21.1600 (-0.0389 bpd) | val: -27.7613 (-0.0511 bpd) | z_mean: 0.005 | z_std: 0.345 | lr: 0.000097
  New best model at epoch 69 (val: -27.7613)
Epoch   70/1000 | train: -36.1587 (-0.0665 bpd) | val: -42.8455 (-0.0788 bpd) | z_mean: 0.002 | z_std: 0.354 | lr: 0.000097
  New best model at epoch 70 (val: -42.8455)
Epoch   71/1000 | train: -50.7097 (-0.0933 bpd) | val: -56.7779 (-0.1045 bpd) | z_mean: -0.005 | z_std: 0.361 | lr: 0.000097
  New best model at epoch 71 (val: -56.7779)
Epoch   72/1000 | train: -65.5356 (-0.1206 bpd) | val: -72.2213 (-0.1329 bpd) | z_mean: -0.002 | z_std: 0.357 | lr: 0.000096
  New best model at epoch 72 (val: -72.2213)
Epoch   73/1000 | train: -80.5350 (-0.1482 bpd) | val: -86.6617 (-0.1595 bpd) | z_mean: 0.003 | z_std: 0.376 | lr: 0.000096
  New best model at epoch 73 (val: -86.6617)
Epoch   74/1000 | train: -95.4485 (-0.1756 bpd) | val: -101.6907 (-0.1871 bpd) | z_mean: 0.013 | z_std: 0.379 | lr: 0.000096
  New best model at epoch 74 (val: -101.6907)
Epoch   75/1000 | train: -110.1796 (-0.2027 bpd) | val: -116.4540 (-0.2143 bpd) | z_mean: -0.000 | z_std: 0.379 | lr: 0.000096
  New best model at epoch 75 (val: -116.4540)
Epoch   76/1000 | train: -124.7703 (-0.2296 bpd) | val: -130.9671 (-0.2410 bpd) | z_mean: -0.002 | z_std: 0.391 | lr: 0.000096
  New best model at epoch 76 (val: -130.9671)
Epoch   77/1000 | train: -139.4424 (-0.2566 bpd) | val: -145.3277 (-0.2674 bpd) | z_mean: -0.000 | z_std: 0.393 | lr: 0.000096
  New best model at epoch 77 (val: -145.3277)
Epoch   78/1000 | train: -153.6092 (-0.2827 bpd) | val: -158.9068 (-0.2924 bpd) | z_mean: 0.002 | z_std: 0.412 | lr: 0.000096
  New best model at epoch 78 (val: -158.9068)
Epoch   79/1000 | train: -168.0049 (-0.3092 bpd) | val: -173.6978 (-0.3196 bpd) | z_mean: 0.006 | z_std: 0.404 | lr: 0.000096
  New best model at epoch 79 (val: -173.6978)
Epoch   80/1000 | train: -182.7260 (-0.3362 bpd) | val: -188.3205 (-0.3465 bpd) | z_mean: 0.000 | z_std: 0.407 | lr: 0.000096
  New best model at epoch 80 (val: -188.3205)
Epoch   81/1000 | train: -196.8488 (-0.3622 bpd) | val: -201.0665 (-0.3700 bpd) | z_mean: 0.013 | z_std: 0.439 | lr: 0.000096
  New best model at epoch 81 (val: -201.0665)
Epoch   82/1000 | train: -211.3331 (-0.3889 bpd) | val: -217.1224 (-0.3995 bpd) | z_mean: 0.005 | z_std: 0.436 | lr: 0.000096
  New best model at epoch 82 (val: -217.1224)
Epoch   83/1000 | train: -225.4592 (-0.4149 bpd) | val: -230.1655 (-0.4235 bpd) | z_mean: 0.008 | z_std: 0.446 | lr: 0.000096
  New best model at epoch 83 (val: -230.1655)
Epoch   84/1000 | train: -240.1791 (-0.4420 bpd) | val: -244.9592 (-0.4508 bpd) | z_mean: 0.009 | z_std: 0.456 | lr: 0.000096
  New best model at epoch 84 (val: -244.9592)
Epoch   85/1000 | train: -254.8188 (-0.4689 bpd) | val: -259.1942 (-0.4770 bpd) | z_mean: 0.003 | z_std: 0.452 | lr: 0.000096
  New best model at epoch 85 (val: -259.1942)
Epoch   86/1000 | train: -268.9950 (-0.4950 bpd) | val: -274.5990 (-0.5053 bpd) | z_mean: 0.001 | z_std: 0.462 | lr: 0.000096
  New best model at epoch 86 (val: -274.5990)
Epoch   87/1000 | train: -283.3234 (-0.5214 bpd) | val: -288.6854 (-0.5312 bpd) | z_mean: 0.008 | z_std: 0.454 | lr: 0.000096
  New best model at epoch 87 (val: -288.6854)
Epoch   88/1000 | train: -297.2219 (-0.5469 bpd) | val: -301.4014 (-0.5546 bpd) | z_mean: 0.001 | z_std: 0.479 | lr: 0.000096
  New best model at epoch 88 (val: -301.4014)
Epoch   89/1000 | train: -311.0825 (-0.5724 bpd) | val: -315.5552 (-0.5807 bpd) | z_mean: 0.007 | z_std: 0.480 | lr: 0.000096
  New best model at epoch 89 (val: -315.5552)
Epoch   90/1000 | train: -325.0302 (-0.5981 bpd) | val: -329.8655 (-0.6070 bpd) | z_mean: 0.006 | z_std: 0.482 | lr: 0.000096
  New best model at epoch 90 (val: -329.8655)
Epoch   91/1000 | train: -339.5797 (-0.6249 bpd) | val: -342.7148 (-0.6307 bpd) | z_mean: -0.019 | z_std: 0.504 | lr: 0.000096
  New best model at epoch 91 (val: -342.7148)
Epoch   92/1000 | train: -354.0781 (-0.6516 bpd) | val: -358.3759 (-0.6595 bpd) | z_mean: -0.007 | z_std: 0.508 | lr: 0.000096
  New best model at epoch 92 (val: -358.3759)
Epoch   93/1000 | train: -367.9087 (-0.6770 bpd) | val: -370.6485 (-0.6821 bpd) | z_mean: 0.005 | z_std: 0.513 | lr: 0.000095
  New best model at epoch 93 (val: -370.6485)
Epoch   94/1000 | train: -381.0412 (-0.7012 bpd) | val: -385.0507 (-0.7086 bpd) | z_mean: 0.001 | z_std: 0.516 | lr: 0.000095
  New best model at epoch 94 (val: -385.0507)
Epoch   95/1000 | train: -395.3743 (-0.7276 bpd) | val: -399.6067 (-0.7353 bpd) | z_mean: -0.001 | z_std: 0.497 | lr: 0.000095
  New best model at epoch 95 (val: -399.6067)
Epoch   96/1000 | train: -409.2890 (-0.7532 bpd) | val: -411.4479 (-0.7571 bpd) | z_mean: 0.009 | z_std: 0.551 | lr: 0.000095
  New best model at epoch 96 (val: -411.4479)
Epoch   97/1000 | train: -423.1216 (-0.7786 bpd) | val: -427.2690 (-0.7862 bpd) | z_mean: 0.008 | z_std: 0.549 | lr: 0.000095
  New best model at epoch 97 (val: -427.2690)
Epoch   98/1000 | train: -436.6543 (-0.8035 bpd) | val: -440.1312 (-0.8099 bpd) | z_mean: -0.001 | z_std: 0.557 | lr: 0.000095
  New best model at epoch 98 (val: -440.1312)
Traceback (most recent call last):
  File "/usr/lib/python3.12/multiprocessing/util.py", line 303, in _run_finalizers
    finalizer()
  File "/usr/lib/python3.12/multiprocessing/util.py", line 227, in __call__
    res = self._callback(*self._args, **self._kwargs)
          ^^^^^^^^^^^^^^^^^^^^^^^^^^^^^^^^^^^^^^^^^^^
  File "/usr/lib/python3.12/multiprocessing/util.py", line 136, in _remove_temp_dir
    rmtree(tempdir, onerror=onerror)
  File "/usr/lib/python3.12/shutil.py", line 796, in rmtree
    onexc(os.rmdir, path, err)
  File "/usr/lib/python3.12/shutil.py", line 764, in onexc
    return onerror(func, path, exc_info)
           ^^^^^^^^^^^^^^^^^^^^^^^^^^^^^
  File "/usr/lib/python3.12/shutil.py", line 794, in rmtree
    os.rmdir(path, dir_fd=dir_fd)
OSError: [Errno 39] Directory not empty: '/tmp/pymp-lwwx17y7'
Epoch   99/1000 | train: -450.1970 (-0.8284 bpd) | val: -453.7938 (-0.8351 bpd) | z_mean: 0.001 | z_std: 0.541 | lr: 0.000095
  New best model at epoch 99 (val: -453.7938)
Epoch  100/1000 | train: -463.8035 (-0.8535 bpd) | val: -467.4116 (-0.8601 bpd) | z_mean: 0.008 | z_std: 0.567 | lr: 0.000095
  New best model at epoch 100 (val: -467.4116)
Epoch  101/1000 | train: -477.2114 (-0.8782 bpd) | val: -480.9267 (-0.8850 bpd) | z_mean: -0.001 | z_std: 0.591 | lr: 0.000095
  New best model at epoch 101 (val: -480.9267)
Epoch  102/1000 | train: -491.0760 (-0.9037 bpd) | val: -494.5039 (-0.9100 bpd) | z_mean: -0.001 | z_std: 0.587 | lr: 0.000095
  New best model at epoch 102 (val: -494.5039)
Epoch  103/1000 | train: -504.4547 (-0.9283 bpd) | val: -507.9451 (-0.9347 bpd) | z_mean: 0.025 | z_std: 0.590 | lr: 0.000095
  New best model at epoch 103 (val: -507.9451)
Epoch  104/1000 | train: -517.9569 (-0.9531 bpd) | val: -521.1503 (-0.9590 bpd) | z_mean: -0.004 | z_std: 0.618 | lr: 0.000095
  New best model at epoch 104 (val: -521.1503)
Epoch  105/1000 | train: -531.0930 (-0.9773 bpd) | val: -532.4542 (-0.9798 bpd) | z_mean: 0.003 | z_std: 0.626 | lr: 0.000095
  New best model at epoch 105 (val: -532.4542)
Epoch  106/1000 | train: -544.4297 (-1.0018 bpd) | val: -543.7579 (-1.0006 bpd) | z_mean: 0.017 | z_std: 0.641 | lr: 0.000095
  New best model at epoch 106 (val: -543.7579)
Epoch  107/1000 | train: -557.1984 (-1.0253 bpd) | val: -559.1010 (-1.0288 bpd) | z_mean: 0.010 | z_std: 0.635 | lr: 0.000095
  New best model at epoch 107 (val: -559.1010)
Epoch  108/1000 | train: -570.2244 (-1.0493 bpd) | val: -571.5841 (-1.0518 bpd) | z_mean: 0.017 | z_std: 0.657 | lr: 0.000095
  New best model at epoch 108 (val: -571.5841)
Epoch  109/1000 | train: -583.3106 (-1.0734 bpd) | val: -584.5199 (-1.0756 bpd) | z_mean: -0.001 | z_std: 0.647 | lr: 0.000095
  New best model at epoch 109 (val: -584.5199)
Epoch  110/1000 | train: -596.1708 (-1.0971 bpd) | val: -598.0543 (-1.1005 bpd) | z_mean: 0.011 | z_std: 0.677 | lr: 0.000095
  New best model at epoch 110 (val: -598.0543)
Epoch  111/1000 | train: -609.0206 (-1.1207 bpd) | val: -610.3906 (-1.1232 bpd) | z_mean: 0.013 | z_std: 0.679 | lr: 0.000095
  New best model at epoch 111 (val: -610.3906)
Epoch  112/1000 | train: -621.9648 (-1.1445 bpd) | val: -623.6512 (-1.1476 bpd) | z_mean: 0.010 | z_std: 0.692 | lr: 0.000095
  New best model at epoch 112 (val: -623.6512)
Epoch  113/1000 | train: -634.4656 (-1.1675 bpd) | val: -633.8912 (-1.1665 bpd) | z_mean: 0.022 | z_std: 0.717 | lr: 0.000095
  New best model at epoch 113 (val: -633.8912)
Epoch  114/1000 | train: -647.1112 (-1.1908 bpd) | val: -646.2563 (-1.1892 bpd) | z_mean: 0.019 | z_std: 0.709 | lr: 0.000094
  New best model at epoch 114 (val: -646.2563)
Epoch  115/1000 | train: -660.0472 (-1.2146 bpd) | val: -661.1491 (-1.2166 bpd) | z_mean: 0.000 | z_std: 0.733 | lr: 0.000094
  New best model at epoch 115 (val: -661.1491)
Epoch  116/1000 | train: -672.7670 (-1.2380 bpd) | val: -672.8777 (-1.2382 bpd) | z_mean: 0.005 | z_std: 0.748 | lr: 0.000094
  New best model at epoch 116 (val: -672.8777)
Epoch  117/1000 | train: -685.0231 (-1.2606 bpd) | val: -683.9923 (-1.2587 bpd) | z_mean: 0.003 | z_std: 0.765 | lr: 0.000094
  New best model at epoch 117 (val: -683.9923)
Epoch  118/1000 | train: -697.4106 (-1.2834 bpd) | val: -697.1593 (-1.2829 bpd) | z_mean: 0.002 | z_std: 0.738 | lr: 0.000094
  New best model at epoch 118 (val: -697.1593)
Epoch  119/1000 | train: -709.7938 (-1.3061 bpd) | val: -709.3756 (-1.3054 bpd) | z_mean: -0.010 | z_std: 0.773 | lr: 0.000094
  New best model at epoch 119 (val: -709.3756)
Epoch  120/1000 | train: -721.5085 (-1.3277 bpd) | val: -720.2195 (-1.3253 bpd) | z_mean: -0.018 | z_std: 0.794 | lr: 0.000094
  New best model at epoch 120 (val: -720.2195)
Epoch  121/1000 | train: -733.9148 (-1.3505 bpd) | val: -731.1988 (-1.3455 bpd) | z_mean: 0.021 | z_std: 0.806 | lr: 0.000094
  New best model at epoch 121 (val: -731.1988)
Epoch  122/1000 | train: -745.9591 (-1.3727 bpd) | val: -743.8875 (-1.3689 bpd) | z_mean: -0.014 | z_std: 0.809 | lr: 0.000094
  New best model at epoch 122 (val: -743.8875)
Epoch  123/1000 | train: -757.6282 (-1.3942 bpd) | val: -755.8320 (-1.3909 bpd) | z_mean: 0.002 | z_std: 0.835 | lr: 0.000094
  New best model at epoch 123 (val: -755.8320)
Epoch  124/1000 | train: -769.7214 (-1.4164 bpd) | val: -769.1450 (-1.4154 bpd) | z_mean: 0.016 | z_std: 0.843 | lr: 0.000094
  New best model at epoch 124 (val: -769.1450)
Epoch  125/1000 | train: -781.7727 (-1.4386 bpd) | val: -780.5860 (-1.4364 bpd) | z_mean: 0.014 | z_std: 0.821 | lr: 0.000094
  New best model at epoch 125 (val: -780.5860)
Epoch  126/1000 | train: -793.7195 (-1.4606 bpd) | val: -788.2805 (-1.4506 bpd) | z_mean: 0.027 | z_std: 0.894 | lr: 0.000094
  New best model at epoch 126 (val: -788.2805)
Epoch  127/1000 | train: -805.0194 (-1.4814 bpd) | val: -801.6687 (-1.4752 bpd) | z_mean: 0.027 | z_std: 0.896 | lr: 0.000094
  New best model at epoch 127 (val: -801.6687)
Epoch  128/1000 | train: -816.0176 (-1.5016 bpd) | val: -810.7139 (-1.4919 bpd) | z_mean: 0.004 | z_std: 0.872 | lr: 0.000094
  New best model at epoch 128 (val: -810.7139)
Epoch  129/1000 | train: -827.2704 (-1.5223 bpd) | val: -821.1252 (-1.5110 bpd) | z_mean: 0.008 | z_std: 0.934 | lr: 0.000094
  New best model at epoch 129 (val: -821.1252)
Epoch  130/1000 | train: -837.8248 (-1.5417 bpd) | val: -832.8030 (-1.5325 bpd) | z_mean: 0.030 | z_std: 0.927 | lr: 0.000094
  New best model at epoch 130 (val: -832.8030)
Epoch  131/1000 | train: -849.3283 (-1.5629 bpd) | val: -844.8421 (-1.5547 bpd) | z_mean: 0.021 | z_std: 0.911 | lr: 0.000094
  New best model at epoch 131 (val: -844.8421)
Epoch  132/1000 | train: -861.0528 (-1.5845 bpd) | val: -850.7706 (-1.5656 bpd) | z_mean: 0.004 | z_std: 0.970 | lr: 0.000094
  New best model at epoch 132 (val: -850.7706)
Epoch  133/1000 | train: -871.5012 (-1.6037 bpd) | val: -866.7789 (-1.5950 bpd) | z_mean: 0.009 | z_std: 0.941 | lr: 0.000094
  New best model at epoch 133 (val: -866.7789)
Epoch  134/1000 | train: -882.9215 (-1.6247 bpd) | val: -878.4966 (-1.6166 bpd) | z_mean: 0.009 | z_std: 0.976 | lr: 0.000094
  New best model at epoch 134 (val: -878.4966)
Epoch  135/1000 | train: -893.8360 (-1.6448 bpd) | val: -883.1416 (-1.6251 bpd) | z_mean: 0.033 | z_std: 1.017 | lr: 0.000093
  New best model at epoch 135 (val: -883.1416)
Epoch  136/1000 | train: -904.5616 (-1.6645 bpd) | val: -898.9978 (-1.6543 bpd) | z_mean: 0.027 | z_std: 1.018 | lr: 0.000093
  New best model at epoch 136 (val: -898.9978)
Epoch  137/1000 | train: -915.9165 (-1.6854 bpd) | val: -907.8025 (-1.6705 bpd) | z_mean: 0.008 | z_std: 1.033 | lr: 0.000093
  New best model at epoch 137 (val: -907.8025)
Epoch  138/1000 | train: -926.4879 (-1.7049 bpd) | val: -921.0352 (-1.6949 bpd) | z_mean: 0.001 | z_std: 1.054 | lr: 0.000093
  New best model at epoch 138 (val: -921.0352)
Epoch  139/1000 | train: -936.8261 (-1.7239 bpd) | val: -931.7265 (-1.7145 bpd) | z_mean: 0.031 | z_std: 1.038 | lr: 0.000093
  New best model at epoch 139 (val: -931.7265)
Epoch  140/1000 | train: -947.2298 (-1.7431 bpd) | val: -939.7390 (-1.7293 bpd) | z_mean: 0.000 | z_std: 1.066 | lr: 0.000093
  New best model at epoch 140 (val: -939.7390)
Epoch  141/1000 | train: -957.7066 (-1.7623 bpd) | val: -949.4378 (-1.7471 bpd) | z_mean: 0.012 | z_std: 1.050 | lr: 0.000093
  New best model at epoch 141 (val: -949.4378)
Epoch  142/1000 | train: -966.9814 (-1.7794 bpd) | val: -956.1419 (-1.7595 bpd) | z_mean: 0.010 | z_std: 1.097 | lr: 0.000093
  New best model at epoch 142 (val: -956.1419)
Epoch  143/1000 | train: -976.9434 (-1.7977 bpd) | val: -968.3401 (-1.7819 bpd) | z_mean: 0.013 | z_std: 1.099 | lr: 0.000093
  New best model at epoch 143 (val: -968.3401)
Epoch  144/1000 | train: -987.1010 (-1.8164 bpd) | val: -980.0414 (-1.8034 bpd) | z_mean: 0.016 | z_std: 1.112 | lr: 0.000093
  New best model at epoch 144 (val: -980.0414)
Epoch  145/1000 | train: -996.2834 (-1.8333 bpd) | val: -984.5592 (-1.8118 bpd) | z_mean: 0.023 | z_std: 1.169 | lr: 0.000093
  New best model at epoch 145 (val: -984.5592)
Epoch  146/1000 | train: -1006.4346 (-1.8520 bpd) | val: -996.8134 (-1.8343 bpd) | z_mean: 0.026 | z_std: 1.179 | lr: 0.000093
  New best model at epoch 146 (val: -996.8134)
Epoch  147/1000 | train: -1015.6358 (-1.8689 bpd) | val: -1005.9924 (-1.8512 bpd) | z_mean: 0.043 | z_std: 1.189 | lr: 0.000093
  New best model at epoch 147 (val: -1005.9924)
Epoch  148/1000 | train: -1025.9937 (-1.8880 bpd) | val: -1014.0827 (-1.8661 bpd) | z_mean: 0.034 | z_std: 1.216 | lr: 0.000093
  New best model at epoch 148 (val: -1014.0827)
Epoch  149/1000 | train: -1035.9806 (-1.9064 bpd) | val: -1027.8891 (-1.8915 bpd) | z_mean: 0.021 | z_std: 1.200 | lr: 0.000093
  New best model at epoch 149 (val: -1027.8891)
Epoch  150/1000 | train: -1045.3286 (-1.9236 bpd) | val: -1038.0062 (-1.9101 bpd) | z_mean: 0.012 | z_std: 1.191 | lr: 0.000093
  New best model at epoch 150 (val: -1038.0062)
Epoch  151/1000 | train: -1054.9939 (-1.9414 bpd) | val: -1042.8263 (-1.9190 bpd) | z_mean: -0.008 | z_std: 1.229 | lr: 0.000093
  New best model at epoch 151 (val: -1042.8263)
Epoch  152/1000 | train: -1065.2836 (-1.9603 bpd) | val: -1053.8808 (-1.9393 bpd) | z_mean: -0.009 | z_std: 1.189 | lr: 0.000093
  New best model at epoch 152 (val: -1053.8808)
Epoch  153/1000 | train: -1074.5540 (-1.9774 bpd) | val: -1059.9619 (-1.9505 bpd) | z_mean: -0.008 | z_std: 1.275 | lr: 0.000093
  New best model at epoch 153 (val: -1059.9619)
Epoch  154/1000 | train: -1083.4087 (-1.9937 bpd) | val: -1068.3312 (-1.9659 bpd) | z_mean: 0.000 | z_std: 1.272 | lr: 0.000093
  New best model at epoch 154 (val: -1068.3312)
Epoch  155/1000 | train: -1092.1427 (-2.0097 bpd) | val: -1077.7691 (-1.9833 bpd) | z_mean: 0.032 | z_std: 1.278 | lr: 0.000093
  New best model at epoch 155 (val: -1077.7691)
Epoch  156/1000 | train: -1100.3107 (-2.0248 bpd) | val: -1089.7676 (-2.0054 bpd) | z_mean: 0.004 | z_std: 1.280 | lr: 0.000092
  New best model at epoch 156 (val: -1089.7676)
Epoch  157/1000 | train: -1109.5114 (-2.0417 bpd) | val: -1099.3595 (-2.0230 bpd) | z_mean: 0.007 | z_std: 1.260 | lr: 0.000092
  New best model at epoch 157 (val: -1099.3595)
Epoch  158/1000 | train: -1118.3082 (-2.0579 bpd) | val: -1108.3974 (-2.0396 bpd) | z_mean: 0.015 | z_std: 1.349 | lr: 0.000092
  New best model at epoch 158 (val: -1108.3974)
Epoch  159/1000 | train: -1127.0714 (-2.0740 bpd) | val: -1110.9028 (-2.0443 bpd) | z_mean: 0.027 | z_std: 1.345 | lr: 0.000092
  New best model at epoch 159 (val: -1110.9028)
Epoch  160/1000 | train: -1136.3626 (-2.0911 bpd) | val: -1123.8045 (-2.0680 bpd) | z_mean: 0.041 | z_std: 1.388 | lr: 0.000092
  New best model at epoch 160 (val: -1123.8045)
Epoch  161/1000 | train: -1145.6881 (-2.1083 bpd) | val: -1131.4329 (-2.0820 bpd) | z_mean: 0.032 | z_std: 1.380 | lr: 0.000092
  New best model at epoch 161 (val: -1131.4329)
Epoch  162/1000 | train: -1154.4250 (-2.1243 bpd) | val: -1142.5197 (-2.1024 bpd) | z_mean: 0.039 | z_std: 1.321 | lr: 0.000092
  New best model at epoch 162 (val: -1142.5197)
Epoch  163/1000 | train: -1161.6952 (-2.1377 bpd) | val: -1148.8129 (-2.1140 bpd) | z_mean: 0.013 | z_std: 1.419 | lr: 0.000092
  New best model at epoch 163 (val: -1148.8129)
Epoch  164/1000 | train: -1171.6123 (-2.1560 bpd) | val: -1152.7726 (-2.1213 bpd) | z_mean: 0.042 | z_std: 1.446 | lr: 0.000092
  New best model at epoch 164 (val: -1152.7726)
Epoch  165/1000 | train: -1180.0521 (-2.1715 bpd) | val: -1154.9897 (-2.1254 bpd) | z_mean: -0.012 | z_std: 1.471 | lr: 0.000092
  New best model at epoch 165 (val: -1154.9897)
Epoch  166/1000 | train: -1188.0514 (-2.1862 bpd) | val: -1170.2719 (-2.1535 bpd) | z_mean: 0.008 | z_std: 1.364 | lr: 0.000092
  New best model at epoch 166 (val: -1170.2719)
Epoch  167/1000 | train: -1196.4668 (-2.2017 bpd) | val: -1180.1293 (-2.1716 bpd) | z_mean: 0.039 | z_std: 1.447 | lr: 0.000092
  New best model at epoch 167 (val: -1180.1293)
Epoch  168/1000 | train: -1204.5469 (-2.2166 bpd) | val: -1190.5245 (-2.1908 bpd) | z_mean: 0.008 | z_std: 1.444 | lr: 0.000092
  New best model at epoch 168 (val: -1190.5245)
Epoch  169/1000 | train: -1214.0239 (-2.2340 bpd) | val: -1192.7394 (-2.1948 bpd) | z_mean: 0.033 | z_std: 1.503 | lr: 0.000092
  New best model at epoch 169 (val: -1192.7394)
Epoch  170/1000 | train: -1221.3252 (-2.2474 bpd) | val: -1203.4977 (-2.2146 bpd) | z_mean: 0.039 | z_std: 1.462 | lr: 0.000092
  New best model at epoch 170 (val: -1203.4977)
Epoch  171/1000 | train: -1229.5274 (-2.2625 bpd) | val: -1211.9871 (-2.2303 bpd) | z_mean: 0.017 | z_std: 1.458 | lr: 0.000092
  New best model at epoch 171 (val: -1211.9871)
Epoch  172/1000 | train: -1238.5931 (-2.2792 bpd) | val: -1221.5301 (-2.2478 bpd) | z_mean: 0.044 | z_std: 1.510 | lr: 0.000092
  New best model at epoch 172 (val: -1221.5301)
Epoch  173/1000 | train: -1245.0923 (-2.2912 bpd) | val: -1231.1858 (-2.2656 bpd) | z_mean: 0.024 | z_std: 1.503 | lr: 0.000092
  New best model at epoch 173 (val: -1231.1858)
Epoch  174/1000 | train: -1253.9440 (-2.3075 bpd) | val: -1236.0119 (-2.2745 bpd) | z_mean: 0.041 | z_std: 1.464 | lr: 0.000092
  New best model at epoch 174 (val: -1236.0119)
Epoch  175/1000 | train: -1261.2661 (-2.3209 bpd) | val: -1247.3872 (-2.2954 bpd) | z_mean: 0.037 | z_std: 1.527 | lr: 0.000092
  New best model at epoch 175 (val: -1247.3872)
Epoch  176/1000 | train: -1270.0550 (-2.3371 bpd) | val: -1246.6566 (-2.2941 bpd) | z_mean: 0.050 | z_std: 1.649 | lr: 0.000092
Epoch  177/1000 | train: -1276.9448 (-2.3498 bpd) | val: -1259.9111 (-2.3185 bpd) | z_mean: 0.039 | z_std: 1.640 | lr: 0.000092
  New best model at epoch 177 (val: -1259.9111)
Epoch  178/1000 | train: -1284.1070 (-2.3630 bpd) | val: -1262.3071 (-2.3229 bpd) | z_mean: 0.028 | z_std: 1.573 | lr: 0.000091
  New best model at epoch 178 (val: -1262.3071)
Epoch  179/1000 | train: -1292.7790 (-2.3789 bpd) | val: -1275.4359 (-2.3470 bpd) | z_mean: 0.011 | z_std: 1.587 | lr: 0.000091
  New best model at epoch 179 (val: -1275.4359)
Epoch  180/1000 | train: -1300.3703 (-2.3929 bpd) | val: -1284.7795 (-2.3642 bpd) | z_mean: 0.036 | z_std: 1.595 | lr: 0.000091
  New best model at epoch 180 (val: -1284.7795)
Epoch  181/1000 | train: -1308.0030 (-2.4070 bpd) | val: -1293.3350 (-2.3800 bpd) | z_mean: 0.031 | z_std: 1.679 | lr: 0.000091
  New best model at epoch 181 (val: -1293.3350)
Epoch  182/1000 | train: -1317.0018 (-2.4235 bpd) | val: -1289.7884 (-2.3734 bpd) | z_mean: 0.039 | z_std: 1.608 | lr: 0.000091
Epoch  183/1000 | train: -1324.6522 (-2.4376 bpd) | val: -1307.4688 (-2.4060 bpd) | z_mean: 0.029 | z_std: 1.604 | lr: 0.000091
  New best model at epoch 183 (val: -1307.4688)
Epoch  184/1000 | train: -1331.2538 (-2.4497 bpd) | val: -1312.0471 (-2.4144 bpd) | z_mean: 0.010 | z_std: 1.679 | lr: 0.000091
  New best model at epoch 184 (val: -1312.0471)
Epoch  185/1000 | train: -1339.1354 (-2.4642 bpd) | val: -1314.8732 (-2.4196 bpd) | z_mean: 0.031 | z_std: 1.689 | lr: 0.000091
  New best model at epoch 185 (val: -1314.8732)
Epoch  186/1000 | train: -1347.1255 (-2.4789 bpd) | val: -1328.9704 (-2.4455 bpd) | z_mean: 0.015 | z_std: 1.741 | lr: 0.000091
  New best model at epoch 186 (val: -1328.9704)
Epoch  187/1000 | train: -1353.8795 (-2.4914 bpd) | val: -1335.2870 (-2.4572 bpd) | z_mean: 0.025 | z_std: 1.693 | lr: 0.000091
  New best model at epoch 187 (val: -1335.2870)
Epoch  188/1000 | train: -1360.9954 (-2.5045 bpd) | val: -1341.9748 (-2.4695 bpd) | z_mean: 0.020 | z_std: 1.754 | lr: 0.000091
  New best model at epoch 188 (val: -1341.9748)
Epoch  189/1000 | train: -1368.2352 (-2.5178 bpd) | val: -1344.8699 (-2.4748 bpd) | z_mean: 0.044 | z_std: 1.699 | lr: 0.000091
  New best model at epoch 189 (val: -1344.8699)
Epoch  190/1000 | train: -1376.9942 (-2.5339 bpd) | val: -1355.7841 (-2.4949 bpd) | z_mean: 0.034 | z_std: 1.811 | lr: 0.000091
  New best model at epoch 190 (val: -1355.7841)
Epoch  191/1000 | train: -1382.9963 (-2.5450 bpd) | val: -1358.5467 (-2.5000 bpd) | z_mean: 0.055 | z_std: 1.731 | lr: 0.000091
  New best model at epoch 191 (val: -1358.5467)
Epoch  192/1000 | train: -1390.0511 (-2.5579 bpd) | val: -1366.3150 (-2.5143 bpd) | z_mean: 0.036 | z_std: 1.807 | lr: 0.000091
  New best model at epoch 192 (val: -1366.3150)
Epoch  193/1000 | train: -1398.5236 (-2.5735 bpd) | val: -1378.0404 (-2.5358 bpd) | z_mean: 0.026 | z_std: 1.768 | lr: 0.000091
  New best model at epoch 193 (val: -1378.0404)
Epoch  194/1000 | train: -1403.6498 (-2.5830 bpd) | val: -1375.3303 (-2.5308 bpd) | z_mean: 0.043 | z_std: 1.864 | lr: 0.000091
Epoch  195/1000 | train: -1412.2854 (-2.5988 bpd) | val: -1389.7254 (-2.5573 bpd) | z_mean: 0.020 | z_std: 1.811 | lr: 0.000091
  New best model at epoch 195 (val: -1389.7254)
Epoch  196/1000 | train: -1418.7433 (-2.6107 bpd) | val: -1390.2809 (-2.5584 bpd) | z_mean: 0.035 | z_std: 1.750 | lr: 0.000091
  New best model at epoch 196 (val: -1390.2809)
Epoch  197/1000 | train: -1424.8660 (-2.6220 bpd) | val: -1401.1389 (-2.5783 bpd) | z_mean: 0.038 | z_std: 1.866 | lr: 0.000091
  New best model at epoch 197 (val: -1401.1389)
Epoch  198/1000 | train: -1430.7791 (-2.6329 bpd) | val: -1410.0434 (-2.5947 bpd) | z_mean: 0.054 | z_std: 1.816 | lr: 0.000091
  New best model at epoch 198 (val: -1410.0434)
Epoch  199/1000 | train: -1438.3148 (-2.6467 bpd) | val: -1413.0631 (-2.6003 bpd) | z_mean: 0.045 | z_std: 1.909 | lr: 0.000091
  New best model at epoch 199 (val: -1413.0631)
Epoch  200/1000 | train: -1444.9452 (-2.6589 bpd) | val: -1420.2727 (-2.6135 bpd) | z_mean: 0.019 | z_std: 1.790 | lr: 0.000090
  New best model at epoch 200 (val: -1420.2727)
Epoch  201/1000 | train: -1453.0136 (-2.6738 bpd) | val: -1423.5080 (-2.6195 bpd) | z_mean: 0.014 | z_std: 1.848 | lr: 0.000090
  New best model at epoch 201 (val: -1423.5080)
Epoch  202/1000 | train: -1459.5987 (-2.6859 bpd) | val: -1437.1638 (-2.6446 bpd) | z_mean: 0.070 | z_std: 1.947 | lr: 0.000090
  New best model at epoch 202 (val: -1437.1638)
Epoch  203/1000 | train: -1465.8438 (-2.6974 bpd) | val: -1442.1166 (-2.6537 bpd) | z_mean: 0.018 | z_std: 1.919 | lr: 0.000090
  New best model at epoch 203 (val: -1442.1166)
Epoch  204/1000 | train: -1472.5511 (-2.7097 bpd) | val: -1452.2920 (-2.6725 bpd) | z_mean: 0.037 | z_std: 1.983 | lr: 0.000090
  New best model at epoch 204 (val: -1452.2920)
Epoch  205/1000 | train: -1478.9841 (-2.7216 bpd) | val: -1451.6871 (-2.6714 bpd) | z_mean: -0.001 | z_std: 1.999 | lr: 0.000090
Epoch  206/1000 | train: -1485.8957 (-2.7343 bpd) | val: -1464.7569 (-2.6954 bpd) | z_mean: 0.049 | z_std: 1.929 | lr: 0.000090
  New best model at epoch 206 (val: -1464.7569)
Epoch  207/1000 | train: -1492.6103 (-2.7467 bpd) | val: -1466.4793 (-2.6986 bpd) | z_mean: 0.016 | z_std: 1.976 | lr: 0.000090
  New best model at epoch 207 (val: -1466.4793)
Epoch  208/1000 | train: -1499.1535 (-2.7587 bpd) | val: -1472.2342 (-2.7092 bpd) | z_mean: 0.038 | z_std: 1.946 | lr: 0.000090
  New best model at epoch 208 (val: -1472.2342)
Epoch  209/1000 | train: -1505.9850 (-2.7713 bpd) | val: -1483.9267 (-2.7307 bpd) | z_mean: 0.081 | z_std: 2.146 | lr: 0.000090
  New best model at epoch 209 (val: -1483.9267)
Epoch  210/1000 | train: -1511.6380 (-2.7817 bpd) | val: -1485.1955 (-2.7330 bpd) | z_mean: 0.013 | z_std: 1.995 | lr: 0.000090
  New best model at epoch 210 (val: -1485.1955)
Epoch  211/1000 | train: -1518.5688 (-2.7944 bpd) | val: -1490.0011 (-2.7419 bpd) | z_mean: 0.040 | z_std: 2.153 | lr: 0.000090
  New best model at epoch 211 (val: -1490.0011)
Epoch  212/1000 | train: -1524.3173 (-2.8050 bpd) | val: -1494.6488 (-2.7504 bpd) | z_mean: 0.046 | z_std: 2.010 | lr: 0.000090
  New best model at epoch 212 (val: -1494.6488)
Epoch  213/1000 | train: -1530.1964 (-2.8158 bpd) | val: -1501.1350 (-2.7623 bpd) | z_mean: 0.036 | z_std: 2.064 | lr: 0.000090
  New best model at epoch 213 (val: -1501.1350)
Epoch  214/1000 | train: -1537.2489 (-2.8288 bpd) | val: -1507.1601 (-2.7734 bpd) | z_mean: 0.084 | z_std: 2.064 | lr: 0.000090
  New best model at epoch 214 (val: -1507.1601)
Epoch  215/1000 | train: -1543.3950 (-2.8401 bpd) | val: -1514.2119 (-2.7864 bpd) | z_mean: 0.071 | z_std: 2.232 | lr: 0.000090
  New best model at epoch 215 (val: -1514.2119)
Epoch  216/1000 | train: -1550.1998 (-2.8526 bpd) | val: -1524.2024 (-2.8048 bpd) | z_mean: 0.061 | z_std: 2.112 | lr: 0.000090
  New best model at epoch 216 (val: -1524.2024)
Epoch  217/1000 | train: -1556.4062 (-2.8641 bpd) | val: -1531.9648 (-2.8191 bpd) | z_mean: 0.078 | z_std: 2.138 | lr: 0.000090
  New best model at epoch 217 (val: -1531.9648)
Epoch  218/1000 | train: -1561.4082 (-2.8733 bpd) | val: -1525.5230 (-2.8072 bpd) | z_mean: 0.035 | z_std: 2.135 | lr: 0.000090
Epoch  219/1000 | train: -1567.9220 (-2.8852 bpd) | val: -1541.0748 (-2.8358 bpd) | z_mean: 0.072 | z_std: 2.082 | lr: 0.000090
  New best model at epoch 219 (val: -1541.0748)
Epoch  220/1000 | train: -1574.3318 (-2.8970 bpd) | val: -1540.5202 (-2.8348 bpd) | z_mean: 0.011 | z_std: 2.134 | lr: 0.000090
Epoch  221/1000 | train: -1579.1407 (-2.9059 bpd) | val: -1552.5240 (-2.8569 bpd) | z_mean: 0.051 | z_std: 2.076 | lr: 0.000090
  New best model at epoch 221 (val: -1552.5240)
Epoch  222/1000 | train: -1584.9920 (-2.9167 bpd) | val: -1560.5030 (-2.8716 bpd) | z_mean: 0.089 | z_std: 2.439 | lr: 0.000089
  New best model at epoch 222 (val: -1560.5030)
Epoch  223/1000 | train: -1591.9861 (-2.9295 bpd) | val: -1562.7883 (-2.8758 bpd) | z_mean: 0.072 | z_std: 2.119 | lr: 0.000089
  New best model at epoch 223 (val: -1562.7883)
Epoch  224/1000 | train: -1596.8892 (-2.9386 bpd) | val: -1564.0778 (-2.8782 bpd) | z_mean: 0.039 | z_std: 2.273 | lr: 0.000089
  New best model at epoch 224 (val: -1564.0778)
Epoch  225/1000 | train: -1602.5886 (-2.9490 bpd) | val: -1569.9064 (-2.8889 bpd) | z_mean: 0.069 | z_std: 2.384 | lr: 0.000089
  New best model at epoch 225 (val: -1569.9064)
Epoch  226/1000 | train: -1608.2748 (-2.9595 bpd) | val: -1581.1911 (-2.9097 bpd) | z_mean: 0.058 | z_std: 2.207 | lr: 0.000089
  New best model at epoch 226 (val: -1581.1911)
Epoch  227/1000 | train: -1614.5101 (-2.9710 bpd) | val: -1587.2673 (-2.9208 bpd) | z_mean: 0.026 | z_std: 2.301 | lr: 0.000089
  New best model at epoch 227 (val: -1587.2673)
Epoch  228/1000 | train: -1619.9837 (-2.9810 bpd) | val: -1590.3239 (-2.9265 bpd) | z_mean: 0.040 | z_std: 2.349 | lr: 0.000089
  New best model at epoch 228 (val: -1590.3239)
Epoch  229/1000 | train: -1625.7436 (-2.9916 bpd) | val: -1598.5843 (-2.9417 bpd) | z_mean: 0.056 | z_std: 2.206 | lr: 0.000089
  New best model at epoch 229 (val: -1598.5843)
Epoch  230/1000 | train: -1631.9288 (-3.0030 bpd) | val: -1603.7924 (-2.9513 bpd) | z_mean: 0.061 | z_std: 2.407 | lr: 0.000089
  New best model at epoch 230 (val: -1603.7924)
Epoch  231/1000 | train: -1637.2903 (-3.0129 bpd) | val: -1609.9436 (-2.9626 bpd) | z_mean: 0.070 | z_std: 2.371 | lr: 0.000089
  New best model at epoch 231 (val: -1609.9436)
Epoch  232/1000 | train: -1642.1398 (-3.0218 bpd) | val: -1608.0065 (-2.9590 bpd) | z_mean: 0.050 | z_std: 2.494 | lr: 0.000089
Epoch  233/1000 | train: -1647.3587 (-3.0314 bpd) | val: -1613.0080 (-2.9682 bpd) | z_mean: 0.053 | z_std: 2.192 | lr: 0.000089
  New best model at epoch 233 (val: -1613.0080)
Epoch  234/1000 | train: -1653.2172 (-3.0422 bpd) | val: -1622.6200 (-2.9859 bpd) | z_mean: 0.055 | z_std: 2.486 | lr: 0.000089
  New best model at epoch 234 (val: -1622.6200)
Epoch  235/1000 | train: -1657.8994 (-3.0508 bpd) | val: -1630.2922 (-3.0000 bpd) | z_mean: 0.011 | z_std: 2.241 | lr: 0.000089
  New best model at epoch 235 (val: -1630.2922)
Epoch  236/1000 | train: -1664.2348 (-3.0625 bpd) | val: -1634.2501 (-3.0073 bpd) | z_mean: 0.063 | z_std: 2.366 | lr: 0.000089
  New best model at epoch 236 (val: -1634.2501)
Epoch  237/1000 | train: -1669.2157 (-3.0716 bpd) | val: -1639.0241 (-3.0161 bpd) | z_mean: 0.058 | z_std: 2.472 | lr: 0.000089
  New best model at epoch 237 (val: -1639.0241)
Epoch  238/1000 | train: -1674.5023 (-3.0814 bpd) | val: -1633.8111 (-3.0065 bpd) | z_mean: 0.040 | z_std: 2.657 | lr: 0.000089
Epoch  239/1000 | train: -1679.3597 (-3.0903 bpd) | val: -1637.6734 (-3.0136 bpd) | z_mean: 0.088 | z_std: 2.527 | lr: 0.000089
Epoch  240/1000 | train: -1685.1164 (-3.1009 bpd) | val: -1648.3385 (-3.0332 bpd) | z_mean: 0.061 | z_std: 2.459 | lr: 0.000089
  New best model at epoch 240 (val: -1648.3385)
Epoch  241/1000 | train: -1689.7371 (-3.1094 bpd) | val: -1654.2054 (-3.0440 bpd) | z_mean: 0.043 | z_std: 2.599 | lr: 0.000089
  New best model at epoch 241 (val: -1654.2054)
Epoch  242/1000 | train: -1696.7766 (-3.1224 bpd) | val: -1664.3759 (-3.0627 bpd) | z_mean: 0.073 | z_std: 2.559 | lr: 0.000089
  New best model at epoch 242 (val: -1664.3759)
Epoch  243/1000 | train: -1700.3583 (-3.1290 bpd) | val: -1671.1630 (-3.0752 bpd) | z_mean: 0.085 | z_std: 2.765 | lr: 0.000089
  New best model at epoch 243 (val: -1671.1630)
Epoch  244/1000 | train: -1706.9511 (-3.1411 bpd) | val: -1675.8328 (-3.0838 bpd) | z_mean: 0.051 | z_std: 2.498 | lr: 0.000089
  New best model at epoch 244 (val: -1675.8328)
Epoch  245/1000 | train: -1711.1770 (-3.1489 bpd) | val: -1675.1658 (-3.0826 bpd) | z_mean: 0.047 | z_std: 2.729 | lr: 0.000088
Epoch  246/1000 | train: -1716.0633 (-3.1579 bpd) | val: -1679.7544 (-3.0910 bpd) | z_mean: 0.035 | z_std: 2.707 | lr: 0.000088
  New best model at epoch 246 (val: -1679.7544)
Epoch  247/1000 | train: -1720.3757 (-3.1658 bpd) | val: -1679.7129 (-3.0910 bpd) | z_mean: 0.101 | z_std: 2.716 | lr: 0.000088
Epoch  248/1000 | train: -1726.9374 (-3.1779 bpd) | val: -1689.4288 (-3.1088 bpd) | z_mean: 0.079 | z_std: 2.881 | lr: 0.000088
  New best model at epoch 248 (val: -1689.4288)
Epoch  249/1000 | train: -1730.9843 (-3.1853 bpd) | val: -1692.4241 (-3.1144 bpd) | z_mean: 0.095 | z_std: 2.981 | lr: 0.000088
  New best model at epoch 249 (val: -1692.4241)
Epoch  250/1000 | train: -1734.4475 (-3.1917 bpd) | val: -1697.4708 (-3.1236 bpd) | z_mean: 0.093 | z_std: 2.738 | lr: 0.000088
  New best model at epoch 250 (val: -1697.4708)
Epoch  251/1000 | train: -1740.1036 (-3.2021 bpd) | val: -1702.0638 (-3.1321 bpd) | z_mean: 0.106 | z_std: 2.910 | lr: 0.000088
  New best model at epoch 251 (val: -1702.0638)
Epoch  252/1000 | train: -1745.4293 (-3.2119 bpd) | val: -1714.5448 (-3.1551 bpd) | z_mean: 0.083 | z_std: 2.566 | lr: 0.000088
  New best model at epoch 252 (val: -1714.5448)
Epoch  253/1000 | train: -1749.9478 (-3.2202 bpd) | val: -1706.7713 (-3.1408 bpd) | z_mean: 0.073 | z_std: 2.885 | lr: 0.000088
Epoch  254/1000 | train: -1754.7343 (-3.2290 bpd) | val: -1712.3320 (-3.1510 bpd) | z_mean: 0.077 | z_std: 3.035 | lr: 0.000088
Epoch  255/1000 | train: -1759.2278 (-3.2373 bpd) | val: -1722.7701 (-3.1702 bpd) | z_mean: 0.074 | z_std: 2.567 | lr: 0.000088
  New best model at epoch 255 (val: -1722.7701)
Epoch  256/1000 | train: -1764.2993 (-3.2466 bpd) | val: -1717.0656 (-3.1597 bpd) | z_mean: 0.049 | z_std: 3.034 | lr: 0.000088
Epoch  257/1000 | train: -1768.1606 (-3.2537 bpd) | val: -1729.3304 (-3.1823 bpd) | z_mean: 0.081 | z_std: 2.993 | lr: 0.000088
  New best model at epoch 257 (val: -1729.3304)
Epoch  258/1000 | train: -1773.5444 (-3.2636 bpd) | val: -1735.1439 (-3.1930 bpd) | z_mean: 0.069 | z_std: 2.783 | lr: 0.000088
  New best model at epoch 258 (val: -1735.1439)
Epoch  259/1000 | train: -1778.6870 (-3.2731 bpd) | val: -1739.2763 (-3.2006 bpd) | z_mean: 0.075 | z_std: 2.639 | lr: 0.000088
  New best model at epoch 259 (val: -1739.2763)
Epoch  260/1000 | train: -1782.3395 (-3.2798 bpd) | val: -1746.0364 (-3.2130 bpd) | z_mean: 0.074 | z_std: 3.247 | lr: 0.000088
  New best model at epoch 260 (val: -1746.0364)
Epoch  261/1000 | train: -1788.2181 (-3.2906 bpd) | val: -1744.3076 (-3.2098 bpd) | z_mean: 0.099 | z_std: 2.903 | lr: 0.000088
Epoch  262/1000 | train: -1791.5426 (-3.2967 bpd) | val: -1754.7584 (-3.2291 bpd) | z_mean: 0.065 | z_std: 3.106 | lr: 0.000088
  New best model at epoch 262 (val: -1754.7584)
Epoch  263/1000 | train: -1796.1290 (-3.3052 bpd) | val: -1753.7165 (-3.2271 bpd) | z_mean: 0.086 | z_std: 3.105 | lr: 0.000088
Epoch  264/1000 | train: -1799.9036 (-3.3121 bpd) | val: -1756.8554 (-3.2329 bpd) | z_mean: 0.065 | z_std: 3.043 | lr: 0.000088
  New best model at epoch 264 (val: -1756.8554)
Epoch  265/1000 | train: -1804.6805 (-3.3209 bpd) | val: -1769.0965 (-3.2554 bpd) | z_mean: 0.053 | z_std: 2.908 | lr: 0.000088
  New best model at epoch 265 (val: -1769.0965)
Epoch  266/1000 | train: -1808.9485 (-3.3288 bpd) | val: -1767.6715 (-3.2528 bpd) | z_mean: 0.063 | z_std: 2.885 | lr: 0.000088
Epoch  267/1000 | train: -1813.8697 (-3.3378 bpd) | val: -1760.6341 (-3.2399 bpd) | z_mean: 0.101 | z_std: 3.219 | lr: 0.000088
Epoch  268/1000 | train: -1817.7593 (-3.3450 bpd) | val: -1772.6996 (-3.2621 bpd) | z_mean: 0.103 | z_std: 3.140 | lr: 0.000087
  New best model at epoch 268 (val: -1772.6996)
Epoch  269/1000 | train: -1822.3521 (-3.3534 bpd) | val: -1774.2558 (-3.2649 bpd) | z_mean: 0.053 | z_std: 3.221 | lr: 0.000087
  New best model at epoch 269 (val: -1774.2558)
Epoch  270/1000 | train: -1826.3426 (-3.3608 bpd) | val: -1783.0424 (-3.2811 bpd) | z_mean: 0.114 | z_std: 3.308 | lr: 0.000087
  New best model at epoch 270 (val: -1783.0424)
Epoch  271/1000 | train: -1829.8888 (-3.3673 bpd) | val: -1783.3584 (-3.2817 bpd) | z_mean: 0.094 | z_std: 3.590 | lr: 0.000087
  New best model at epoch 271 (val: -1783.3584)
Epoch  272/1000 | train: -1834.1783 (-3.3752 bpd) | val: -1792.8616 (-3.2992 bpd) | z_mean: 0.088 | z_std: 3.084 | lr: 0.000087
  New best model at epoch 272 (val: -1792.8616)
Epoch  273/1000 | train: -1838.5626 (-3.3833 bpd) | val: -1792.8711 (-3.2992 bpd) | z_mean: 0.064 | z_std: 3.446 | lr: 0.000087
  New best model at epoch 273 (val: -1792.8711)
Epoch  274/1000 | train: -1841.4851 (-3.3886 bpd) | val: -1795.8723 (-3.3047 bpd) | z_mean: 0.077 | z_std: 3.237 | lr: 0.000087
  New best model at epoch 274 (val: -1795.8723)
Epoch  275/1000 | train: -1846.1178 (-3.3972 bpd) | val: -1800.1168 (-3.3125 bpd) | z_mean: 0.071 | z_std: 3.460 | lr: 0.000087
  New best model at epoch 275 (val: -1800.1168)
Epoch  276/1000 | train: -1851.0700 (-3.4063 bpd) | val: -1811.5321 (-3.3335 bpd) | z_mean: 0.093 | z_std: 3.312 | lr: 0.000087
  New best model at epoch 276 (val: -1811.5321)
Epoch  277/1000 | train: -1854.0409 (-3.4118 bpd) | val: -1808.5238 (-3.3280 bpd) | z_mean: 0.056 | z_std: 3.203 | lr: 0.000087
Epoch  278/1000 | train: -1858.9878 (-3.4209 bpd) | val: -1814.5767 (-3.3391 bpd) | z_mean: 0.092 | z_std: 2.959 | lr: 0.000087
  New best model at epoch 278 (val: -1814.5767)
Epoch  279/1000 | train: -1861.6296 (-3.4257 bpd) | val: -1818.7447 (-3.3468 bpd) | z_mean: 0.080 | z_std: 3.592 | lr: 0.000087
  New best model at epoch 279 (val: -1818.7447)
Epoch  280/1000 | train: -1865.0061 (-3.4319 bpd) | val: -1812.5774 (-3.3355 bpd) | z_mean: 0.100 | z_std: 3.328 | lr: 0.000087
Epoch  281/1000 | train: -1869.9771 (-3.4411 bpd) | val: -1828.5497 (-3.3648 bpd) | z_mean: 0.105 | z_std: 3.544 | lr: 0.000087
  New best model at epoch 281 (val: -1828.5497)
Epoch  282/1000 | train: -1875.4463 (-3.4511 bpd) | val: -1825.5819 (-3.3594 bpd) | z_mean: 0.097 | z_std: 3.480 | lr: 0.000087
Epoch  283/1000 | train: -1878.7448 (-3.4572 bpd) | val: -1832.0178 (-3.3712 bpd) | z_mean: 0.095 | z_std: 3.627 | lr: 0.000087
  New best model at epoch 283 (val: -1832.0178)
Epoch  284/1000 | train: -1882.1844 (-3.4635 bpd) | val: -1836.0684 (-3.3787 bpd) | z_mean: 0.083 | z_std: 3.549 | lr: 0.000087
  New best model at epoch 284 (val: -1836.0684)
Epoch  285/1000 | train: -1885.2591 (-3.4692 bpd) | val: -1844.8449 (-3.3948 bpd) | z_mean: 0.128 | z_std: 4.347 | lr: 0.000087
  New best model at epoch 285 (val: -1844.8449)
Epoch  286/1000 | train: -1888.7633 (-3.4756 bpd) | val: -1841.6208 (-3.3889 bpd) | z_mean: 0.100 | z_std: 3.304 | lr: 0.000087
Epoch  287/1000 | train: -1892.3630 (-3.4823 bpd) | val: -1847.7603 (-3.4002 bpd) | z_mean: 0.092 | z_std: 3.581 | lr: 0.000087
  New best model at epoch 287 (val: -1847.7603)
Epoch  288/1000 | train: -1897.5829 (-3.4919 bpd) | val: -1853.9081 (-3.4115 bpd) | z_mean: 0.109 | z_std: 3.760 | lr: 0.000087
  New best model at epoch 288 (val: -1853.9081)
Epoch  289/1000 | train: -1900.7558 (-3.4977 bpd) | val: -1859.0414 (-3.4210 bpd) | z_mean: 0.069 | z_std: 3.715 | lr: 0.000087
  New best model at epoch 289 (val: -1859.0414)
Epoch  290/1000 | train: -1904.1185 (-3.5039 bpd) | val: -1857.9499 (-3.4189 bpd) | z_mean: 0.130 | z_std: 4.541 | lr: 0.000087
Epoch  291/1000 | train: -1908.1797 (-3.5114 bpd) | val: -1861.3095 (-3.4251 bpd) | z_mean: 0.088 | z_std: 3.389 | lr: 0.000086
  New best model at epoch 291 (val: -1861.3095)
Epoch  292/1000 | train: -1911.1783 (-3.5169 bpd) | val: -1866.9663 (-3.4355 bpd) | z_mean: 0.104 | z_std: 3.808 | lr: 0.000086
  New best model at epoch 292 (val: -1866.9663)
Epoch  293/1000 | train: -1914.7894 (-3.5235 bpd) | val: -1867.1879 (-3.4359 bpd) | z_mean: 0.090 | z_std: 3.478 | lr: 0.000086
  New best model at epoch 293 (val: -1867.1879)
Epoch  294/1000 | train: -1918.0115 (-3.5295 bpd) | val: -1870.0299 (-3.4412 bpd) | z_mean: 0.088 | z_std: 4.042 | lr: 0.000086
  New best model at epoch 294 (val: -1870.0299)
Epoch  295/1000 | train: -1922.3429 (-3.5374 bpd) | val: -1873.9642 (-3.4484 bpd) | z_mean: 0.101 | z_std: 3.735 | lr: 0.000086
  New best model at epoch 295 (val: -1873.9642)
Epoch  296/1000 | train: -1924.5816 (-3.5416 bpd) | val: -1872.2421 (-3.4452 bpd) | z_mean: 0.101 | z_std: 3.900 | lr: 0.000086
Epoch  297/1000 | train: -1928.4632 (-3.5487 bpd) | val: -1870.6828 (-3.4424 bpd) | z_mean: 0.088 | z_std: 3.155 | lr: 0.000086
Epoch  298/1000 | train: -1932.8355 (-3.5568 bpd) | val: -1882.2794 (-3.4637 bpd) | z_mean: 0.120 | z_std: 3.601 | lr: 0.000086
  New best model at epoch 298 (val: -1882.2794)
Epoch  299/1000 | train: -1935.8883 (-3.5624 bpd) | val: -1881.5548 (-3.4624 bpd) | z_mean: 0.106 | z_std: 4.401 | lr: 0.000086
Epoch  300/1000 | train: -1938.9766 (-3.5681 bpd) | val: -1887.6233 (-3.4736 bpd) | z_mean: 0.081 | z_std: 3.524 | lr: 0.000086
  New best model at epoch 300 (val: -1887.6233)
Epoch  301/1000 | train: -1942.6728 (-3.5749 bpd) | val: -1887.8346 (-3.4739 bpd) | z_mean: 0.171 | z_std: 4.667 | lr: 0.000086
  New best model at epoch 301 (val: -1887.8346)
Epoch  302/1000 | train: -1945.4873 (-3.5800 bpd) | val: -1895.8414 (-3.4887 bpd) | z_mean: 0.093 | z_std: 3.541 | lr: 0.000086
  New best model at epoch 302 (val: -1895.8414)
Epoch  303/1000 | train: -1948.5226 (-3.5856 bpd) | val: -1892.3239 (-3.4822 bpd) | z_mean: 0.086 | z_std: 3.208 | lr: 0.000086
Epoch  304/1000 | train: -1952.5389 (-3.5930 bpd) | val: -1896.4327 (-3.4898 bpd) | z_mean: 0.117 | z_std: 3.801 | lr: 0.000086
  New best model at epoch 304 (val: -1896.4327)
Epoch  305/1000 | train: -1954.9211 (-3.5974 bpd) | val: -1902.8676 (-3.5016 bpd) | z_mean: 0.119 | z_std: 4.374 | lr: 0.000086
  New best model at epoch 305 (val: -1902.8676)
Epoch  306/1000 | train: -1958.5886 (-3.6041 bpd) | val: -1905.4696 (-3.5064 bpd) | z_mean: 0.100 | z_std: 3.954 | lr: 0.000086
  New best model at epoch 306 (val: -1905.4696)
Epoch  307/1000 | train: -1960.1182 (-3.6070 bpd) | val: -1905.6128 (-3.5067 bpd) | z_mean: 0.083 | z_std: 3.161 | lr: 0.000086
  New best model at epoch 307 (val: -1905.6128)
Epoch  308/1000 | train: -1964.4750 (-3.6150 bpd) | val: -1911.3781 (-3.5173 bpd) | z_mean: 0.117 | z_std: 5.005 | lr: 0.000086
  New best model at epoch 308 (val: -1911.3781)
Epoch  309/1000 | train: -1967.4494 (-3.6204 bpd) | val: -1912.5942 (-3.5195 bpd) | z_mean: 0.112 | z_std: 4.083 | lr: 0.000086
  New best model at epoch 309 (val: -1912.5942)
Epoch  310/1000 | train: -1970.0428 (-3.6252 bpd) | val: -1914.2721 (-3.5226 bpd) | z_mean: 0.111 | z_std: 4.549 | lr: 0.000086
  New best model at epoch 310 (val: -1914.2721)
Epoch  311/1000 | train: -1974.6589 (-3.6337 bpd) | val: -1916.8488 (-3.5273 bpd) | z_mean: 0.128 | z_std: 4.955 | lr: 0.000086
  New best model at epoch 311 (val: -1916.8488)
Epoch  312/1000 | train: -1976.3119 (-3.6368 bpd) | val: -1916.9025 (-3.5274 bpd) | z_mean: 0.078 | z_std: 4.167 | lr: 0.000086
  New best model at epoch 312 (val: -1916.9025)
Epoch  313/1000 | train: -1978.3723 (-3.6405 bpd) | val: -1930.6482 (-3.5527 bpd) | z_mean: 0.089 | z_std: 3.731 | lr: 0.000086
  New best model at epoch 313 (val: -1930.6482)
Epoch  314/1000 | train: -1982.6800 (-3.6485 bpd) | val: -1927.6671 (-3.5472 bpd) | z_mean: 0.101 | z_std: 3.811 | lr: 0.000085
Epoch  315/1000 | train: -1985.0398 (-3.6528 bpd) | val: -1931.5232 (-3.5543 bpd) | z_mean: 0.077 | z_std: 4.250 | lr: 0.000085
  New best model at epoch 315 (val: -1931.5232)
Epoch  316/1000 | train: -1988.3367 (-3.6589 bpd) | val: -1934.7356 (-3.5602 bpd) | z_mean: 0.092 | z_std: 3.825 | lr: 0.000085
  New best model at epoch 316 (val: -1934.7356)
Epoch  317/1000 | train: -1991.6906 (-3.6651 bpd) | val: -1936.4027 (-3.5633 bpd) | z_mean: 0.097 | z_std: 4.681 | lr: 0.000085
  New best model at epoch 317 (val: -1936.4027)
Epoch  318/1000 | train: -1994.2746 (-3.6698 bpd) | val: -1923.4827 (-3.5395 bpd) | z_mean: 0.125 | z_std: 4.630 | lr: 0.000085
Epoch  319/1000 | train: -1996.8289 (-3.6745 bpd) | val: -1940.1101 (-3.5701 bpd) | z_mean: 0.094 | z_std: 4.179 | lr: 0.000085
  New best model at epoch 319 (val: -1940.1101)
Epoch  320/1000 | train: -1999.2760 (-3.6790 bpd) | val: -1937.2632 (-3.5649 bpd) | z_mean: 0.133 | z_std: 4.529 | lr: 0.000085
Epoch  321/1000 | train: -2002.5154 (-3.6850 bpd) | val: -1945.1915 (-3.5795 bpd) | z_mean: 0.171 | z_std: 5.583 | lr: 0.000085
  New best model at epoch 321 (val: -1945.1915)
Epoch  322/1000 | train: -2005.1361 (-3.6898 bpd) | val: -1949.3386 (-3.5871 bpd) | z_mean: 0.145 | z_std: 5.213 | lr: 0.000085
  New best model at epoch 322 (val: -1949.3386)
Epoch  323/1000 | train: -2007.3355 (-3.6938 bpd) | val: -1947.1352 (-3.5831 bpd) | z_mean: 0.112 | z_std: 4.375 | lr: 0.000085
Epoch  324/1000 | train: -2012.3552 (-3.7031 bpd) | val: -1951.5590 (-3.5912 bpd) | z_mean: 0.087 | z_std: 4.846 | lr: 0.000085
  New best model at epoch 324 (val: -1951.5590)
Epoch  325/1000 | train: -2013.0370 (-3.7043 bpd) | val: -1952.8325 (-3.5935 bpd) | z_mean: 0.083 | z_std: 4.110 | lr: 0.000085
  New best model at epoch 325 (val: -1952.8325)
Epoch  326/1000 | train: -2014.7398 (-3.7075 bpd) | val: -1953.4761 (-3.5947 bpd) | z_mean: 0.109 | z_std: 4.705 | lr: 0.000085
  New best model at epoch 326 (val: -1953.4761)
Epoch  327/1000 | train: -2017.8125 (-3.7131 bpd) | val: -1957.3062 (-3.6018 bpd) | z_mean: 0.109 | z_std: 5.424 | lr: 0.000085
  New best model at epoch 327 (val: -1957.3062)
Epoch  328/1000 | train: -2020.2095 (-3.7175 bpd) | val: -1958.8932 (-3.6047 bpd) | z_mean: 0.084 | z_std: 4.786 | lr: 0.000085
  New best model at epoch 328 (val: -1958.8932)
Epoch  329/1000 | train: -2023.4750 (-3.7235 bpd) | val: -1965.0098 (-3.6160 bpd) | z_mean: 0.138 | z_std: 5.687 | lr: 0.000085
  New best model at epoch 329 (val: -1965.0098)
Epoch  330/1000 | train: -2025.7947 (-3.7278 bpd) | val: -1962.4587 (-3.6113 bpd) | z_mean: 0.088 | z_std: 4.406 | lr: 0.000085
Epoch  331/1000 | train: -2027.7534 (-3.7314 bpd) | val: -1959.9968 (-3.6067 bpd) | z_mean: 0.140 | z_std: 4.693 | lr: 0.000085
Epoch  332/1000 | train: -2030.4441 (-3.7364 bpd) | val: -1965.6150 (-3.6171 bpd) | z_mean: 0.129 | z_std: 4.825 | lr: 0.000085
  New best model at epoch 332 (val: -1965.6150)
Epoch  333/1000 | train: -2032.7768 (-3.7407 bpd) | val: -1962.8517 (-3.6120 bpd) | z_mean: 0.143 | z_std: 6.346 | lr: 0.000085
Epoch  334/1000 | train: -2035.1361 (-3.7450 bpd) | val: -1971.7821 (-3.6284 bpd) | z_mean: 0.176 | z_std: 5.542 | lr: 0.000085
  New best model at epoch 334 (val: -1971.7821)
Epoch  335/1000 | train: -2037.5473 (-3.7494 bpd) | val: -1978.0438 (-3.6399 bpd) | z_mean: 0.090 | z_std: 4.344 | lr: 0.000085
  New best model at epoch 335 (val: -1978.0438)
Epoch  336/1000 | train: -2039.8946 (-3.7538 bpd) | val: -1974.6069 (-3.6336 bpd) | z_mean: 0.183 | z_std: 5.773 | lr: 0.000085
Epoch  337/1000 | train: -2042.7583 (-3.7590 bpd) | val: -1977.3957 (-3.6387 bpd) | z_mean: 0.133 | z_std: 5.222 | lr: 0.000084
Epoch  338/1000 | train: -2044.7419 (-3.7627 bpd) | val: -1977.1452 (-3.6383 bpd) | z_mean: 0.147 | z_std: 6.295 | lr: 0.000084
Epoch  339/1000 | train: -2047.2476 (-3.7673 bpd) | val: -1983.3103 (-3.6496 bpd) | z_mean: 0.124 | z_std: 4.980 | lr: 0.000084
  New best model at epoch 339 (val: -1983.3103)
Epoch  340/1000 | train: -2050.1405 (-3.7726 bpd) | val: -1983.6314 (-3.6502 bpd) | z_mean: 0.069 | z_std: 4.910 | lr: 0.000084
  New best model at epoch 340 (val: -1983.6314)
Epoch  341/1000 | train: -2052.0066 (-3.7760 bpd) | val: -1983.5975 (-3.6502 bpd) | z_mean: 0.122 | z_std: 4.991 | lr: 0.000084
Epoch  342/1000 | train: -2054.2229 (-3.7801 bpd) | val: -1985.4574 (-3.6536 bpd) | z_mean: 0.093 | z_std: 3.908 | lr: 0.000084
  New best model at epoch 342 (val: -1985.4574)
Epoch  343/1000 | train: -2055.6513 (-3.7828 bpd) | val: -1992.6960 (-3.6669 bpd) | z_mean: 0.128 | z_std: 5.528 | lr: 0.000084
  New best model at epoch 343 (val: -1992.6960)
Epoch  344/1000 | train: -2058.9945 (-3.7889 bpd) | val: -1994.2610 (-3.6698 bpd) | z_mean: 0.123 | z_std: 5.009 | lr: 0.000084
  New best model at epoch 344 (val: -1994.2610)
Epoch  345/1000 | train: -2060.9088 (-3.7924 bpd) | val: -1993.1021 (-3.6677 bpd) | z_mean: 0.131 | z_std: 4.655 | lr: 0.000084
Epoch  346/1000 | train: -2063.4690 (-3.7971 bpd) | val: -1991.2348 (-3.6642 bpd) | z_mean: 0.108 | z_std: 5.273 | lr: 0.000084
Epoch  347/1000 | train: -2064.2383 (-3.7986 bpd) | val: -1999.7184 (-3.6798 bpd) | z_mean: 0.108 | z_std: 5.256 | lr: 0.000084
  New best model at epoch 347 (val: -1999.7184)
Epoch  348/1000 | train: -2067.0146 (-3.8037 bpd) | val: -2000.3094 (-3.6809 bpd) | z_mean: 0.155 | z_std: 5.422 | lr: 0.000084
  New best model at epoch 348 (val: -2000.3094)
Epoch  349/1000 | train: -2069.3137 (-3.8079 bpd) | val: -2002.7252 (-3.6854 bpd) | z_mean: 0.137 | z_std: 5.668 | lr: 0.000084
  New best model at epoch 349 (val: -2002.7252)
Epoch  350/1000 | train: -2070.2655 (-3.8096 bpd) | val: -1992.6993 (-3.6669 bpd) | z_mean: 0.146 | z_std: 5.197 | lr: 0.000084
Epoch  351/1000 | train: -2072.1562 (-3.8131 bpd) | val: -2004.3713 (-3.6884 bpd) | z_mean: 0.095 | z_std: 5.083 | lr: 0.000084
  New best model at epoch 351 (val: -2004.3713)
Epoch  352/1000 | train: -2074.9305 (-3.8182 bpd) | val: -2006.5742 (-3.6924 bpd) | z_mean: 0.139 | z_std: 5.008 | lr: 0.000084
  New best model at epoch 352 (val: -2006.5742)
Epoch  353/1000 | train: -2077.3599 (-3.8227 bpd) | val: -2009.4393 (-3.6977 bpd) | z_mean: 0.146 | z_std: 5.745 | lr: 0.000084
  New best model at epoch 353 (val: -2009.4393)
Epoch  354/1000 | train: -2078.2236 (-3.8243 bpd) | val: -2004.8734 (-3.6893 bpd) | z_mean: 0.118 | z_std: 5.402 | lr: 0.000084
Epoch  355/1000 | train: -2080.2019 (-3.8279 bpd) | val: -2013.0038 (-3.7043 bpd) | z_mean: 0.107 | z_std: 4.941 | lr: 0.000084
  New best model at epoch 355 (val: -2013.0038)
Epoch  356/1000 | train: -2082.9042 (-3.8329 bpd) | val: -2012.6186 (-3.7036 bpd) | z_mean: 0.172 | z_std: 6.394 | lr: 0.000084
Epoch  357/1000 | train: -2083.6064 (-3.8342 bpd) | val: -2008.1547 (-3.6954 bpd) | z_mean: 0.208 | z_std: 7.382 | lr: 0.000084
Epoch  358/1000 | train: -2085.4831 (-3.8376 bpd) | val: -2013.0175 (-3.7043 bpd) | z_mean: 0.127 | z_std: 5.581 | lr: 0.000084
  New best model at epoch 358 (val: -2013.0175)
Epoch  359/1000 | train: -2087.0640 (-3.8406 bpd) | val: -2013.4316 (-3.7051 bpd) | z_mean: 0.143 | z_std: 5.134 | lr: 0.000084
  New best model at epoch 359 (val: -2013.4316)
Epoch  360/1000 | train: -2089.0886 (-3.8443 bpd) | val: -2016.2081 (-3.7102 bpd) | z_mean: 0.065 | z_std: 4.365 | lr: 0.000084
  New best model at epoch 360 (val: -2016.2081)
Epoch  361/1000 | train: -2091.2183 (-3.8482 bpd) | val: -2018.4858 (-3.7144 bpd) | z_mean: 0.113 | z_std: 5.119 | lr: 0.000083
  New best model at epoch 361 (val: -2018.4858)
Epoch  362/1000 | train: -2092.6485 (-3.8508 bpd) | val: -2020.2468 (-3.7176 bpd) | z_mean: 0.142 | z_std: 5.673 | lr: 0.000083
  New best model at epoch 362 (val: -2020.2468)
Epoch  363/1000 | train: -2094.2335 (-3.8538 bpd) | val: -2019.9054 (-3.7170 bpd) | z_mean: 0.120 | z_std: 5.291 | lr: 0.000083
Epoch  364/1000 | train: -2096.2072 (-3.8574 bpd) | val: -2019.9739 (-3.7171 bpd) | z_mean: 0.153 | z_std: 6.179 | lr: 0.000083
Epoch  365/1000 | train: -2097.9119 (-3.8605 bpd) | val: -2024.3762 (-3.7252 bpd) | z_mean: 0.134 | z_std: 5.938 | lr: 0.000083
  New best model at epoch 365 (val: -2024.3762)
Epoch  366/1000 | train: -2099.8130 (-3.8640 bpd) | val: -2020.1610 (-3.7174 bpd) | z_mean: 0.136 | z_std: 5.799 | lr: 0.000083
Epoch  367/1000 | train: -2100.7352 (-3.8657 bpd) | val: -2020.7723 (-3.7186 bpd) | z_mean: 0.102 | z_std: 5.211 | lr: 0.000083
Epoch  368/1000 | train: -2102.6100 (-3.8692 bpd) | val: -2024.5131 (-3.7255 bpd) | z_mean: 0.168 | z_std: 6.861 | lr: 0.000083
  New best model at epoch 368 (val: -2024.5131)
Epoch  369/1000 | train: -2103.9850 (-3.8717 bpd) | val: -2027.2520 (-3.7305 bpd) | z_mean: 0.124 | z_std: 5.125 | lr: 0.000083
  New best model at epoch 369 (val: -2027.2520)
Epoch  370/1000 | train: -2105.8902 (-3.8752 bpd) | val: -2027.4168 (-3.7308 bpd) | z_mean: 0.122 | z_std: 5.885 | lr: 0.000083
  New best model at epoch 370 (val: -2027.4168)
Epoch  371/1000 | train: -2106.8982 (-3.8771 bpd) | val: -2031.4438 (-3.7382 bpd) | z_mean: 0.158 | z_std: 6.462 | lr: 0.000083
  New best model at epoch 371 (val: -2031.4438)
Epoch  372/1000 | train: -2109.2050 (-3.8813 bpd) | val: -2026.7011 (-3.7295 bpd) | z_mean: 0.114 | z_std: 6.121 | lr: 0.000083
Epoch  373/1000 | train: -2110.3734 (-3.8835 bpd) | val: -2036.4833 (-3.7475 bpd) | z_mean: 0.177 | z_std: 6.154 | lr: 0.000083
  New best model at epoch 373 (val: -2036.4833)
Epoch  374/1000 | train: -2112.0707 (-3.8866 bpd) | val: -2032.9663 (-3.7410 bpd) | z_mean: 0.134 | z_std: 6.049 | lr: 0.000083
Epoch  375/1000 | train: -2113.8774 (-3.8899 bpd) | val: -2032.4398 (-3.7400 bpd) | z_mean: 0.139 | z_std: 5.609 | lr: 0.000083
Epoch  376/1000 | train: -2114.8816 (-3.8917 bpd) | val: -2035.8388 (-3.7463 bpd) | z_mean: 0.120 | z_std: 5.288 | lr: 0.000083
Epoch  377/1000 | train: -2115.3866 (-3.8927 bpd) | val: -2033.4407 (-3.7419 bpd) | z_mean: 0.189 | z_std: 7.340 | lr: 0.000083
Epoch  378/1000 | train: -2117.9541 (-3.8974 bpd) | val: -2033.3183 (-3.7417 bpd) | z_mean: 0.140 | z_std: 6.007 | lr: 0.000083
Epoch  379/1000 | train: -2118.8578 (-3.8991 bpd) | val: -2036.4254 (-3.7474 bpd) | z_mean: 0.099 | z_std: 5.303 | lr: 0.000083
Epoch  380/1000 | train: -2119.8339 (-3.9009 bpd) | val: -2030.4057 (-3.7363 bpd) | z_mean: 0.101 | z_std: 5.645 | lr: 0.000083
Epoch  381/1000 | train: -2121.3094 (-3.9036 bpd) | val: -2032.9642 (-3.7410 bpd) | z_mean: 0.145 | z_std: 6.690 | lr: 0.000083
Epoch  382/1000 | train: -2121.8516 (-3.9046 bpd) | val: -2042.0136 (-3.7577 bpd) | z_mean: 0.121 | z_std: 6.067 | lr: 0.000083
  New best model at epoch 382 (val: -2042.0136)
Epoch  383/1000 | train: -2125.1323 (-3.9106 bpd) | val: -2038.5830 (-3.7513 bpd) | z_mean: 0.192 | z_std: 6.862 | lr: 0.000083
Epoch  384/1000 | train: -2125.2254 (-3.9108 bpd) | val: -2040.2276 (-3.7544 bpd) | z_mean: 0.112 | z_std: 5.062 | lr: 0.000083
Epoch  385/1000 | train: -2126.8439 (-3.9138 bpd) | val: -2038.8869 (-3.7519 bpd) | z_mean: 0.065 | z_std: 3.928 | lr: 0.000082
Epoch  386/1000 | train: -2127.8488 (-3.9156 bpd) | val: -2042.1487 (-3.7579 bpd) | z_mean: 0.150 | z_std: 7.051 | lr: 0.000082
  New best model at epoch 386 (val: -2042.1487)
Epoch  387/1000 | train: -2130.1938 (-3.9199 bpd) | val: -2042.7055 (-3.7589 bpd) | z_mean: 0.132 | z_std: 6.256 | lr: 0.000082
  New best model at epoch 387 (val: -2042.7055)
Epoch  388/1000 | train: -2131.0676 (-3.9215 bpd) | val: -2045.2969 (-3.7637 bpd) | z_mean: 0.135 | z_std: 6.573 | lr: 0.000082
  New best model at epoch 388 (val: -2045.2969)
Epoch  389/1000 | train: -2131.4434 (-3.9222 bpd) | val: -2040.7810 (-3.7554 bpd) | z_mean: 0.132 | z_std: 5.791 | lr: 0.000082
Epoch  390/1000 | train: -2131.7830 (-3.9228 bpd) | val: -2041.2051 (-3.7562 bpd) | z_mean: 0.108 | z_std: 6.453 | lr: 0.000082
Epoch  391/1000 | train: -2134.3059 (-3.9275 bpd) | val: -2043.7540 (-3.7609 bpd) | z_mean: 0.111 | z_std: 5.849 | lr: 0.000082
Epoch  392/1000 | train: -2135.0286 (-3.9288 bpd) | val: -2048.4086 (-3.7694 bpd) | z_mean: 0.132 | z_std: 6.581 | lr: 0.000082
  New best model at epoch 392 (val: -2048.4086)
Epoch  393/1000 | train: -2135.2019 (-3.9291 bpd) | val: -2049.4982 (-3.7714 bpd) | z_mean: 0.119 | z_std: 5.719 | lr: 0.000082
  New best model at epoch 393 (val: -2049.4982)
Epoch  394/1000 | train: -2136.9623 (-3.9324 bpd) | val: -2051.1426 (-3.7745 bpd) | z_mean: 0.138 | z_std: 7.014 | lr: 0.000082
  New best model at epoch 394 (val: -2051.1426)
Epoch  395/1000 | train: -2138.3415 (-3.9349 bpd) | val: -2043.3322 (-3.7601 bpd) | z_mean: 0.103 | z_std: 5.044 | lr: 0.000082
Epoch  396/1000 | train: -2140.2078 (-3.9384 bpd) | val: -2052.1857 (-3.7764 bpd) | z_mean: 0.137 | z_std: 6.012 | lr: 0.000082
  New best model at epoch 396 (val: -2052.1857)
Epoch  397/1000 | train: -2139.4974 (-3.9370 bpd) | val: -2045.5194 (-3.7641 bpd) | z_mean: 0.088 | z_std: 5.102 | lr: 0.000082
Epoch  398/1000 | train: -2141.0145 (-3.9398 bpd) | val: -2046.3332 (-3.7656 bpd) | z_mean: 0.091 | z_std: 6.092 | lr: 0.000082
Epoch  399/1000 | train: -2141.8787 (-3.9414 bpd) | val: -2052.8650 (-3.7776 bpd) | z_mean: 0.147 | z_std: 6.454 | lr: 0.000082
  New best model at epoch 399 (val: -2052.8650)
Epoch  400/1000 | train: -2143.6821 (-3.9447 bpd) | val: -2049.1708 (-3.7708 bpd) | z_mean: 0.110 | z_std: 5.441 | lr: 0.000082
Epoch  401/1000 | train: -2144.5246 (-3.9463 bpd) | val: -2050.3238 (-3.7729 bpd) | z_mean: 0.154 | z_std: 6.423 | lr: 0.000082
Epoch  402/1000 | train: -2146.0930 (-3.9492 bpd) | val: -2046.1329 (-3.7652 bpd) | z_mean: 0.168 | z_std: 6.345 | lr: 0.000082
Epoch  403/1000 | train: -2146.8326 (-3.9505 bpd) | val: -2051.5604 (-3.7752 bpd) | z_mean: 0.116 | z_std: 6.367 | lr: 0.000082
Epoch  404/1000 | train: -2146.9922 (-3.9508 bpd) | val: -2054.8293 (-3.7812 bpd) | z_mean: 0.130 | z_std: 7.512 | lr: 0.000082
  New best model at epoch 404 (val: -2054.8293)
Epoch  405/1000 | train: -2148.1598 (-3.9530 bpd) | val: -2057.8450 (-3.7868 bpd) | z_mean: 0.116 | z_std: 6.493 | lr: 0.000082
  New best model at epoch 405 (val: -2057.8450)
Epoch  406/1000 | train: -2149.0876 (-3.9547 bpd) | val: -2054.1546 (-3.7800 bpd) | z_mean: 0.184 | z_std: 6.372 | lr: 0.000082
Epoch  407/1000 | train: -2150.7782 (-3.9578 bpd) | val: -2050.6050 (-3.7735 bpd) | z_mean: 0.192 | z_std: 6.928 | lr: 0.000082
Epoch  408/1000 | train: -2151.6545 (-3.9594 bpd) | val: -2055.2351 (-3.7820 bpd) | z_mean: 0.108 | z_std: 6.200 | lr: 0.000082
Epoch  409/1000 | train: -2153.0340 (-3.9620 bpd) | val: -2056.1343 (-3.7836 bpd) | z_mean: 0.114 | z_std: 5.330 | lr: 0.000082
Epoch  410/1000 | train: -2153.3463 (-3.9625 bpd) | val: -2059.9529 (-3.7907 bpd) | z_mean: 0.147 | z_std: 6.043 | lr: 0.000081
  New best model at epoch 410 (val: -2059.9529)
Epoch  411/1000 | train: -2154.7356 (-3.9651 bpd) | val: -2057.4681 (-3.7861 bpd) | z_mean: 0.118 | z_std: 6.268 | lr: 0.000081
Epoch  412/1000 | train: -2155.4728 (-3.9664 bpd) | val: -2053.1043 (-3.7781 bpd) | z_mean: 0.088 | z_std: 5.556 | lr: 0.000081
Epoch  413/1000 | train: -2156.1027 (-3.9676 bpd) | val: -2057.9309 (-3.7869 bpd) | z_mean: 0.175 | z_std: 7.032 | lr: 0.000081
Epoch  414/1000 | train: -2156.9122 (-3.9691 bpd) | val: -2059.0567 (-3.7890 bpd) | z_mean: 0.120 | z_std: 4.973 | lr: 0.000081
Epoch  415/1000 | train: -2158.1567 (-3.9714 bpd) | val: -2054.6430 (-3.7809 bpd) | z_mean: 0.159 | z_std: 6.856 | lr: 0.000081
Epoch  416/1000 | train: -2158.7663 (-3.9725 bpd) | val: -2058.8215 (-3.7886 bpd) | z_mean: 0.141 | z_std: 6.923 | lr: 0.000081
Epoch  417/1000 | train: -2159.9577 (-3.9747 bpd) | val: -2055.2698 (-3.7821 bpd) | z_mean: 0.158 | z_std: 7.329 | lr: 0.000081
Epoch  418/1000 | train: -2161.2937 (-3.9772 bpd) | val: -2061.1773 (-3.7929 bpd) | z_mean: 0.127 | z_std: 6.758 | lr: 0.000081
  New best model at epoch 418 (val: -2061.1773)
Epoch  419/1000 | train: -2162.8996 (-3.9801 bpd) | val: -2060.8752 (-3.7924 bpd) | z_mean: 0.131 | z_std: 5.388 | lr: 0.000081
Epoch  420/1000 | train: -2162.7403 (-3.9798 bpd) | val: -2063.7127 (-3.7976 bpd) | z_mean: 0.118 | z_std: 8.038 | lr: 0.000081
  New best model at epoch 420 (val: -2063.7127)
Epoch  421/1000 | train: -2162.6912 (-3.9797 bpd) | val: -2063.3977 (-3.7970 bpd) | z_mean: 0.107 | z_std: 5.547 | lr: 0.000081
Epoch  422/1000 | train: -2163.6880 (-3.9816 bpd) | val: -2058.9847 (-3.7889 bpd) | z_mean: 0.082 | z_std: 5.436 | lr: 0.000081
Epoch  423/1000 | train: -2165.4498 (-3.9848 bpd) | val: -2063.3969 (-3.7970 bpd) | z_mean: 0.172 | z_std: 6.626 | lr: 0.000081
Epoch  424/1000 | train: -2164.4514 (-3.9830 bpd) | val: -2061.6006 (-3.7937 bpd) | z_mean: 0.085 | z_std: 4.584 | lr: 0.000081
Epoch  425/1000 | train: -2166.1323 (-3.9861 bpd) | val: -2066.7204 (-3.8031 bpd) | z_mean: 0.114 | z_std: 6.600 | lr: 0.000081
  New best model at epoch 425 (val: -2066.7204)
Epoch  426/1000 | train: -2167.6747 (-3.9889 bpd) | val: -2063.4276 (-3.7971 bpd) | z_mean: 0.133 | z_std: 7.827 | lr: 0.000081
Epoch  427/1000 | train: -2168.6526 (-3.9907 bpd) | val: -2060.6876 (-3.7920 bpd) | z_mean: 0.107 | z_std: 5.071 | lr: 0.000081
Epoch  428/1000 | train: -2168.1061 (-3.9897 bpd) | val: -2060.6749 (-3.7920 bpd) | z_mean: 0.075 | z_std: 6.413 | lr: 0.000081
Epoch  429/1000 | train: -2170.2278 (-3.9936 bpd) | val: -2063.6661 (-3.7975 bpd) | z_mean: 0.164 | z_std: 7.847 | lr: 0.000081
Epoch  430/1000 | train: -2170.6415 (-3.9944 bpd) | val: -2064.4038 (-3.7989 bpd) | z_mean: 0.163 | z_std: 7.008 | lr: 0.000081
Epoch  431/1000 | train: -2171.2644 (-3.9955 bpd) | val: -2064.2802 (-3.7986 bpd) | z_mean: 0.127 | z_std: 6.399 | lr: 0.000081
Epoch  432/1000 | train: -2173.3188 (-3.9993 bpd) | val: -2065.4251 (-3.8007 bpd) | z_mean: 0.138 | z_std: 7.371 | lr: 0.000081
Epoch  433/1000 | train: -2173.8129 (-4.0002 bpd) | val: -2066.9558 (-3.8036 bpd) | z_mean: 0.139 | z_std: 6.418 | lr: 0.000081
  New best model at epoch 433 (val: -2066.9558)
Epoch  434/1000 | train: -2173.9491 (-4.0004 bpd) | val: -2066.2824 (-3.8023 bpd) | z_mean: 0.048 | z_std: 4.719 | lr: 0.000080
Epoch  435/1000 | train: -2174.8778 (-4.0021 bpd) | val: -2062.0931 (-3.7946 bpd) | z_mean: 0.079 | z_std: 5.098 | lr: 0.000080
Epoch  436/1000 | train: -2175.8627 (-4.0040 bpd) | val: -2066.7986 (-3.8033 bpd) | z_mean: 0.122 | z_std: 5.973 | lr: 0.000080
Epoch  437/1000 | train: -2177.4983 (-4.0070 bpd) | val: -2065.1607 (-3.8003 bpd) | z_mean: 0.063 | z_std: 5.154 | lr: 0.000080
Epoch  438/1000 | train: -2177.4891 (-4.0070 bpd) | val: -2065.9679 (-3.8017 bpd) | z_mean: 0.123 | z_std: 6.986 | lr: 0.000080
Epoch  439/1000 | train: -2177.9429 (-4.0078 bpd) | val: -2066.2596 (-3.8023 bpd) | z_mean: 0.144 | z_std: 6.893 | lr: 0.000080
Epoch  440/1000 | train: -2179.4203 (-4.0105 bpd) | val: -2065.7982 (-3.8014 bpd) | z_mean: 0.152 | z_std: 7.181 | lr: 0.000080
Epoch  441/1000 | train: -2180.2803 (-4.0121 bpd) | val: -2068.0864 (-3.8056 bpd) | z_mean: 0.094 | z_std: 6.325 | lr: 0.000080
  New best model at epoch 441 (val: -2068.0864)
Epoch  442/1000 | train: -2180.7124 (-4.0129 bpd) | val: -2069.5204 (-3.8083 bpd) | z_mean: 0.174 | z_std: 6.899 | lr: 0.000080
  New best model at epoch 442 (val: -2069.5204)
Epoch  443/1000 | train: -2180.7240 (-4.0129 bpd) | val: -2067.9869 (-3.8055 bpd) | z_mean: 0.124 | z_std: 6.185 | lr: 0.000080
Epoch  444/1000 | train: -2182.7059 (-4.0166 bpd) | val: -2067.3773 (-3.8043 bpd) | z_mean: 0.091 | z_std: 6.497 | lr: 0.000080
Epoch  445/1000 | train: -2182.9772 (-4.0171 bpd) | val: -2070.0329 (-3.8092 bpd) | z_mean: 0.169 | z_std: 7.012 | lr: 0.000080
  New best model at epoch 445 (val: -2070.0329)
Epoch  446/1000 | train: -2183.4607 (-4.0179 bpd) | val: -2071.1105 (-3.8112 bpd) | z_mean: 0.138 | z_std: 6.683 | lr: 0.000080
  New best model at epoch 446 (val: -2071.1105)
Epoch  447/1000 | train: -2184.8082 (-4.0204 bpd) | val: -2067.0498 (-3.8037 bpd) | z_mean: 0.131 | z_std: 6.151 | lr: 0.000080
Epoch  448/1000 | train: -2185.5052 (-4.0217 bpd) | val: -2067.9505 (-3.8054 bpd) | z_mean: 0.130 | z_std: 6.421 | lr: 0.000080
Epoch  449/1000 | train: -2185.9704 (-4.0226 bpd) | val: -2068.6951 (-3.8068 bpd) | z_mean: 0.131 | z_std: 6.369 | lr: 0.000080
Epoch  450/1000 | train: -2186.4677 (-4.0235 bpd) | val: -2069.4793 (-3.8082 bpd) | z_mean: 0.129 | z_std: 5.518 | lr: 0.000080
Epoch  451/1000 | train: -2187.0174 (-4.0245 bpd) | val: -2069.4526 (-3.8081 bpd) | z_mean: 0.147 | z_std: 6.814 | lr: 0.000080
Epoch  452/1000 | train: -2188.7300 (-4.0276 bpd) | val: -2069.7302 (-3.8087 bpd) | z_mean: 0.074 | z_std: 4.210 | lr: 0.000080
Epoch  453/1000 | train: -2188.8972 (-4.0279 bpd) | val: -2071.7413 (-3.8124 bpd) | z_mean: 0.116 | z_std: 7.086 | lr: 0.000080
  New best model at epoch 453 (val: -2071.7413)
Epoch  454/1000 | train: -2189.1047 (-4.0283 bpd) | val: -2070.4731 (-3.8100 bpd) | z_mean: 0.105 | z_std: 6.313 | lr: 0.000080
Epoch  455/1000 | train: -2190.3735 (-4.0307 bpd) | val: -2069.3578 (-3.8080 bpd) | z_mean: 0.103 | z_std: 5.480 | lr: 0.000080
Epoch  456/1000 | train: -2191.6337 (-4.0330 bpd) | val: -2065.9780 (-3.8018 bpd) | z_mean: 0.177 | z_std: 8.475 | lr: 0.000080
Epoch  457/1000 | train: -2191.6609 (-4.0330 bpd) | val: -2069.7339 (-3.8087 bpd) | z_mean: 0.096 | z_std: 5.054 | lr: 0.000080
Epoch  458/1000 | train: -2192.6151 (-4.0348 bpd) | val: -2072.1071 (-3.8130 bpd) | z_mean: 0.148 | z_std: 7.336 | lr: 0.000080
  New best model at epoch 458 (val: -2072.1071)
Epoch  459/1000 | train: -2193.5239 (-4.0365 bpd) | val: -2071.2590 (-3.8115 bpd) | z_mean: 0.115 | z_std: 6.011 | lr: 0.000079
Epoch  460/1000 | train: -2194.5624 (-4.0384 bpd) | val: -2072.2321 (-3.8133 bpd) | z_mean: 0.118 | z_std: 6.447 | lr: 0.000079
  New best model at epoch 460 (val: -2072.2321)
Epoch  461/1000 | train: -2195.7481 (-4.0406 bpd) | val: -2070.3113 (-3.8097 bpd) | z_mean: 0.119 | z_std: 7.248 | lr: 0.000079
Epoch  462/1000 | train: -2196.1045 (-4.0412 bpd) | val: -2073.7489 (-3.8161 bpd) | z_mean: 0.189 | z_std: 7.426 | lr: 0.000079
  New best model at epoch 462 (val: -2073.7489)
Epoch  463/1000 | train: -2196.2296 (-4.0414 bpd) | val: -2068.9740 (-3.8073 bpd) | z_mean: 0.113 | z_std: 7.726 | lr: 0.000079
Epoch  464/1000 | train: -2197.3859 (-4.0436 bpd) | val: -2072.4790 (-3.8137 bpd) | z_mean: 0.117 | z_std: 7.465 | lr: 0.000079
Epoch  465/1000 | train: -2197.8979 (-4.0445 bpd) | val: -2071.7232 (-3.8123 bpd) | z_mean: 0.152 | z_std: 8.172 | lr: 0.000079
Epoch  466/1000 | train: -2197.6554 (-4.0441 bpd) | val: -2074.8535 (-3.8181 bpd) | z_mean: 0.115 | z_std: 6.024 | lr: 0.000079
  New best model at epoch 466 (val: -2074.8535)
Epoch  467/1000 | train: -2199.8336 (-4.0481 bpd) | val: -2072.2915 (-3.8134 bpd) | z_mean: 0.150 | z_std: 7.336 | lr: 0.000079
Epoch  468/1000 | train: -2199.8956 (-4.0482 bpd) | val: -2072.0820 (-3.8130 bpd) | z_mean: 0.134 | z_std: 4.889 | lr: 0.000079
Epoch  469/1000 | train: -2199.8179 (-4.0480 bpd) | val: -2071.8373 (-3.8125 bpd) | z_mean: 0.115 | z_std: 8.201 | lr: 0.000079
Epoch  470/1000 | train: -2200.4021 (-4.0491 bpd) | val: -2069.8659 (-3.8089 bpd) | z_mean: 0.174 | z_std: 7.716 | lr: 0.000079
Epoch  471/1000 | train: -2201.6975 (-4.0515 bpd) | val: -2071.7027 (-3.8123 bpd) | z_mean: 0.109 | z_std: 5.766 | lr: 0.000079
Epoch  472/1000 | train: -2202.2217 (-4.0525 bpd) | val: -2070.3572 (-3.8098 bpd) | z_mean: 0.161 | z_std: 7.141 | lr: 0.000079
Epoch  473/1000 | train: -2203.0264 (-4.0539 bpd) | val: -2074.4047 (-3.8173 bpd) | z_mean: 0.143 | z_std: 8.214 | lr: 0.000079
Epoch  474/1000 | train: -2203.3477 (-4.0545 bpd) | val: -2069.9723 (-3.8091 bpd) | z_mean: 0.156 | z_std: 7.799 | lr: 0.000079
Epoch  475/1000 | train: -2204.5767 (-4.0568 bpd) | val: -2076.3752 (-3.8209 bpd) | z_mean: 0.118 | z_std: 7.735 | lr: 0.000079
  New best model at epoch 475 (val: -2076.3752)
Epoch  476/1000 | train: -2205.3366 (-4.0582 bpd) | val: -2068.0975 (-3.8057 bpd) | z_mean: 0.088 | z_std: 5.267 | lr: 0.000079
Epoch  477/1000 | train: -2206.9826 (-4.0612 bpd) | val: -2070.6632 (-3.8104 bpd) | z_mean: 0.097 | z_std: 5.511 | lr: 0.000079
Epoch  478/1000 | train: -2206.9359 (-4.0611 bpd) | val: -2069.5457 (-3.8083 bpd) | z_mean: 0.077 | z_std: 5.867 | lr: 0.000079
Epoch  479/1000 | train: -2207.9192 (-4.0630 bpd) | val: -2074.2487 (-3.8170 bpd) | z_mean: 0.180 | z_std: 8.334 | lr: 0.000079
Epoch  480/1000 | train: -2208.7134 (-4.0644 bpd) | val: -2074.4210 (-3.8173 bpd) | z_mean: 0.101 | z_std: 5.807 | lr: 0.000079
Epoch  481/1000 | train: -2207.9628 (-4.0630 bpd) | val: -2073.4322 (-3.8155 bpd) | z_mean: 0.112 | z_std: 6.951 | lr: 0.000079
Epoch  482/1000 | train: -2209.9805 (-4.0667 bpd) | val: -2076.6203 (-3.8213 bpd) | z_mean: 0.201 | z_std: 7.405 | lr: 0.000079
  New best model at epoch 482 (val: -2076.6203)
Epoch  483/1000 | train: -2210.3153 (-4.0674 bpd) | val: -2076.4689 (-3.8211 bpd) | z_mean: 0.112 | z_std: 6.521 | lr: 0.000079
Epoch  484/1000 | train: -2211.1679 (-4.0689 bpd) | val: -2077.4142 (-3.8228 bpd) | z_mean: 0.176 | z_std: 7.892 | lr: 0.000079
  New best model at epoch 484 (val: -2077.4142)
Epoch  485/1000 | train: -2212.2622 (-4.0709 bpd) | val: -2072.5699 (-3.8139 bpd) | z_mean: 0.129 | z_std: 6.479 | lr: 0.000078
Epoch  486/1000 | train: -2212.3576 (-4.0711 bpd) | val: -2071.0077 (-3.8110 bpd) | z_mean: 0.117 | z_std: 7.180 | lr: 0.000078
Epoch  487/1000 | train: -2212.2280 (-4.0709 bpd) | val: -2073.4916 (-3.8156 bpd) | z_mean: 0.153 | z_std: 6.922 | lr: 0.000078
Epoch  488/1000 | train: -2214.1342 (-4.0744 bpd) | val: -2070.9810 (-3.8110 bpd) | z_mean: 0.111 | z_std: 5.908 | lr: 0.000078
Epoch  489/1000 | train: -2214.5966 (-4.0752 bpd) | val: -2072.5864 (-3.8139 bpd) | z_mean: 0.119 | z_std: 6.452 | lr: 0.000078
Epoch  490/1000 | train: -2214.8252 (-4.0757 bpd) | val: -2073.5201 (-3.8156 bpd) | z_mean: 0.121 | z_std: 5.847 | lr: 0.000078
Epoch  491/1000 | train: -2216.0161 (-4.0779 bpd) | val: -2073.6754 (-3.8159 bpd) | z_mean: 0.128 | z_std: 6.887 | lr: 0.000078
Epoch  492/1000 | train: -2216.1778 (-4.0781 bpd) | val: -2074.6610 (-3.8177 bpd) | z_mean: 0.132 | z_std: 6.391 | lr: 0.000078
Epoch  493/1000 | train: -2216.7065 (-4.0791 bpd) | val: -2068.3536 (-3.8061 bpd) | z_mean: 0.125 | z_std: 7.145 | lr: 0.000078
Epoch  494/1000 | train: -2217.6973 (-4.0809 bpd) | val: -2077.1727 (-3.8224 bpd) | z_mean: 0.142 | z_std: 6.579 | lr: 0.000078
Epoch  495/1000 | train: -2218.4527 (-4.0823 bpd) | val: -2075.1012 (-3.8185 bpd) | z_mean: 0.143 | z_std: 7.885 | lr: 0.000078
Epoch  496/1000 | train: -2218.8864 (-4.0831 bpd) | val: -2076.4148 (-3.8210 bpd) | z_mean: 0.188 | z_std: 7.954 | lr: 0.000078
Epoch  497/1000 | train: -2218.9120 (-4.0832 bpd) | val: -2077.4765 (-3.8229 bpd) | z_mean: 0.164 | z_std: 6.108 | lr: 0.000078
  New best model at epoch 497 (val: -2077.4765)
Epoch  498/1000 | train: -2219.9428 (-4.0851 bpd) | val: -2075.6753 (-3.8196 bpd) | z_mean: 0.117 | z_std: 6.059 | lr: 0.000078
Epoch  499/1000 | train: -2220.7157 (-4.0865 bpd) | val: -2078.5350 (-3.8249 bpd) | z_mean: 0.117 | z_std: 5.862 | lr: 0.000078
  New best model at epoch 499 (val: -2078.5350)
Epoch  500/1000 | train: -2221.9734 (-4.0888 bpd) | val: -2072.3333 (-3.8135 bpd) | z_mean: 0.210 | z_std: 9.496 | lr: 0.000078
Epoch  501/1000 | train: -2222.2480 (-4.0893 bpd) | val: -2074.2423 (-3.8170 bpd) | z_mean: 0.170 | z_std: 8.186 | lr: 0.000078
Epoch  502/1000 | train: -2222.6907 (-4.0901 bpd) | val: -2077.6949 (-3.8233 bpd) | z_mean: 0.195 | z_std: 8.878 | lr: 0.000078
Epoch  503/1000 | train: -2223.3447 (-4.0913 bpd) | val: -2073.0813 (-3.8148 bpd) | z_mean: 0.130 | z_std: 6.066 | lr: 0.000078
Epoch  504/1000 | train: -2224.6886 (-4.0938 bpd) | val: -2079.0680 (-3.8258 bpd) | z_mean: 0.095 | z_std: 7.890 | lr: 0.000078
  New best model at epoch 504 (val: -2079.0680)
Epoch  505/1000 | train: -2223.8812 (-4.0923 bpd) | val: -2076.2602 (-3.8207 bpd) | z_mean: 0.150 | z_std: 6.673 | lr: 0.000078
Epoch  506/1000 | train: -2226.4229 (-4.0970 bpd) | val: -2073.5662 (-3.8157 bpd) | z_mean: 0.117 | z_std: 6.801 | lr: 0.000078
Epoch  507/1000 | train: -2225.8256 (-4.0959 bpd) | val: -2077.1468 (-3.8223 bpd) | z_mean: 0.116 | z_std: 5.779 | lr: 0.000078
Epoch  508/1000 | train: -2226.8218 (-4.0977 bpd) | val: -2071.1722 (-3.8113 bpd) | z_mean: 0.110 | z_std: 5.967 | lr: 0.000078
Epoch  509/1000 | train: -2227.3904 (-4.0988 bpd) | val: -2077.5636 (-3.8231 bpd) | z_mean: 0.126 | z_std: 6.816 | lr: 0.000078
Epoch  510/1000 | train: -2227.4933 (-4.0990 bpd) | val: -2077.6411 (-3.8232 bpd) | z_mean: 0.166 | z_std: 7.185 | lr: 0.000077
Epoch  511/1000 | train: -2228.9162 (-4.1016 bpd) | val: -2074.2216 (-3.8169 bpd) | z_mean: 0.122 | z_std: 8.103 | lr: 0.000077
Epoch  512/1000 | train: -2230.5258 (-4.1046 bpd) | val: -2076.0039 (-3.8202 bpd) | z_mean: 0.117 | z_std: 7.745 | lr: 0.000077
Epoch  513/1000 | train: -2229.9935 (-4.1036 bpd) | val: -2072.9990 (-3.8147 bpd) | z_mean: 0.141 | z_std: 8.412 | lr: 0.000077
Epoch  514/1000 | train: -2230.8978 (-4.1052 bpd) | val: -2073.4352 (-3.8155 bpd) | z_mean: 0.110 | z_std: 6.213 | lr: 0.000077
Epoch  515/1000 | train: -2232.2938 (-4.1078 bpd) | val: -2075.0333 (-3.8184 bpd) | z_mean: 0.138 | z_std: 7.295 | lr: 0.000077
Epoch  516/1000 | train: -2232.6771 (-4.1085 bpd) | val: -2076.0605 (-3.8203 bpd) | z_mean: 0.130 | z_std: 5.804 | lr: 0.000077
Epoch  517/1000 | train: -2231.8097 (-4.1069 bpd) | val: -2074.9851 (-3.8183 bpd) | z_mean: 0.133 | z_std: 8.990 | lr: 0.000077
Epoch  518/1000 | train: -2231.9585 (-4.1072 bpd) | val: -2075.7512 (-3.8197 bpd) | z_mean: 0.145 | z_std: 6.207 | lr: 0.000077
Epoch  519/1000 | train: -2232.9306 (-4.1090 bpd) | val: -2078.0437 (-3.8240 bpd) | z_mean: 0.063 | z_std: 5.427 | lr: 0.000077
Epoch  520/1000 | train: -2235.8902 (-4.1144 bpd) | val: -2077.0888 (-3.8222 bpd) | z_mean: 0.151 | z_std: 7.162 | lr: 0.000077
Epoch  521/1000 | train: -2235.2720 (-4.1133 bpd) | val: -2077.0777 (-3.8222 bpd) | z_mean: 0.119 | z_std: 5.750 | lr: 0.000077
Epoch  522/1000 | train: -2234.5853 (-4.1120 bpd) | val: -2077.9320 (-3.8238 bpd) | z_mean: 0.118 | z_std: 7.357 | lr: 0.000077
Epoch  523/1000 | train: -2235.7674 (-4.1142 bpd) | val: -2075.1280 (-3.8186 bpd) | z_mean: 0.104 | z_std: 6.203 | lr: 0.000077
Epoch  524/1000 | train: -2237.1962 (-4.1168 bpd) | val: -2075.8538 (-3.8199 bpd) | z_mean: 0.064 | z_std: 5.303 | lr: 0.000077
Epoch  525/1000 | train: -2238.2091 (-4.1187 bpd) | val: -2079.4533 (-3.8266 bpd) | z_mean: 0.153 | z_std: 7.446 | lr: 0.000077
  New best model at epoch 525 (val: -2079.4533)
Epoch  526/1000 | train: -2238.3561 (-4.1190 bpd) | val: -2077.8013 (-3.8235 bpd) | z_mean: 0.129 | z_std: 5.735 | lr: 0.000077
Epoch  527/1000 | train: -2239.2644 (-4.1206 bpd) | val: -2078.6848 (-3.8251 bpd) | z_mean: 0.084 | z_std: 5.197 | lr: 0.000077
Epoch  528/1000 | train: -2239.9693 (-4.1219 bpd) | val: -2080.0384 (-3.8276 bpd) | z_mean: 0.110 | z_std: 6.562 | lr: 0.000077
  New best model at epoch 528 (val: -2080.0384)
Epoch  529/1000 | train: -2239.0471 (-4.1202 bpd) | val: -2076.5010 (-3.8211 bpd) | z_mean: 0.115 | z_std: 6.911 | lr: 0.000077
Epoch  530/1000 | train: -2241.0921 (-4.1240 bpd) | val: -2076.9511 (-3.8219 bpd) | z_mean: 0.121 | z_std: 5.980 | lr: 0.000077
Epoch  531/1000 | train: -2240.8749 (-4.1236 bpd) | val: -2072.9745 (-3.8146 bpd) | z_mean: 0.121 | z_std: 6.320 | lr: 0.000077
Epoch  532/1000 | train: -2241.6552 (-4.1250 bpd) | val: -2074.4593 (-3.8174 bpd) | z_mean: 0.110 | z_std: 7.145 | lr: 0.000077
Epoch  533/1000 | train: -2242.7277 (-4.1270 bpd) | val: -2074.2231 (-3.8169 bpd) | z_mean: 0.090 | z_std: 4.650 | lr: 0.000077
Epoch  534/1000 | train: -2243.0562 (-4.1276 bpd) | val: -2078.1234 (-3.8241 bpd) | z_mean: 0.115 | z_std: 4.392 | lr: 0.000077
Epoch  535/1000 | train: -2243.3066 (-4.1281 bpd) | val: -2076.7566 (-3.8216 bpd) | z_mean: 0.106 | z_std: 6.860 | lr: 0.000077
Epoch  536/1000 | train: -2243.8323 (-4.1290 bpd) | val: -2076.3686 (-3.8209 bpd) | z_mean: 0.117 | z_std: 7.074 | lr: 0.000076
Epoch  537/1000 | train: -2245.7864 (-4.1326 bpd) | val: -2075.6872 (-3.8196 bpd) | z_mean: 0.147 | z_std: 7.511 | lr: 0.000076
Epoch  538/1000 | train: -2245.5212 (-4.1321 bpd) | val: -2076.7373 (-3.8216 bpd) | z_mean: 0.084 | z_std: 4.794 | lr: 0.000076
Epoch  539/1000 | train: -2245.2919 (-4.1317 bpd) | val: -2079.4641 (-3.8266 bpd) | z_mean: 0.169 | z_std: 7.201 | lr: 0.000076
Epoch  540/1000 | train: -2246.2804 (-4.1335 bpd) | val: -2074.7987 (-3.8180 bpd) | z_mean: 0.166 | z_std: 8.404 | lr: 0.000076
Epoch  541/1000 | train: -2246.9009 (-4.1347 bpd) | val: -2076.6003 (-3.8213 bpd) | z_mean: 0.163 | z_std: 6.835 | lr: 0.000076
Epoch  542/1000 | train: -2247.4214 (-4.1356 bpd) | val: -2073.7190 (-3.8160 bpd) | z_mean: 0.084 | z_std: 6.655 | lr: 0.000076
Epoch  543/1000 | train: -2248.1531 (-4.1370 bpd) | val: -2073.3690 (-3.8154 bpd) | z_mean: 0.091 | z_std: 7.202 | lr: 0.000076
Epoch  544/1000 | train: -2248.9852 (-4.1385 bpd) | val: -2076.1113 (-3.8204 bpd) | z_mean: 0.187 | z_std: 9.104 | lr: 0.000076
Epoch  545/1000 | train: -2248.8232 (-4.1382 bpd) | val: -2078.3227 (-3.8245 bpd) | z_mean: 0.115 | z_std: 4.727 | lr: 0.000076
Epoch  546/1000 | train: -2249.7257 (-4.1399 bpd) | val: -2077.7644 (-3.8234 bpd) | z_mean: 0.138 | z_std: 6.924 | lr: 0.000076
Epoch  547/1000 | train: -2250.6083 (-4.1415 bpd) | val: -2075.6390 (-3.8195 bpd) | z_mean: 0.202 | z_std: 8.389 | lr: 0.000076
Epoch  548/1000 | train: -2250.1465 (-4.1407 bpd) | val: -2073.5378 (-3.8157 bpd) | z_mean: 0.033 | z_std: 6.141 | lr: 0.000076
Epoch  549/1000 | train: -2251.3266 (-4.1428 bpd) | val: -2075.4897 (-3.8193 bpd) | z_mean: 0.143 | z_std: 7.398 | lr: 0.000076
Epoch  550/1000 | train: -2252.1971 (-4.1444 bpd) | val: -2077.0685 (-3.8222 bpd) | z_mean: 0.115 | z_std: 6.618 | lr: 0.000076
Epoch  551/1000 | train: -2252.5895 (-4.1452 bpd) | val: -2075.7622 (-3.8198 bpd) | z_mean: 0.063 | z_std: 4.753 | lr: 0.000076
Epoch  552/1000 | train: -2253.2149 (-4.1463 bpd) | val: -2079.2404 (-3.8262 bpd) | z_mean: 0.131 | z_std: 7.596 | lr: 0.000076
Epoch  553/1000 | train: -2254.0576 (-4.1479 bpd) | val: -2076.6933 (-3.8215 bpd) | z_mean: 0.143 | z_std: 6.070 | lr: 0.000076
Epoch  554/1000 | train: -2254.8887 (-4.1494 bpd) | val: -2078.0387 (-3.8239 bpd) | z_mean: 0.157 | z_std: 5.725 | lr: 0.000076
Epoch  555/1000 | train: -2255.9597 (-4.1514 bpd) | val: -2077.6640 (-3.8233 bpd) | z_mean: 0.079 | z_std: 5.126 | lr: 0.000076
Epoch  556/1000 | train: -2255.7971 (-4.1511 bpd) | val: -2073.9234 (-3.8164 bpd) | z_mean: 0.067 | z_std: 5.769 | lr: 0.000076
Epoch  557/1000 | train: -2254.5223 (-4.1487 bpd) | val: -2073.0038 (-3.8147 bpd) | z_mean: 0.121 | z_std: 6.228 | lr: 0.000076
Epoch  558/1000 | train: -2256.7606 (-4.1528 bpd) | val: -2074.6905 (-3.8178 bpd) | z_mean: 0.099 | z_std: 5.696 | lr: 0.000076
Epoch  559/1000 | train: -2257.1209 (-4.1535 bpd) | val: -2078.1327 (-3.8241 bpd) | z_mean: 0.132 | z_std: 7.215 | lr: 0.000076
Epoch  560/1000 | train: -2256.9403 (-4.1532 bpd) | val: -2076.6923 (-3.8215 bpd) | z_mean: 0.084 | z_std: 5.255 | lr: 0.000076
